Component: Arm Compiler for Embedded 6.19 Tool: armlink [5e73cb00]

==============================================================================

Section Cross References

    main.o(.text) refers (Special) to _printf_percent.o(.ARM.Collect$$_printf_percent$$00000000) for _printf_percent
    main.o(.text) refers (Special) to _printf_d.o(.ARM.Collect$$_printf_percent$$00000009) for _printf_d
    main.o(.text) refers (Special) to _printf_f.o(.ARM.Collect$$_printf_percent$$00000003) for _printf_f
    main.o(.text) refers (Special) to _printf_dec.o(.text) for _printf_int_dec
    main.o(.text) refers (Special) to printf1.o(x$fpl$printf1) for _printf_fp_dec
    main.o(.text.getNewIndex) refers (Special) to _printf_percent.o(.ARM.Collect$$_printf_percent$$00000000) for _printf_percent
    main.o(.text.getNewIndex) refers (Special) to _printf_d.o(.ARM.Collect$$_printf_percent$$00000009) for _printf_d
    main.o(.text.getNewIndex) refers (Special) to _printf_f.o(.ARM.Collect$$_printf_percent$$00000003) for _printf_f
    main.o(.text.getNewIndex) refers (Special) to _printf_dec.o(.text) for _printf_int_dec
    main.o(.text.getNewIndex) refers (Special) to printf1.o(x$fpl$printf1) for _printf_fp_dec
    main.o(.text.getNewIndex) refers to main.o(.data.redCWhalf) for redCWhalf
    main.o(.text.getNewIndex) refers to main.o(.data.grayCWhalf) for grayCWhalf
    main.o(.text.getNewIndex) refers to main.o(.data.blackCWhalf) for blackCWhalf
    main.o(.text.getNewIndex) refers to main.o(.data.yellowCWhalf) for yellowCWhalf
    main.o(.text.getNewIndex) refers to main.o(.data.redCCWhalf) for redCCWhalf
    main.o(.text.getNewIndex) refers to main.o(.data.grayCCWhalf) for grayCCWhalf
    main.o(.text.getNewIndex) refers to main.o(.data.blackCCWhalf) for blackCCWhalf
    main.o(.text.getNewIndex) refers to main.o(.data.yellowCCWhalf) for yellowCCWhalf
    main.o(.text.getNewIndex) refers to main.o(.data.redCWfull) for redCWfull
    main.o(.text.getNewIndex) refers to main.o(.data.grayCWfull) for grayCWfull
    main.o(.text.getNewIndex) refers to main.o(.data.blackCWfull) for blackCWfull
    main.o(.text.getNewIndex) refers to main.o(.data.yellowCWfull) for yellowCWfull
    main.o(.text.getNewIndex) refers to main.o(.data.redCCWfull) for redCCWfull
    main.o(.text.getNewIndex) refers to main.o(.data.grayCCWfull) for grayCCWfull
    main.o(.text.getNewIndex) refers to main.o(.data.blackCCWfull) for blackCCWfull
    main.o(.text.getNewIndex) refers to main.o(.data.yellowCCWfull) for yellowCCWfull
    main.o(.ARM.exidx.text.getNewIndex) refers (Special) to _printf_percent.o(.ARM.Collect$$_printf_percent$$00000000) for _printf_percent
    main.o(.ARM.exidx.text.getNewIndex) refers (Special) to _printf_d.o(.ARM.Collect$$_printf_percent$$00000009) for _printf_d
    main.o(.ARM.exidx.text.getNewIndex) refers (Special) to _printf_f.o(.ARM.Collect$$_printf_percent$$00000003) for _printf_f
    main.o(.ARM.exidx.text.getNewIndex) refers (Special) to _printf_dec.o(.text) for _printf_int_dec
    main.o(.ARM.exidx.text.getNewIndex) refers (Special) to printf1.o(x$fpl$printf1) for _printf_fp_dec
    main.o(.ARM.exidx.text.getNewIndex) refers to main.o(.text.getNewIndex) for [Anonymous Symbol]
    main.o(.text.FullStep) refers (Special) to _printf_percent.o(.ARM.Collect$$_printf_percent$$00000000) for _printf_percent
    main.o(.text.FullStep) refers (Special) to _printf_d.o(.ARM.Collect$$_printf_percent$$00000009) for _printf_d
    main.o(.text.FullStep) refers (Special) to _printf_f.o(.ARM.Collect$$_printf_percent$$00000003) for _printf_f
    main.o(.text.FullStep) refers (Special) to _printf_dec.o(.text) for _printf_int_dec
    main.o(.text.FullStep) refers (Special) to printf1.o(x$fpl$printf1) for _printf_fp_dec
    main.o(.text.FullStep) refers to main.o(.bss.state) for state
    main.o(.text.FullStep) refers to main.o(.bss.orientation) for orientation
    main.o(.text.FullStep) refers to main.o(.data.redCWfull) for redCWfull
    main.o(.text.FullStep) refers to stm32f4xx_hal_gpio.o(.text.HAL_GPIO_WritePin) for HAL_GPIO_WritePin
    main.o(.text.FullStep) refers to main.o(.data.grayCWfull) for grayCWfull
    main.o(.text.FullStep) refers to main.o(.data.blackCWfull) for blackCWfull
    main.o(.text.FullStep) refers to main.o(.data.yellowCWfull) for yellowCWfull
    main.o(.text.FullStep) refers to main.o(.data.redCCWfull) for redCCWfull
    main.o(.text.FullStep) refers to main.o(.data.grayCCWfull) for grayCCWfull
    main.o(.text.FullStep) refers to main.o(.data.blackCCWfull) for blackCCWfull
    main.o(.text.FullStep) refers to main.o(.data.yellowCCWfull) for yellowCCWfull
    main.o(.ARM.exidx.text.FullStep) refers (Special) to _printf_percent.o(.ARM.Collect$$_printf_percent$$00000000) for _printf_percent
    main.o(.ARM.exidx.text.FullStep) refers (Special) to _printf_d.o(.ARM.Collect$$_printf_percent$$00000009) for _printf_d
[...]
    SPI_WaitFlagStateUntilTimeout            0x080041b9   Thumb Code   218  stm32f4xx_hal_spi.o(.text.SPI_WaitFlagStateUntilTimeout)
    [Anonymous Symbol]                       0x080041b8   Section        0  stm32f4xx_hal_spi.o(.text.SPI_WaitFlagStateUntilTimeout)
    SPIx_Init                                0x08004293   Thumb Code   156  stm32f429i_discovery.o(.text.SPIx_Init)
    [Anonymous Symbol]                       0x08004292   Section        0  stm32f429i_discovery.o(.text.SPIx_Init)
    SPIx_Write                               0x0800432f   Thumb Code    58  stm32f429i_discovery.o(.text.SPIx_Write)
    [Anonymous Symbol]                       0x0800432e   Section        0  stm32f429i_discovery.o(.text.SPIx_Write)
    [Anonymous Symbol]                       0x08004368   Section        0  stm32f4xx_it.o(.text.SVC_Handler)
    [Anonymous Symbol]                       0x0800436a   Section        0  stm32f4xx_it.o(.text.SysTick_Handler)
    [Anonymous Symbol]                       0x0800436e   Section        0  system_stm32f4xx.o(.text.SystemInit)
    [Anonymous Symbol]                       0x08004380   Section        0  main.o(.text.TIM3_Config)
    [Anonymous Symbol]                       0x080043f8   Section        0  stm32f4xx_it.o(.text.TIM3_IRQHandler)
    [Anonymous Symbol]                       0x08004404   Section        0  stm32f4xx_it.o(.text.TIM4_IRQHandler)
    [Anonymous Symbol]                       0x08004410   Section        0  main.o(.text.TIM4_OC_Config)
    [Anonymous Symbol]                       0x08004450   Section        0  stm32f4xx_hal_tim.o(.text.TIM_Base_SetConfig)
    TIM_OC1_SetConfig                        0x0800456d   Thumb Code   100  stm32f4xx_hal_tim.o(.text.TIM_OC1_SetConfig)
    [Anonymous Symbol]                       0x0800456c   Section        0  stm32f4xx_hal_tim.o(.text.TIM_OC1_SetConfig)
    [Anonymous Symbol]                       0x080045d0   Section        0  stm32f4xx_hal_tim.o(.text.TIM_OC2_SetConfig)
    TIM_OC3_SetConfig                        0x08004639   Thumb Code   102  stm32f4xx_hal_tim.o(.text.TIM_OC3_SetConfig)
    [Anonymous Symbol]                       0x08004638   Section        0  stm32f4xx_hal_tim.o(.text.TIM_OC3_SetConfig)
    TIM_OC4_SetConfig                        0x0800469f   Thumb Code    78  stm32f4xx_hal_tim.o(.text.TIM_OC4_SetConfig)
    [Anonymous Symbol]                       0x0800469e   Section        0  stm32f4xx_hal_tim.o(.text.TIM_OC4_SetConfig)
    [Anonymous Symbol]                       0x080046ec   Section        0  stm32f4xx_it.o(.text.UsageFault_Handler)
    [Anonymous Symbol]                       0x080046f0   Section        0  main.o(.text.getNewIndex)
    [Anonymous Symbol]                       0x08004826   Section        0  ili9341.o(.text.ili9341_DisplayOff)
    [Anonymous Symbol]                       0x0800482c   Section        0  ili9341.o(.text.ili9341_DisplayOn)
    [Anonymous Symbol]                       0x08004832   Section        0  ili9341.o(.text.ili9341_GetLcdPixelHeight)
    [Anonymous Symbol]                       0x08004838   Section        0  ili9341.o(.text.ili9341_GetLcdPixelWidth)
    [Anonymous Symbol]                       0x0800483c   Section        0  ili9341.o(.text.ili9341_Init)
    [Anonymous Symbol]                       0x08004ace   Section        0  ili9341.o(.text.ili9341_ReadID)
    [Anonymous Symbol]                       0x08004ae0   Section        0  main.o(.text.main)
    CL$$btod_d2e                             0x08004d48   Section       62  btod.o(CL$$btod_d2e)
    CL$$btod_d2e_denorm_low                  0x08004d86   Section       70  btod.o(CL$$btod_d2e_denorm_low)
    CL$$btod_d2e_norm_op1                    0x08004dcc   Section       96  btod.o(CL$$btod_d2e_norm_op1)
    CL$$btod_div_common                      0x08004e2c   Section      824  btod.o(CL$$btod_div_common)
    CL$$btod_e2e                             0x08005164   Section      220  btod.o(CL$$btod_e2e)
    CL$$btod_ediv                            0x08005240   Section       42  btod.o(CL$$btod_ediv)
    CL$$btod_emul                            0x0800526a   Section       42  btod.o(CL$$btod_emul)
    CL$$btod_mult_common                     0x08005294   Section      580  btod.o(CL$$btod_mult_common)
    i.__ARM_fpclassify                       0x080054d8   Section        0  fpclassify.o(i.__ARM_fpclassify)
    i._is_digit                              0x08005508   Section        0  __printf_wp.o(i._is_digit)
    locale$$code                             0x08005518   Section       44  lc_numeric_c.o(locale$$code)
    $v0                                      0x08005544   Number         0  fpinit.o(x$fpl$fpinit)
    x$fpl$fpinit                             0x08005544   Section       26  fpinit.o(x$fpl$fpinit)
    $v0                                      0x0800555e   Number         0  printf1.o(x$fpl$printf1)
    x$fpl$printf1                            0x0800555e   Section        4  printf1.o(x$fpl$printf1)
    x$fpl$usenofp                            0x08005562   Section        0  usenofp.o(x$fpl$usenofp)
    tenpwrs_x                                0x08005564   Data          60  bigflt0.o(.constdata)
    .constdata                               0x08005564   Section      148  bigflt0.o(.constdata)
    tenpwrs_i                                0x080055a0   Data          64  bigflt0.o(.constdata)
    .Lswitch.table.HAL_TIM_IC_Start_IT       0x08007f9c   Data          16  stm32f4xx_hal_tim.o(.rodata.cst16)
    .Lswitch.table.HAL_TIM_IC_Stop_IT        0x08007fac   Data          16  stm32f4xx_hal_tim.o(.rodata.cst16)
    .Lswitch.table.HAL_LTDC_SetPitch_NoReload 0x08007fbc   Data          32  stm32f4xx_hal_ltdc.o(.rodata.cst32)
    DMA_CalcBaseAndBitshift.flagBitshiftOffset 0x08007fdc   Data           8  stm32f4xx_hal_dma.o(.rodata.cst8)
    [Anonymous Symbol]                       0x08007fdc   Section        0  stm32f4xx_hal_dma.o(.rodata.cst8)
    .L.str.1                                 0x08007fe4   Data           3  main.o(.rodata.str1.1)
    [Anonymous Symbol]                       0x08007fe4   Section        0  main.o(.rodata.str1.1)
    locale$$data                             0x08008008   Section       28  lc_numeric_c.o(locale$$data)
    __lcnum_c_name                           0x0800800c   Data           2  lc_numeric_c.o(locale$$data)
    __lcnum_c_start                          0x08008014   Data           0  lc_numeric_c.o(locale$$data)
    __lcnum_c_point                          0x08008020   Data           0  lc_numeric_c.o(locale$$data)
    __lcnum_c_thousands                      0x08008022   Data           0  lc_numeric_c.o(locale$$data)
    __lcnum_c_grouping                       0x08008023   Data           0  lc_numeric_c.o(locale$$data)
    __lcnum_c_end                            0x08008024   Data           0  lc_numeric_c.o(locale$$data)
    .bss                                     0x200000e0   Section       96  libspace.o(.bss)
    ActiveLayer                              0x20000140   Data           4  stm32f429i_discovery_lcd.o(.bss.ActiveLayer)
    [Anonymous Symbol]                       0x20000140   Section        0  stm32f429i_discovery_lcd.o(.bss.ActiveLayer)
    BSP_SDRAM_Init.sdramstatus               0x20000144   Data           1  stm32f429i_discovery_sdram.o(.bss.BSP_SDRAM_Init.sdramstatus)
    [Anonymous Symbol]                       0x20000144   Section        0  stm32f429i_discovery_sdram.o(.bss.BSP_SDRAM_Init.sdramstatus)
    BSP_SDRAM_MspInit.dmaHandle              0x20000148   Data          96  stm32f429i_discovery_sdram.o(.bss.BSP_SDRAM_MspInit.dmaHandle)
    [Anonymous Symbol]                       0x20000148   Section        0  stm32f429i_discovery_sdram.o(.bss.BSP_SDRAM_MspInit.dmaHandle)
    Command                                  0x200001a8   Data          16  stm32f429i_discovery_sdram.o(.bss.Command)
    [Anonymous Symbol]                       0x200001a8   Section        0  stm32f429i_discovery_sdram.o(.bss.Command)
    Dma2dHandler                             0x200001b8   Data          64  stm32f429i_discovery_lcd.o(.bss.Dma2dHandler)
    [Anonymous Symbol]                       0x200001b8   Section        0  stm32f429i_discovery_lcd.o(.bss.Dma2dHandler)
    DrawProp                                 0x200001f8   Data          24  stm32f429i_discovery_lcd.o(.bss.DrawProp)
    [Anonymous Symbol]                       0x200001f8   Section        0  stm32f429i_discovery_lcd.o(.bss.DrawProp)
    Is_LCD_IO_Initialized                    0x20000210   Data           1  stm32f429i_discovery.o(.bss.Is_LCD_IO_Initialized)
    [Anonymous Symbol]                       0x20000210   Section        0  stm32f429i_discovery.o(.bss.Is_LCD_IO_Initialized)
    PeriphClkInitStruct                      0x200002c0   Data          48  stm32f429i_discovery_lcd.o(.bss.PeriphClkInitStruct)
    [Anonymous Symbol]                       0x200002c0   Section        0  stm32f429i_discovery_lcd.o(.bss.PeriphClkInitStruct)
    SdramHandle                              0x200002f0   Data          52  stm32f429i_discovery_sdram.o(.bss.SdramHandle)
    [Anonymous Symbol]                       0x200002f0   Section        0  stm32f429i_discovery_sdram.o(.bss.SdramHandle)
    SpiHandle                                0x20000324   Data          88  stm32f429i_discovery.o(.bss.SpiHandle)
    [Anonymous Symbol]                       0x20000324   Section        0  stm32f429i_discovery.o(.bss.SpiHandle)
    Timing                                   0x20000430   Data          28  stm32f429i_discovery_sdram.o(.bss.Timing)
    [Anonymous Symbol]                       0x20000430   Section        0  stm32f429i_discovery_sdram.o(.bss.Timing)
    Heap_Mem                                 0x20000468   Data         512  startup_stm32f429xx.o(HEAP)
    HEAP                                     0x20000468   Section      512  startup_stm32f429xx.o(HEAP)
    Stack_Mem                                0x20000668   Data        1024  startup_stm32f429xx.o(STACK)
    STACK                                    0x20000668   Section     1024  startup_stm32f429xx.o(STACK)
    __initial_sp                             0x20000a68   Data           0  startup_stm32f429xx.o(STACK)

    Global Symbols

    Symbol Name                              Value     Ov Type        Size  Object(Section)

    BuildAttributes$$THM_ISAv4$E$P$D$K$B$S$7EM$VFPi3$EXTD16$VFPS$VFMA$PE$A:L22UL41UL21$X:L11$S22US41US21$IEEE1$IW$~IW$USESV6$~STKCKD$USESV7$~SHL$OTIME$ROPI$IEEEJ$EBA8$UX$STANDARDLIB$REQ8$PRES8$EABIv2 0x00000000   Number         0  anon$$obj.o ABSOLUTE
    _printf_flags                            0x00000000   Number         0  printf_stubs.o ABSOLUTE
    _printf_return_value                     0x00000000   Number         0  printf_stubs.o ABSOLUTE
    _printf_sizespec                         0x00000000   Number         0  printf_stubs.o ABSOLUTE
    _printf_widthprec                        0x00000000   Number         0  printf_stubs.o ABSOLUTE
    __ARM_exceptions_init                     - Undefined Weak Reference
    __alloca_initialize                       - Undefined Weak Reference
    __arm_preinit_                            - Undefined Weak Reference
    __arm_relocate_pie_                       - Undefined Weak Reference
    __cpp_initialize__aeabi_                  - Undefined Weak Reference
    __cxa_finalize                            - Undefined Weak Reference
    __sigvec_lookup                           - Undefined Weak Reference
    _atexit_init                              - Undefined Weak Reference
    _call_atexit_fns                          - Undefined Weak Reference
    _clock_init                               - Undefined Weak Reference
    _fp_trap_init                             - Undefined Weak Reference
    _fp_trap_shutdown                         - Undefined Weak Reference
    _get_lc_collate                           - Undefined Weak Reference
    _get_lc_ctype                             - Undefined Weak Reference
    _get_lc_monetary                          - Undefined Weak Reference
    _get_lc_time                              - Undefined Weak Reference
    _getenv_init                              - Undefined Weak Reference
    _handle_redirection                       - Undefined Weak Reference
    _init_alloc                               - Undefined Weak Reference
    _init_user_alloc                          - Undefined Weak Reference
    _initio                                   - Undefined Weak Reference
    _printf_post_padding                      - Undefined Weak Reference
    _printf_pre_padding                       - Undefined Weak Reference
    _printf_truncate_signed                   - Undefined Weak Reference
    _printf_truncate_unsigned                 - Undefined Weak Reference
    _rand_init                                - Undefined Weak Reference
    _signal_finish                            - Undefined Weak Reference
    _signal_init                              - Undefined Weak Reference
    _terminate_alloc                          - Undefined Weak Reference
    _terminate_user_alloc                     - Undefined Weak Reference
    _terminateio                              - Undefined Weak Reference
    __Vectors_Size                           0x000001ac   Number         0  startup_stm32f429xx.o ABSOLUTE
    __Vectors                                0x08000000   Data           4  startup_stm32f429xx.o(RESET)
    __Vectors_End                            0x080001ac   Data           0  startup_stm32f429xx.o(RESET)
    __main                                   0x080001ad   Thumb Code     8  __main.o(!!!main)
    __scatterload                            0x080001b5   Thumb Code     0  __scatter.o(!!!scatter)
    __scatterload_rt2                        0x080001b5   Thumb Code    44  __scatter.o(!!!scatter)
    __scatterload_rt2_thumb_only             0x080001b5   Thumb Code     0  __scatter.o(!!!scatter)
    __scatterload_null                       0x080001c3   Thumb Code     0  __scatter.o(!!!scatter)
    __scatterload_copy                       0x080001e9   Thumb Code    26  __scatter_copy.o(!!handler_copy)
    __scatterload_zeroinit                   0x08000205   Thumb Code    28  __scatter_zi.o(!!handler_zi)
    _printf_f                                0x08000221   Thumb Code     0  _printf_f.o(.ARM.Collect$$_printf_percent$$00000003)
    _printf_percent                          0x08000221   Thumb Code     0  _printf_percent.o(.ARM.Collect$$_printf_percent$$00000000)
    _printf_d                                0x08000227   Thumb Code     0  _printf_d.o(.ARM.Collect$$_printf_percent$$00000009)
    _printf_percent_end                      0x0800022d   Thumb Code     0  _printf_percent_end.o(.ARM.Collect$$_printf_percent$$00000017)
    __rt_lib_init                            0x08000231   Thumb Code     0  libinit.o(.ARM.Collect$$libinit$$00000000)
    __rt_lib_init_fp_1                       0x08000233   Thumb Code     0  libinit2.o(.ARM.Collect$$libinit$$00000001)
    __rt_lib_init_heap_1                     0x08000237   Thumb Code     0  libinit2.o(.ARM.Collect$$libinit$$0000000C)
    __rt_lib_init_lc_common                  0x08000237   Thumb Code     0  libinit2.o(.ARM.Collect$$libinit$$00000011)
    __rt_lib_init_preinit_1                  0x08000237   Thumb Code     0  libinit2.o(.ARM.Collect$$libinit$$00000006)
    __rt_lib_init_rand_1                     0x08000237   Thumb Code     0  libinit2.o(.ARM.Collect$$libinit$$00000010)
    __rt_lib_init_relocate_pie_1             0x08000237   Thumb Code     0  libinit2.o(.ARM.Collect$$libinit$$00000004)
    __rt_lib_init_user_alloc_1               0x08000237   Thumb Code     0  libinit2.o(.ARM.Collect$$libinit$$0000000E)
    __rt_lib_init_lc_collate_1               0x0800023d   Thumb Code     0  libinit2.o(.ARM.Collect$$libinit$$00000013)
    __rt_lib_init_lc_ctype_1                 0x0800023d   Thumb Code     0  libinit2.o(.ARM.Collect$$libinit$$00000015)
    __rt_lib_init_lc_monetary_1              0x0800023d   Thumb Code     0  libinit2.o(.ARM.Collect$$libinit$$00000017)
    __rt_lib_init_lc_numeric_2               0x0800023d   Thumb Code     0  libinit2.o(.ARM.Collect$$libinit$$00000018)
    __rt_lib_init_alloca_1                   0x08000247   Thumb Code     0  libinit2.o(.ARM.Collect$$libinit$$00000030)
    __rt_lib_init_argv_1                     0x08000247   Thumb Code     0  libinit2.o(.ARM.Collect$$libinit$$0000002E)
    __rt_lib_init_atexit_1                   0x08000247   Thumb Code     0  libinit2.o(.ARM.Collect$$libinit$$0000001D)
    __rt_lib_init_clock_1                    0x08000247   Thumb Code     0  libinit2.o(.ARM.Collect$$libinit$$00000023)
    __rt_lib_init_cpp_1                      0x08000247   Thumb Code     0  libinit2.o(.ARM.Collect$$libinit$$00000034)
    __rt_lib_init_exceptions_1               0x08000247   Thumb Code     0  libinit2.o(.ARM.Collect$$libinit$$00000032)
    __rt_lib_init_fp_trap_1                  0x08000247   Thumb Code     0  libinit2.o(.ARM.Collect$$libinit$$00000021)
    __rt_lib_init_getenv_1                   0x08000247   Thumb Code     0  libinit2.o(.ARM.Collect$$libinit$$00000025)
    __rt_lib_init_lc_numeric_1               0x08000247   Thumb Code     0  libinit2.o(.ARM.Collect$$libinit$$00000019)
    __rt_lib_init_lc_time_1                  0x08000247   Thumb Code     0  libinit2.o(.ARM.Collect$$libinit$$0000001B)
    __rt_lib_init_return                     0x08000247   Thumb Code     0  libinit2.o(.ARM.Collect$$libinit$$00000035)
    __rt_lib_init_signal_1                   0x08000247   Thumb Code     0  libinit2.o(.ARM.Collect$$libinit$$0000001F)
    __rt_lib_init_stdio_1                    0x08000247   Thumb Code     0  libinit2.o(.ARM.Collect$$libinit$$00000027)
    __rt_lib_shutdown                        0x08000249   Thumb Code     0  libshutdown.o(.ARM.Collect$$libshutdown$$00000000)
    __rt_lib_shutdown_cpp_1                  0x0800024b   Thumb Code     0  libshutdown2.o(.ARM.Collect$$libshutdown$$00000002)
    __rt_lib_shutdown_fp_trap_1              0x0800024b   Thumb Code     0  libshutdown2.o(.ARM.Collect$$libshutdown$$00000007)
    __rt_lib_shutdown_heap_1                 0x0800024b   Thumb Code     0  libshutdown2.o(.ARM.Collect$$libshutdown$$0000000F)
    __rt_lib_shutdown_return                 0x0800024b   Thumb Code     0  libshutdown2.o(.ARM.Collect$$libshutdown$$00000010)
    __rt_lib_shutdown_signal_1               0x0800024b   Thumb Code     0  libshutdown2.o(.ARM.Collect$$libshutdown$$0000000A)
    __rt_lib_shutdown_stdio_1                0x0800024b   Thumb Code     0  libshutdown2.o(.ARM.Collect$$libshutdown$$00000004)
    __rt_lib_shutdown_user_alloc_1           0x0800024b   Thumb Code     0  libshutdown2.o(.ARM.Collect$$libshutdown$$0000000C)
    __rt_entry                               0x0800024d   Thumb Code     0  __rtentry.o(.ARM.Collect$$rtentry$$00000000)
    __rt_entry_presh_1                       0x0800024d   Thumb Code     0  __rtentry2.o(.ARM.Collect$$rtentry$$00000002)
    __rt_entry_sh                            0x0800024d   Thumb Code     0  __rtentry4.o(.ARM.Collect$$rtentry$$00000004)
    __rt_entry_li                            0x08000253   Thumb Code     0  __rtentry2.o(.ARM.Collect$$rtentry$$0000000A)
    __rt_entry_postsh_1                      0x08000253   Thumb Code     0  __rtentry2.o(.ARM.Collect$$rtentry$$00000009)
    __rt_entry_main                          0x08000257   Thumb Code     0  __rtentry2.o(.ARM.Collect$$rtentry$$0000000D)
    __rt_entry_postli_1                      0x08000257   Thumb Code     0  __rtentry2.o(.ARM.Collect$$rtentry$$0000000C)
    __rt_exit                                0x0800025f   Thumb Code     0  rtexit.o(.ARM.Collect$$rtexit$$00000000)
    __rt_exit_ls                             0x08000261   Thumb Code     0  rtexit2.o(.ARM.Collect$$rtexit$$00000003)
    __rt_exit_prels_1                        0x08000261   Thumb Code     0  rtexit2.o(.ARM.Collect$$rtexit$$00000002)
    __rt_exit_exit                           0x08000265   Thumb Code     0  rtexit2.o(.ARM.Collect$$rtexit$$00000004)
    Reset_Handler                            0x0800026d   Thumb Code     8  startup_stm32f429xx.o(.text)
    CAN1_RX0_IRQHandler                      0x08000287   Thumb Code     0  startup_stm32f429xx.o(.text)
    CAN1_RX1_IRQHandler                      0x08000287   Thumb Code     0  startup_stm32f429xx.o(.text)
    CAN1_SCE_IRQHandler                      0x08000287   Thumb Code     0  startup_stm32f429xx.o(.text)
    CAN1_TX_IRQHandler                       0x08000287   Thumb Code     0  startup_stm32f429xx.o(.text)
    CAN2_RX0_IRQHandler                      0x08000287   Thumb Code     0  startup_stm32f429xx.o(.text)
    CAN2_RX1_IRQHandler                      0x08000287   Thumb Code     0  startup_stm32f429xx.o(.text)
    CAN2_SCE_IRQHandler                      0x08000287   Thumb Code     0  startup_stm32f429xx.o(.text)
    CAN2_TX_IRQHandler                       0x08000287   Thumb Code     0  startup_stm32f429xx.o(.text)
    DCMI_IRQHandler                          0x08000287   Thumb Code     0  startup_stm32f429xx.o(.text)
    DMA1_Stream0_IRQHandler                  0x08000287   Thumb Code     0  startup_stm32f429xx.o(.text)
    DMA1_Stream1_IRQHandler                  0x08000287   Thumb Code     0  startup_stm32f429xx.o(.text)
    DMA1_Stream2_IRQHandler                  0x08000287   Thumb Code     0  startup_stm32f429xx.o(.text)
    DMA1_Stream3_IRQHandler                  0x08000287   Thumb Code     0  startup_stm32f429xx.o(.text)
    DMA1_Stream4_IRQHandler                  0x08000287   Thumb Code     0  startup_stm32f429xx.o(.text)
    DMA1_Stream5_IRQHandler                  0x08000287   Thumb Code     0  startup_stm32f429xx.o(.text)
    DMA1_Stream6_IRQHandler                  0x08000287   Thumb Code     0  startup_stm32f429xx.o(.text)
    DMA1_Stream7_IRQHandler                  0x08000287   Thumb Code     0  startup_stm32f429xx.o(.text)
    DMA2D_IRQHandler                         0x08000287   Thumb Code     0  startup_stm32f429xx.o(.text)
    DMA2_Stream0_IRQHandler                  0x08000287   Thumb Code     0  startup_stm32f429xx.o(.text)
    DMA2_Stream1_IRQHandler                  0x08000287   Thumb Code     0  startup_stm32f429xx.o(.text)
    DMA2_Stream2_IRQHandler                  0x08000287   Thumb Code     0  startup_stm32f429xx.o(.text)
    DMA2_Stream3_IRQHandler                  0x08000287   Thumb Code     0  startup_stm32f429xx.o(.text)
    DMA2_Stream4_IRQHandler                  0x08000287   Thumb Code     0  startup_stm32f429xx.o(.text)
    DMA2_Stream5_IRQHandler                  0x08000287   Thumb Code     0  startup_stm32f429xx.o(.text)
    DMA2_Stream6_IRQHandler                  0x08000287   Thumb Code     0  startup_stm32f429xx.o(.text)
    DMA2_Stream7_IRQHandler                  0x08000287   Thumb Code     0  startup_stm32f429xx.o(.text)
    ETH_IRQHandler                           0x08000287   Thumb Code     0  startup_stm32f429xx.o(.text)
    ETH_WKUP_IRQHandler                      0x08000287   Thumb Code     0  startup_stm32f429xx.o(.text)
    EXTI15_10_IRQHandler                     0x08000287   Thumb Code     0  startup_stm32f429xx.o(.text)
    EXTI9_5_IRQHandler                       0x08000287   Thumb Code     0  startup_stm32f429xx.o(.text)
    FLASH_IRQHandler                         0x08000287   Thumb Code     0  startup_stm32f429xx.o(.text)
    FMC_IRQHandler                           0x08000287   Thumb Code     0  startup_stm32f429xx.o(.text)
    FPU_IRQHandler                           0x08000287   Thumb Code     0  startup_stm32f429xx.o(.text)
    HASH_RNG_IRQHandler                      0x08000287   Thumb Code     0  startup_stm32f429xx.o(.text)
    I2C1_ER_IRQHandler                       0x08000287   Thumb Code     0  startup_stm32f429xx.o(.text)
    I2C1_EV_IRQHandler                       0x08000287   Thumb Code     0  startup_stm32f429xx.o(.text)
    I2C2_ER_IRQHandler                       0x08000287   Thumb Code     0  startup_stm32f429xx.o(.text)
    I2C2_EV_IRQHandler                       0x08000287   Thumb Code     0  startup_stm32f429xx.o(.text)
    I2C3_ER_IRQHandler                       0x08000287   Thumb Code     0  startup_stm32f429xx.o(.text)
    I2C3_EV_IRQHandler                       0x08000287   Thumb Code     0  startup_stm32f429xx.o(.text)
    LTDC_ER_IRQHandler                       0x08000287   Thumb Code     0  startup_stm32f429xx.o(.text)
    LTDC_IRQHandler                          0x08000287   Thumb Code     0  startup_stm32f429xx.o(.text)
    OTG_FS_IRQHandler                        0x08000287   Thumb Code     0  startup_stm32f429xx.o(.text)
    OTG_FS_WKUP_IRQHandler                   0x08000287   Thumb Code     0  startup_stm32f429xx.o(.text)
    OTG_HS_EP1_IN_IRQHandler                 0x08000287   Thumb Code     0  startup_stm32f429xx.o(.text)
    OTG_HS_EP1_OUT_IRQHandler                0x08000287   Thumb Code     0  startup_stm32f429xx.o(.text)
    OTG_HS_IRQHandler                        0x08000287   Thumb Code     0  startup_stm32f429xx.o(.text)
    OTG_HS_WKUP_IRQHandler                   0x08000287   Thumb Code     0  startup_stm32f429xx.o(.text)
    PVD_IRQHandler                           0x08000287   Thumb Code     0  startup_stm32f429xx.o(.text)
    RCC_IRQHandler                           0x08000287   Thumb Code     0  startup_stm32f429xx.o(.text)
    RTC_Alarm_IRQHandler                     0x08000287   Thumb Code     0  startup_stm32f429xx.o(.text)
    RTC_WKUP_IRQHandler                      0x08000287   Thumb Code     0  startup_stm32f429xx.o(.text)
    SAI1_IRQHandler                          0x08000287   Thumb Code     0  startup_stm32f429xx.o(.text)
    SDIO_IRQHandler                          0x08000287   Thumb Code     0  startup_stm32f429xx.o(.text)
    SPI1_IRQHandler                          0x08000287   Thumb Code     0  startup_stm32f429xx.o(.text)
    SPI2_IRQHandler                          0x08000287   Thumb Code     0  startup_stm32f429xx.o(.text)
    SPI3_IRQHandler                          0x08000287   Thumb Code     0  startup_stm32f429xx.o(.text)
    SPI4_IRQHandler                          0x08000287   Thumb Code     0  startup_stm32f429xx.o(.text)
    SPI5_IRQHandler                          0x08000287   Thumb Code     0  startup_stm32f429xx.o(.text)
    SPI6_IRQHandler                          0x08000287   Thumb Code     0  startup_stm32f429xx.o(.text)
    TAMP_STAMP_IRQHandler                    0x08000287   Thumb Code     0  startup_stm32f429xx.o(.text)
    TIM1_BRK_TIM9_IRQHandler                 0x08000287   Thumb Code     0  startup_stm32f429xx.o(.text)
    TIM1_CC_IRQHandler                       0x08000287   Thumb Code     0  startup_stm32f429xx.o(.text)
    TIM1_TRG_COM_TIM11_IRQHandler            0x08000287   Thumb Code     0  startup_stm32f429xx.o(.text)
    TIM1_UP_TIM10_IRQHandler                 0x08000287   Thumb Code     0  startup_stm32f429xx.o(.text)
    TIM2_IRQHandler                          0x08000287   Thumb Code     0  startup_stm32f429xx.o(.text)
    TIM5_IRQHandler                          0x08000287   Thumb Code     0  startup_stm32f429xx.o(.text)
    TIM6_DAC_IRQHandler                      0x08000287   Thumb Code     0  startup_stm32f429xx.o(.text)
    TIM7_IRQHandler                          0x08000287   Thumb Code     0  startup_stm32f429xx.o(.text)
    TIM8_BRK_TIM12_IRQHandler                0x08000287   Thumb Code     0  startup_stm32f429xx.o(.text)
    TIM8_CC_IRQHandler                       0x08000287   Thumb Code     0  startup_stm32f429xx.o(.text)
    TIM8_TRG_COM_TIM14_IRQHandler            0x08000287   Thumb Code     0  startup_stm32f429xx.o(.text)
    TIM8_UP_TIM13_IRQHandler                 0x08000287   Thumb Code     0  startup_stm32f429xx.o(.text)
    UART4_IRQHandler                         0x08000287   Thumb Code     0  startup_stm32f429xx.o(.text)
    UART5_IRQHandler                         0x08000287   Thumb Code     0  startup_stm32f429xx.o(.text)
    UART7_IRQHandler                         0x08000287   Thumb Code     0  startup_stm32f429xx.o(.text)
    UART8_IRQHandler                         0x08000287   Thumb Code     0  startup_stm32f429xx.o(.text)
    USART1_IRQHandler                        0x08000287   Thumb Code     0  startup_stm32f429xx.o(.text)
    USART2_IRQHandler                        0x08000287   Thumb Code     0  startup_stm32f429xx.o(.text)
    USART3_IRQHandler                        0x08000287   Thumb Code     0  startup_stm32f429xx.o(.text)
    USART6_IRQHandler                        0x08000287   Thumb Code     0  startup_stm32f429xx.o(.text)
    WWDG_IRQHandler                          0x08000287   Thumb Code     0  startup_stm32f429xx.o(.text)
    __user_initial_stackheap                 0x08000289   Thumb Code     0  startup_stm32f429xx.o(.text)
    __aeabi_uldivmod                         0x080002ad   Thumb Code     0  lludivv7m.o(.text)
    _ll_udiv                                 0x080002ad   Thumb Code   240  lludivv7m.o(.text)
    __2sprintf                               0x0800039d   Thumb Code    34  noretval__2sprintf.o(.text)
    _printf_int_dec                          0x080003c5   Thumb Code   104  _printf_dec.o(.text)
    __printf                                 0x0800043d   Thumb Code   270  __printf_wp.o(.text)
    __aeabi_memclr4                          0x0800054b   Thumb Code     0  rt_memclr_w.o(.text)
    __aeabi_memclr8                          0x0800054b   Thumb Code     0  rt_memclr_w.o(.text)
    __rt_memclr_w                            0x0800054b   Thumb Code     0  rt_memclr_w.o(.text)
    _memset_w                                0x0800054f   Thumb Code    74  rt_memclr_w.o(.text)
    __use_two_region_memory                  0x08000599   Thumb Code     2  heapauxi.o(.text)
    __rt_heap_escrow$2region                 0x0800059b   Thumb Code     2  heapauxi.o(.text)
    __rt_heap_expand$2region                 0x0800059d   Thumb Code     2  heapauxi.o(.text)
    _printf_int_common                       0x0800059f   Thumb Code   178  _printf_intcommon.o(.text)
    _printf_fp_dec_real                      0x08000801   Thumb Code   620  _printf_fp_dec.o(.text)
    _printf_char_common                      0x08000a77   Thumb Code    32  _printf_char_common.o(.text)
    _sputc                                   0x08000a9d   Thumb Code    10  _sputc.o(.text)
    __rt_locale                              0x08000aa9   Thumb Code     8  rt_locale_intlibspace.o(.text)
    _ll_udiv10                               0x08000ab1   Thumb Code   138  lludiv10.o(.text)
    _printf_fp_infnan                        0x08000b3d   Thumb Code   112  _printf_fp_infnan.o(.text)
    _btod_etento                             0x08000bbd   Thumb Code   224  bigflt0.o(.text)
    __user_libspace                          0x08000ca1   Thumb Code     8  libspace.o(.text)
    __user_perproc_libspace                  0x08000ca1   Thumb Code     0  libspace.o(.text)
    __user_perthread_libspace                0x08000ca1   Thumb Code     0  libspace.o(.text)
    __user_setup_stackheap                   0x08000ca9   Thumb Code    74  sys_stackheap_outer.o(.text)
    exit                                     0x08000cf3   Thumb Code    18  exit.o(.text)
    strcmp                                   0x08000d09   Thumb Code   124  strcmpv7em.o(.text)
    _sys_exit                                0x08000d85   Thumb Code     8  sys_exit.o(.text)
    __I$use$semihosting                      0x08000d91   Thumb Code     0  use_no_semi.o(.text)
    __use_no_semihosting_swi                 0x08000d91   Thumb Code     2  use_no_semi.o(.text)
    ADC_IRQHandler                           0x08000d93   Thumb Code     2  stm32f4xx_it.o(.text.ADC_IRQHandler)
    __semihosting_library_function           0x08000d93   Thumb Code     0  indicate_semi.o(.text)
    BSP_LCD_Clear                            0x08000d95   Thumb Code    76  stm32f429i_discovery_lcd.o(.text.BSP_LCD_Clear)
    BSP_LCD_DisplayChar                      0x08000de1   Thumb Code   290  stm32f429i_discovery_lcd.o(.text.BSP_LCD_DisplayChar)
    BSP_LCD_DisplayOn                        0x08000f03   Thumb Code    18  stm32f429i_discovery_lcd.o(.text.BSP_LCD_DisplayOn)
    BSP_LCD_GetFont                          0x08000f15   Thumb Code    30  stm32f429i_discovery_lcd.o(.text.BSP_LCD_GetFont)
    BSP_LCD_GetXSize                         0x08000f33   Thumb Code    18  stm32f429i_discovery_lcd.o(.text.BSP_LCD_GetXSize)
    BSP_LCD_Init                             0x08000f45   Thumb Code   186  stm32f429i_discovery_lcd.o(.text.BSP_LCD_Init)
    BSP_LCD_LayerDefaultInit                 0x08000fff   Thumb Code   150  stm32f429i_discovery_lcd.o(.text.BSP_LCD_LayerDefaultInit)
    BSP_LCD_MspInit                          0x08001095   Thumb Code   324  stm32f429i_discovery_lcd.o(.text.BSP_LCD_MspInit)
    BSP_LCD_SelectLayer                      0x080011d9   Thumb Code    12  stm32f429i_discovery_lcd.o(.text.BSP_LCD_SelectLayer)
    BSP_LCD_SetFont                          0x080011e5   Thumb Code    30  stm32f429i_discovery_lcd.o(.text.BSP_LCD_SetFont)
    BSP_LCD_SetLayerVisible                  0x08001203   Thumb Code    42  stm32f429i_discovery_lcd.o(.text.BSP_LCD_SetLayerVisible)
    BSP_LED_Init                             0x0800122d   Thumb Code   100  stm32f429i_discovery.o(.text.BSP_LED_Init)
    BSP_LED_On                               0x08001291   Thumb Code    32  stm32f429i_discovery.o(.text.BSP_LED_On)
    BSP_LED_Toggle                           0x080012b1   Thumb Code    30  stm32f429i_discovery.o(.text.BSP_LED_Toggle)
    BSP_SDRAM_Init                           0x080012cf   Thumb Code   136  stm32f429i_discovery_sdram.o(.text.BSP_SDRAM_Init)
    BSP_SDRAM_Initialization_sequence        0x08001357   Thumb Code   150  stm32f429i_discovery_sdram.o(.text.BSP_SDRAM_Initialization_sequence)
    BSP_SDRAM_MspInit                        0x080013ed   Thumb Code   396  stm32f429i_discovery_sdram.o(.text.BSP_SDRAM_MspInit)
    BusFault_Handler                         0x08001579   Thumb Code     2  stm32f4xx_it.o(.text.BusFault_Handler)
    DebugMon_Handler                         0x0800161f   Thumb Code     2  stm32f4xx_it.o(.text.DebugMon_Handler)
    EXTI0_IRQHandler                         0x08001621   Thumb Code     6  stm32f4xx_it.o(.text.EXTI0_IRQHandler)
    EXTI1_IRQHandler                         0x08001627   Thumb Code    48  stm32f4xx_it.o(.text.EXTI1_IRQHandler)
    EXTI2_IRQHandler                         0x08001657   Thumb Code    48  stm32f4xx_it.o(.text.EXTI2_IRQHandler)
    EXTI3_IRQHandler                         0x08001687   Thumb Code    48  stm32f4xx_it.o(.text.EXTI3_IRQHandler)
    EXTI4_IRQHandler                         0x080016b7   Thumb Code    48  stm32f4xx_it.o(.text.EXTI4_IRQHandler)
    ExtBtn1_Config                           0x080016e7   Thumb Code    92  main.o(.text.ExtBtn1_Config)
    ExtBtn2_Config                           0x08001743   Thumb Code    92  main.o(.text.ExtBtn2_Config)
    ExtBtn3_Config                           0x0800179f   Thumb Code    92  main.o(.text.ExtBtn3_Config)
    ExtBtn4_Config                           0x080017fb   Thumb Code    92  main.o(.text.ExtBtn4_Config)
    FMC_SDRAM_Init                           0x08001857   Thumb Code   122  stm32f4xx_ll_fmc.o(.text.FMC_SDRAM_Init)
    FMC_SDRAM_ProgramRefreshRate             0x080018d1   Thumb Code    20  stm32f4xx_ll_fmc.o(.text.FMC_SDRAM_ProgramRefreshRate)
    FMC_SDRAM_SendCommand                    0x080018e5   Thumb Code    90  stm32f4xx_ll_fmc.o(.text.FMC_SDRAM_SendCommand)
    FMC_SDRAM_Timing_Init                    0x0800193f   Thumb Code   212  stm32f4xx_ll_fmc.o(.text.FMC_SDRAM_Timing_Init)
    FullStep                                 0x08001a8b   Thumb Code   220  main.o(.text.FullStep)
    HAL_DMA2D_ConfigLayer                    0x08001b67   Thumb Code   150  stm32f4xx_hal_dma2d.o(.text.HAL_DMA2D_ConfigLayer)
    HAL_DMA2D_Init                           0x08001bfd   Thumb Code    84  stm32f4xx_hal_dma2d.o(.text.HAL_DMA2D_Init)
    HAL_DMA2D_MspInit                        0x08001c51   Thumb Code     2  stm32f4xx_hal_dma2d.o(.text.HAL_DMA2D_MspInit)
    HAL_DMA2D_PollForTransfer                0x08001c55   Thumb Code   250  stm32f4xx_hal_dma2d.o(.text.HAL_DMA2D_PollForTransfer)
    HAL_DMA2D_Start                          0x08001d4f   Thumb Code    58  stm32f4xx_hal_dma2d.o(.text.HAL_DMA2D_Start)
    HAL_DMA_DeInit                           0x08001d89   Thumb Code   134  stm32f4xx_hal_dma.o(.text.HAL_DMA_DeInit)
    HAL_DMA_Init                             0x08001e11   Thumb Code   328  stm32f4xx_hal_dma.o(.text.HAL_DMA_Init)
    HAL_Delay                                0x08001f59   Thumb Code    40  stm32f4xx_hal.o(.text.HAL_Delay)
    HAL_GPIO_EXTI_Callback                   0x08001f81   Thumb Code   996  main.o(.text.HAL_GPIO_EXTI_Callback)
    HAL_GPIO_EXTI_IRQHandler                 0x08002365   Thumb Code    22  stm32f4xx_hal_gpio.o(.text.HAL_GPIO_EXTI_IRQHandler)
    HAL_GPIO_Init                            0x0800237d   Thumb Code   420  stm32f4xx_hal_gpio.o(.text.HAL_GPIO_Init)
    HAL_GPIO_ReadPin                         0x08002521   Thumb Code    10  stm32f4xx_hal_gpio.o(.text.HAL_GPIO_ReadPin)
    HAL_GPIO_TogglePin                       0x0800252b   Thumb Code    16  stm32f4xx_hal_gpio.o(.text.HAL_GPIO_TogglePin)
    HAL_GPIO_WritePin                        0x0800253b   Thumb Code    10  stm32f4xx_hal_gpio.o(.text.HAL_GPIO_WritePin)
    HAL_GetTick                              0x08002545   Thumb Code    12  stm32f4xx_hal.o(.text.HAL_GetTick)
    HAL_IncTick                              0x08002551   Thumb Code    26  stm32f4xx_hal.o(.text.HAL_IncTick)
    HAL_Init                                 0x0800256b   Thumb Code    46  stm32f4xx_hal.o(.text.HAL_Init)
    HAL_InitTick                             0x08002599   Thumb Code    80  stm32f4xx_hal.o(.text.HAL_InitTick)
    HAL_LTDC_ConfigLayer                     0x080025e9   Thumb Code   118  stm32f4xx_hal_ltdc.o(.text.HAL_LTDC_ConfigLayer)
    HAL_LTDC_EnableDither                    0x0800265f   Thumb Code    48  stm32f4xx_hal_ltdc.o(.text.HAL_LTDC_EnableDither)
    HAL_LTDC_Init                            0x0800268f   Thumb Code   228  stm32f4xx_hal_ltdc.o(.text.HAL_LTDC_Init)
    HAL_LTDC_MspInit                         0x08002773   Thumb Code     2  stm32f4xx_hal_ltdc.o(.text.HAL_LTDC_MspInit)
    HAL_MspInit                              0x08002775   Thumb Code     2  stm32f4xx_hal.o(.text.HAL_MspInit)
    HAL_NVIC_EnableIRQ                       0x08002777   Thumb Code    36  stm32f4xx_hal_cortex.o(.text.HAL_NVIC_EnableIRQ)
    HAL_NVIC_SetPriority                     0x0800279b   Thumb Code    86  stm32f4xx_hal_cortex.o(.text.HAL_NVIC_SetPriority)
    HAL_NVIC_SetPriorityGrouping             0x080027f1   Thumb Code    32  stm32f4xx_hal_cortex.o(.text.HAL_NVIC_SetPriorityGrouping)
    HAL_PWREx_EnableOverDrive                0x08002811   Thumb Code   120  stm32f4xx_hal_pwr_ex.o(.text.HAL_PWREx_EnableOverDrive)
    HAL_RCCEx_PeriphCLKConfig                0x08002889   Thumb Code   570  stm32f4xx_hal_rcc_ex.o(.text.HAL_RCCEx_PeriphCLKConfig)
    HAL_RCC_ClockConfig                      0x08002ac5   Thumb Code   334  stm32f4xx_hal_rcc.o(.text.HAL_RCC_ClockConfig)
    HAL_RCC_GetSysClockFreq                  0x08002c13   Thumb Code   106  stm32f4xx_hal_rcc.o(.text.HAL_RCC_GetSysClockFreq)
    HAL_RCC_OscConfig                        0x08002c7d   Thumb Code   856  stm32f4xx_hal_rcc.o(.text.HAL_RCC_OscConfig)
    HAL_SDRAM_Init                           0x08002fd5   Thumb Code    64  stm32f4xx_hal_sdram.o(.text.HAL_SDRAM_Init)
    HAL_SDRAM_MspInit                        0x08003015   Thumb Code     2  stm32f4xx_hal_sdram.o(.text.HAL_SDRAM_MspInit)
    HAL_SDRAM_ProgramRefreshRate             0x08003017   Thumb Code    48  stm32f4xx_hal_sdram.o(.text.HAL_SDRAM_ProgramRefreshRate)
    HAL_SDRAM_SendCommand                    0x08003047   Thumb Code    60  stm32f4xx_hal_sdram.o(.text.HAL_SDRAM_SendCommand)
    HAL_SPI_DeInit                           0x08003083   Thumb Code    46  stm32f4xx_hal_spi.o(.text.HAL_SPI_DeInit)
    HAL_SPI_GetState                         0x080030b1   Thumb Code     6  stm32f4xx_hal_spi.o(.text.HAL_SPI_GetState)
    HAL_SPI_Init                             0x080030b7   Thumb Code   194  stm32f4xx_hal_spi.o(.text.HAL_SPI_Init)
    HAL_SPI_MspDeInit                        0x08003179   Thumb Code     2  stm32f4xx_hal_spi.o(.text.HAL_SPI_MspDeInit)
    HAL_SPI_MspInit                          0x0800317b   Thumb Code     2  stm32f4xx_hal_spi.o(.text.HAL_SPI_MspInit)
    HAL_SPI_Receive                          0x0800317d   Thumb Code   480  stm32f4xx_hal_spi.o(.text.HAL_SPI_Receive)
    HAL_SPI_Transmit                         0x0800335d   Thumb Code   414  stm32f4xx_hal_spi.o(.text.HAL_SPI_Transmit)
    HAL_SPI_TransmitReceive                  0x080034fd   Thumb Code   634  stm32f4xx_hal_spi.o(.text.HAL_SPI_TransmitReceive)
    HAL_SYSTICK_Config                       0x08003777   Thumb Code    44  stm32f4xx_hal_cortex.o(.text.HAL_SYSTICK_Config)
    HAL_TIMEx_BreakCallback                  0x080037a3   Thumb Code     2  stm32f4xx_hal_tim_ex.o(.text.HAL_TIMEx_BreakCallback)
    HAL_TIMEx_CommutCallback                 0x080037a5   Thumb Code     2  stm32f4xx_hal_tim_ex.o(.text.HAL_TIMEx_CommutCallback)
    HAL_TIM_Base_Init                        0x080037a7   Thumb Code    88  stm32f4xx_hal_tim.o(.text.HAL_TIM_Base_Init)
    HAL_TIM_Base_MspInit                     0x080037ff   Thumb Code    56  stm32f4xx_hal_msp.o(.text.HAL_TIM_Base_MspInit)
    HAL_TIM_Base_Start_IT                    0x08003837   Thumb Code   160  stm32f4xx_hal_tim.o(.text.HAL_TIM_Base_Start_IT)
    HAL_TIM_IC_CaptureCallback               0x080038d7   Thumb Code     2  stm32f4xx_hal_tim.o(.text.HAL_TIM_IC_CaptureCallback)
    HAL_TIM_IRQHandler                       0x080038d9   Thumb Code   362  stm32f4xx_hal_tim.o(.text.HAL_TIM_IRQHandler)
    HAL_TIM_OC_ConfigChannel                 0x08003a45   Thumb Code    78  stm32f4xx_hal_tim.o(.text.HAL_TIM_OC_ConfigChannel)
    HAL_TIM_OC_DelayElapsedCallback          0x08003a93   Thumb Code     8  main.o(.text.HAL_TIM_OC_DelayElapsedCallback)
    HAL_TIM_OC_Init                          0x08003a9b   Thumb Code    88  stm32f4xx_hal_tim.o(.text.HAL_TIM_OC_Init)
    HAL_TIM_OC_MspInit                       0x08003af3   Thumb Code    56  stm32f4xx_hal_msp.o(.text.HAL_TIM_OC_MspInit)
    HAL_TIM_OC_Start_IT                      0x08003b2b   Thumb Code   292  stm32f4xx_hal_tim.o(.text.HAL_TIM_OC_Start_IT)
    HAL_TIM_PWM_PulseFinishedCallback        0x08003c4f   Thumb Code     2  stm32f4xx_hal_tim.o(.text.HAL_TIM_PWM_PulseFinishedCallback)
    HAL_TIM_PeriodElapsedCallback            0x08003c51   Thumb Code   122  main.o(.text.HAL_TIM_PeriodElapsedCallback)
    HAL_TIM_TriggerCallback                  0x08003ccb   Thumb Code     2  stm32f4xx_hal_tim.o(.text.HAL_TIM_TriggerCallback)
    HalfStep                                 0x08003ccd   Thumb Code   220  main.o(.text.HalfStep)
    HardFault_Handler                        0x08003da9   Thumb Code     2  stm32f4xx_it.o(.text.HardFault_Handler)
    LCD_Delay                                0x08003dab   Thumb Code     4  stm32f429i_discovery.o(.text.LCD_Delay)
    LCD_DisplayString                        0x08003db1   Thumb Code   104  main.o(.text.LCD_DisplayString)
    LCD_IO_Init                              0x08003e19   Thumb Code   208  stm32f429i_discovery.o(.text.LCD_IO_Init)
    LCD_IO_ReadData                          0x08003ee9   Thumb Code   122  stm32f429i_discovery.o(.text.LCD_IO_ReadData)
    LCD_IO_WriteData                         0x08003f63   Thumb Code    56  stm32f429i_discovery.o(.text.LCD_IO_WriteData)
    LCD_IO_WriteReg                          0x08003f9b   Thumb Code    56  stm32f429i_discovery.o(.text.LCD_IO_WriteReg)
    MemManage_Handler                        0x080040f5   Thumb Code     2  stm32f4xx_it.o(.text.MemManage_Handler)
    NMI_Handler                              0x080040f7   Thumb Code     2  stm32f4xx_it.o(.text.NMI_Handler)
    PendSV_Handler                           0x080040f9   Thumb Code     2  stm32f4xx_it.o(.text.PendSV_Handler)
    SVC_Handler                              0x08004369   Thumb Code     2  stm32f4xx_it.o(.text.SVC_Handler)
    SysTick_Handler                          0x0800436b   Thumb Code     4  stm32f4xx_it.o(.text.SysTick_Handler)
    SystemInit                               0x0800436f   Thumb Code    18  system_stm32f4xx.o(.text.SystemInit)
    TIM3_Config                              0x08004381   Thumb Code   120  main.o(.text.TIM3_Config)
    TIM3_IRQHandler                          0x080043f9   Thumb Code    12  stm32f4xx_it.o(.text.TIM3_IRQHandler)
    TIM4_IRQHandler                          0x08004405   Thumb Code    12  stm32f4xx_it.o(.text.TIM4_IRQHandler)
    TIM4_OC_Config                           0x08004411   Thumb Code    64  main.o(.text.TIM4_OC_Config)
    TIM_Base_SetConfig                       0x08004451   Thumb Code   284  stm32f4xx_hal_tim.o(.text.TIM_Base_SetConfig)
    TIM_OC2_SetConfig                        0x080045d1   Thumb Code   104  stm32f4xx_hal_tim.o(.text.TIM_OC2_SetConfig)
    UsageFault_Handler                       0x080046ed   Thumb Code     2  stm32f4xx_it.o(.text.UsageFault_Handler)
    getNewIndex                              0x080046f1   Thumb Code   310  main.o(.text.getNewIndex)
    ili9341_DisplayOff                       0x08004827   Thumb Code     6  ili9341.o(.text.ili9341_DisplayOff)
    ili9341_DisplayOn                        0x0800482d   Thumb Code     6  ili9341.o(.text.ili9341_DisplayOn)
    ili9341_GetLcdPixelHeight                0x08004833   Thumb Code     6  ili9341.o(.text.ili9341_GetLcdPixelHeight)
    ili9341_GetLcdPixelWidth                 0x08004839   Thumb Code     4  ili9341.o(.text.ili9341_GetLcdPixelWidth)
    ili9341_Init                             0x0800483d   Thumb Code   658  ili9341.o(.text.ili9341_Init)
    ili9341_ReadID                           0x08004acf   Thumb Code    18  ili9341.o(.text.ili9341_ReadID)
    main                                     0x08004ae1   Thumb Code   612  main.o(.text.main)
    _btod_d2e                                0x08004d49   Thumb Code    62  btod.o(CL$$btod_d2e)
    _d2e_denorm_low                          0x08004d87   Thumb Code    70  btod.o(CL$$btod_d2e_denorm_low)
    _d2e_norm_op1                            0x08004dcd   Thumb Code    96  btod.o(CL$$btod_d2e_norm_op1)
    __btod_div_common                        0x08004e2d   Thumb Code   696  btod.o(CL$$btod_div_common)
    _e2e                                     0x08005165   Thumb Code   220  btod.o(CL$$btod_e2e)
    _btod_ediv                               0x08005241   Thumb Code    42  btod.o(CL$$btod_ediv)
    _btod_emul                               0x0800526b   Thumb Code    42  btod.o(CL$$btod_emul)
    __btod_mult_common                       0x08005295   Thumb Code   580  btod.o(CL$$btod_mult_common)
    __ARM_fpclassify                         0x080054d9   Thumb Code    48  fpclassify.o(i.__ARM_fpclassify)
    _is_digit                                0x08005509   Thumb Code    14  __printf_wp.o(i._is_digit)
    _get_lc_numeric                          0x08005519   Thumb Code    44  lc_numeric_c.o(locale$$code)
    _fp_init                                 0x08005545   Thumb Code    26  fpinit.o(x$fpl$fpinit)
    __fplib_config_fpu_vfp                   0x0800555d   Thumb Code     0  fpinit.o(x$fpl$fpinit)
    __fplib_config_pureend_doubles           0x0800555d   Thumb Code     0  fpinit.o(x$fpl$fpinit)
    _printf_fp_dec                           0x0800555f   Thumb Code     4  printf1.o(x$fpl$printf1)
    __I$use$fp                               0x08005562   Number         0  usenofp.o(x$fpl$usenofp)
    AHBPrescTable                            0x080055f8   Data          16  system_stm32f4xx.o(.rodata.AHBPrescTable)
    Font20_Table                             0x08005608   Data        3800  stm32f429i_discovery_lcd.o(.rodata.Font20_Table)
    Font24_Table                             0x080064e0   Data        6840  stm32f429i_discovery_lcd.o(.rodata.Font24_Table)
    GPIO_PIN                                 0x08007f98   Data           4  stm32f429i_discovery.o(.rodata.GPIO_PIN)
    Region$$Table$$Base                      0x08007fe8   Number         0  anon$$obj.o(Region$$Table)
    Region$$Table$$Limit                     0x08008008   Number         0  anon$$obj.o(Region$$Table)
    Font20                                   0x20000000   Data           8  stm32f429i_discovery_lcd.o(.data.Font20)
    Font24                                   0x20000008   Data           8  stm32f429i_discovery_lcd.o(.data.Font24)
    GPIO_PORT                                0x20000010   Data           8  stm32f429i_discovery.o(.data.GPIO_PORT)
    SpixTimeout                              0x20000018   Data           4  stm32f429i_discovery.o(.data.SpixTimeout)
    SystemCoreClock                          0x2000001c   Data           4  system_stm32f4xx.o(.data.SystemCoreClock)
    blackCCWfull                             0x20000020   Data           8  main.o(.data.blackCCWfull)
    blackCCWhalf                             0x20000028   Data           8  main.o(.data.blackCCWhalf)
    blackCWfull                              0x20000030   Data           8  main.o(.data.blackCWfull)
    blackCWhalf                              0x20000038   Data           8  main.o(.data.blackCWhalf)
    grayCCWfull                              0x20000040   Data           8  main.o(.data.grayCCWfull)
    grayCCWhalf                              0x20000048   Data           8  main.o(.data.grayCCWhalf)
    grayCWfull                               0x20000050   Data           8  main.o(.data.grayCWfull)
    grayCWhalf                               0x20000058   Data           8  main.o(.data.grayCWhalf)
    ili9341_drv                              0x20000060   Data          56  ili9341.o(.data.ili9341_drv)
    redCCWfull                               0x20000098   Data           8  main.o(.data.redCCWfull)
    redCCWhalf                               0x200000a0   Data           8  main.o(.data.redCCWhalf)
    redCWfull                                0x200000a8   Data           8  main.o(.data.redCWfull)
    redCWhalf                                0x200000b0   Data           8  main.o(.data.redCWhalf)
    uwTickFreq                               0x200000b8   Data           1  stm32f4xx_hal.o(.data.uwTickFreq)
    uwTickPrio                               0x200000bc   Data           4  stm32f4xx_hal.o(.data.uwTickPrio)
    yellowCCWfull                            0x200000c0   Data           8  main.o(.data.yellowCCWfull)
    yellowCCWhalf                            0x200000c8   Data           8  main.o(.data.yellowCCWhalf)
    yellowCWfull                             0x200000d0   Data           8  main.o(.data.yellowCWfull)
    yellowCWhalf                             0x200000d8   Data           8  main.o(.data.yellowCWhalf)
    __libspace_start                         0x200000e0   Data          96  libspace.o(.bss)
    __temporary_stack_top$libspace           0x20000140   Data           0  libspace.o(.bss)
    LcdDrv                                   0x20000214   Data           4  stm32f429i_discovery_lcd.o(.bss.LcdDrv)
    LtdcHandler                              0x20000218   Data         168  stm32f429i_discovery_lcd.o(.bss.LtdcHandler)
    Tim3_Handle                              0x2000037c   Data          72  main.o(.bss.Tim3_Handle)
    Tim3_PrescalerValue                      0x200003c4   Data           2  main.o(.bss.Tim3_PrescalerValue)
    Tim4_CCR                                 0x200003c6   Data           2  main.o(.bss.Tim4_CCR)
    Tim4_Handle                              0x200003c8   Data          72  main.o(.bss.Tim4_Handle)
    Tim4_OCInitStructure                     0x20000410   Data          28  main.o(.bss.Tim4_OCInitStructure)
    Tim4_PrescalerValue                      0x2000042c   Data           2  main.o(.bss.Tim4_PrescalerValue)
    orientation                              0x2000044c   Data           4  main.o(.bss.orientation)
    prescaler                                0x20000450   Data           4  main.o(.bss.prescaler)
    state                                    0x20000454   Data           4  main.o(.bss.state)
    state_temp                               0x20000458   Data           4  main.o(.bss.state_temp)
    step_type                                0x2000045c   Data           4  main.o(.bss.step_type)
    tim3_ctr                                 0x20000460   Data           4  main.o(.bss.tim3_ctr)
    uwTick                                   0x20000464   Data           4  stm32f4xx_hal.o(.bss.uwTick)



==============================================================================

Memory Map of the image

  Image Entry point : 0x080001ad

  Load Region LR_IROM1 (Base: 0x08000000, Size: 0x00008108, Max: 0x00200000, ABSOLUTE)

    Execution Region ER_IROM1 (Exec base: 0x08000000, Load base: 0x08000000, Size: 0x00008024, Max: 0x00200000, ABSOLUTE)

    Exec Addr    Load Addr    Size         Type   Attr      Idx    E Section Name        Object

    0x08000000   0x08000000   0x000001ac   Data   RO         1870    RESET               startup_stm32f429xx.o
    0x080001ac   0x080001ac   0x00000008   Code   RO         1931  * !!!main             c_w.l(__main.o)
    0x080001b4   0x080001b4   0x00000034   Code   RO         2177    !!!scatter          c_w.l(__scatter.o)
    0x080001e8   0x080001e8   0x0000001a   Code   RO         2179    !!handler_copy      c_w.l(__scatter_copy.o)
    0x08000202   0x08000202   0x00000002   PAD
    0x08000204   0x08000204   0x0000001c   Code   RO         2181    !!handler_zi        c_w.l(__scatter_zi.o)
    0x08000220   0x08000220   0x00000000   Code   RO         1926    .ARM.Collect$$_printf_percent$$00000000  c_w.l(_printf_percent.o)
    0x08000220   0x08000220   0x00000006   Code   RO         1925    .ARM.Collect$$_printf_percent$$00000003  c_w.l(_printf_f.o)
    0x08000226   0x08000226   0x00000006   Code   RO         1924    .ARM.Collect$$_printf_percent$$00000009  c_w.l(_printf_d.o)
    0x0800022c   0x0800022c   0x00000004   Code   RO         1952    .ARM.Collect$$_printf_percent$$00000017  c_w.l(_printf_percent_end.o)
    0x08000230   0x08000230   0x00000002   Code   RO         2040    .ARM.Collect$$libinit$$00000000  c_w.l(libinit.o)
    0x08000232   0x08000232   0x00000004   Code   RO         2041    .ARM.Collect$$libinit$$00000001  c_w.l(libinit2.o)
    0x08000236   0x08000236   0x00000000   Code   RO         2044    .ARM.Collect$$libinit$$00000004  c_w.l(libinit2.o)
    0x08000236   0x08000236   0x00000000   Code   RO         2046    .ARM.Collect$$libinit$$00000006  c_w.l(libinit2.o)
    0x08000236   0x08000236   0x00000000   Code   RO         2049    .ARM.Collect$$libinit$$0000000C  c_w.l(libinit2.o)
    0x08000236   0x08000236   0x00000000   Code   RO         2051    .ARM.Collect$$libinit$$0000000E  c_w.l(libinit2.o)
    0x08000236   0x08000236   0x00000000   Code   RO         2053    .ARM.Collect$$libinit$$00000010  c_w.l(libinit2.o)
    0x08000236   0x08000236   0x00000006   Code   RO         2054    .ARM.Collect$$libinit$$00000011  c_w.l(libinit2.o)
    0x0800023c   0x0800023c   0x00000000   Code   RO         2056    .ARM.Collect$$libinit$$00000013  c_w.l(libinit2.o)
    0x0800023c   0x0800023c   0x00000000   Code   RO         2058    .ARM.Collect$$libinit$$00000015  c_w.l(libinit2.o)
    0x0800023c   0x0800023c   0x00000000   Code   RO         2060    .ARM.Collect$$libinit$$00000017  c_w.l(libinit2.o)
    0x0800023c   0x0800023c   0x0000000a   Code   RO         2061    .ARM.Collect$$libinit$$00000018  c_w.l(libinit2.o)
    0x08000246   0x08000246   0x00000000   Code   RO         2062    .ARM.Collect$$libinit$$00000019  c_w.l(libinit2.o)
    0x08000246   0x08000246   0x00000000   Code   RO         2064    .ARM.Collect$$libinit$$0000001B  c_w.l(libinit2.o)
    0x08000246   0x08000246   0x00000000   Code   RO         2066    .ARM.Collect$$libinit$$0000001D  c_w.l(libinit2.o)
    0x08000246   0x08000246   0x00000000   Code   RO         2068    .ARM.Collect$$libinit$$0000001F  c_w.l(libinit2.o)
    0x08000246   0x08000246   0x00000000   Code   RO         2070    .ARM.Collect$$libinit$$00000021  c_w.l(libinit2.o)
    0x08000246   0x08000246   0x00000000   Code   RO         2072    .ARM.Collect$$libinit$$00000023  c_w.l(libinit2.o)
    0x08000246   0x08000246   0x00000000   Code   RO         2074    .ARM.Collect$$libinit$$00000025  c_w.l(libinit2.o)
    0x08000246   0x08000246   0x00000000   Code   RO         2076    .ARM.Collect$$libinit$$00000027  c_w.l(libinit2.o)
    0x08000246   0x08000246   0x00000000   Code   RO         2080    .ARM.Collect$$libinit$$0000002E  c_w.l(libinit2.o)
    0x08000246   0x08000246   0x00000000   Code   RO         2082    .ARM.Collect$$libinit$$00000030  c_w.l(libinit2.o)
    0x08000246   0x08000246   0x00000000   Code   RO         2084    .ARM.Collect$$libinit$$00000032  c_w.l(libinit2.o)
    0x08000246   0x08000246   0x00000000   Code   RO         2086    .ARM.Collect$$libinit$$00000034  c_w.l(libinit2.o)
    0x08000246   0x08000246   0x00000002   Code   RO         2087    .ARM.Collect$$libinit$$00000035  c_w.l(libinit2.o)
    0x08000248   0x08000248   0x00000002   Code   RO         2142    .ARM.Collect$$libshutdown$$00000000  c_w.l(libshutdown.o)
    0x0800024a   0x0800024a   0x00000000   Code   RO         2160    .ARM.Collect$$libshutdown$$00000002  c_w.l(libshutdown2.o)
    0x0800024a   0x0800024a   0x00000000   Code   RO         2162    .ARM.Collect$$libshutdown$$00000004  c_w.l(libshutdown2.o)
    0x0800024a   0x0800024a   0x00000000   Code   RO         2165    .ARM.Collect$$libshutdown$$00000007  c_w.l(libshutdown2.o)
    0x0800024a   0x0800024a   0x00000000   Code   RO         2168    .ARM.Collect$$libshutdown$$0000000A  c_w.l(libshutdown2.o)
    0x0800024a   0x0800024a   0x00000000   Code   RO         2170    .ARM.Collect$$libshutdown$$0000000C  c_w.l(libshutdown2.o)
    0x0800024a   0x0800024a   0x00000000   Code   RO         2173    .ARM.Collect$$libshutdown$$0000000F  c_w.l(libshutdown2.o)
    0x0800024a   0x0800024a   0x00000002   Code   RO         2174    .ARM.Collect$$libshutdown$$00000010  c_w.l(libshutdown2.o)
    0x0800024c   0x0800024c   0x00000000   Code   RO         1937    .ARM.Collect$$rtentry$$00000000  c_w.l(__rtentry.o)
    0x0800024c   0x0800024c   0x00000000   Code   RO         1959    .ARM.Collect$$rtentry$$00000002  c_w.l(__rtentry2.o)
    0x0800024c   0x0800024c   0x00000006   Code   RO         1971    .ARM.Collect$$rtentry$$00000004  c_w.l(__rtentry4.o)
    0x08000252   0x08000252   0x00000000   Code   RO         1961    .ARM.Collect$$rtentry$$00000009  c_w.l(__rtentry2.o)
    0x08000252   0x08000252   0x00000004   Code   RO         1962    .ARM.Collect$$rtentry$$0000000A  c_w.l(__rtentry2.o)
    0x08000256   0x08000256   0x00000000   Code   RO         1964    .ARM.Collect$$rtentry$$0000000C  c_w.l(__rtentry2.o)
    0x08000256   0x08000256   0x00000008   Code   RO         1965    .ARM.Collect$$rtentry$$0000000D  c_w.l(__rtentry2.o)
    0x0800025e   0x0800025e   0x00000002   Code   RO         2088    .ARM.Collect$$rtexit$$00000000  c_w.l(rtexit.o)
    0x08000260   0x08000260   0x00000000   Code   RO         2107    .ARM.Collect$$rtexit$$00000002  c_w.l(rtexit2.o)
    0x08000260   0x08000260   0x00000004   Code   RO         2108    .ARM.Collect$$rtexit$$00000003  c_w.l(rtexit2.o)
    0x08000264   0x08000264   0x00000006   Code   RO         2109    .ARM.Collect$$rtexit$$00000004  c_w.l(rtexit2.o)
    0x0800026a   0x0800026a   0x00000002   PAD
    0x0800026c   0x0800026c   0x00000040   Code   RO         1871    .text               startup_stm32f429xx.o
    0x080002ac   0x080002ac   0x000000f0   Code   RO         1894    .text               c_w.l(lludivv7m.o)
    0x0800039c   0x0800039c   0x00000028   Code   RO         1898    .text               c_w.l(noretval__2sprintf.o)
    0x080003c4   0x080003c4   0x00000078   Code   RO         1902    .text               c_w.l(_printf_dec.o)
    0x0800043c   0x0800043c   0x0000010e   Code   RO         1912    .text               c_w.l(__printf_wp.o)
    0x0800054a   0x0800054a   0x0000004e   Code   RO         1927    .text               c_w.l(rt_memclr_w.o)
    0x08000598   0x08000598   0x00000006   Code   RO         1929    .text               c_w.l(heapauxi.o)
    0x0800059e   0x0800059e   0x000000b2   Code   RO         1942    .text               c_w.l(_printf_intcommon.o)
    0x08000650   0x08000650   0x0000041c   Code   RO         1944    .text               c_w.l(_printf_fp_dec.o)
    0x08000a6c   0x08000a6c   0x00000030   Code   RO         1948    .text               c_w.l(_printf_char_common.o)
    0x08000a9c   0x08000a9c   0x0000000a   Code   RO         1950    .text               c_w.l(_sputc.o)
    0x08000aa6   0x08000aa6   0x00000002   PAD
    0x08000aa8   0x08000aa8   0x00000008   Code   RO         1978    .text               c_w.l(rt_locale_intlibspace.o)
    0x08000ab0   0x08000ab0   0x0000008a   Code   RO         1980    .text               c_w.l(lludiv10.o)
    0x08000b3a   0x08000b3a   0x00000002   PAD
    0x08000b3c   0x08000b3c   0x00000080   Code   RO         1982    .text               c_w.l(_printf_fp_infnan.o)
    0x08000bbc   0x08000bbc   0x000000e4   Code   RO         1986    .text               c_w.l(bigflt0.o)
    0x08000ca0   0x08000ca0   0x00000008   Code   RO         2020    .text               c_w.l(libspace.o)
    0x08000ca8   0x08000ca8   0x0000004a   Code   RO         2023    .text               c_w.l(sys_stackheap_outer.o)
    0x08000cf2   0x08000cf2   0x00000012   Code   RO         2027    .text               c_w.l(exit.o)
    0x08000d04   0x08000d04   0x00000004   PAD
    0x08000d08   0x08000d08   0x0000007c   Code   RO         2033    .text               c_w.l(strcmpv7em.o)
    0x08000d84   0x08000d84   0x0000000c   Code   RO         2102    .text               c_w.l(sys_exit.o)
    0x08000d90   0x08000d90   0x00000002   Code   RO         2129    .text               c_w.l(use_no_semi.o)
    0x08000d92   0x08000d92   0x00000000   Code   RO         2131    .text               c_w.l(indicate_semi.o)
    0x08000d92   0x08000d92   0x00000002   Code   RO          122    .text.ADC_IRQHandler  stm32f4xx_it.o
    0x08000d94   0x08000d94   0x0000004c   Code   RO          382    .text.BSP_LCD_Clear  stm32f429i_discovery_lcd.o
    0x08000de0   0x08000de0   0x00000122   Code   RO          390    .text.BSP_LCD_DisplayChar  stm32f429i_discovery_lcd.o
    0x08000f02   0x08000f02   0x00000012   Code   RO          422    .text.BSP_LCD_DisplayOn  stm32f429i_discovery_lcd.o
    0x08000f14   0x08000f14   0x0000001e   Code   RO          378    .text.BSP_LCD_GetFont  stm32f429i_discovery_lcd.o
    0x08000f32   0x08000f32   0x00000012   Code   RO          336    .text.BSP_LCD_GetXSize  stm32f429i_discovery_lcd.o
    0x08000f44   0x08000f44   0x000000ba   Code   RO          330    .text.BSP_LCD_Init  stm32f429i_discovery_lcd.o
    0x08000ffe   0x08000ffe   0x00000096   Code   RO          340    .text.BSP_LCD_LayerDefaultInit  stm32f429i_discovery_lcd.o
    0x08001094   0x08001094   0x00000144   Code   RO          332    .text.BSP_LCD_MspInit  stm32f429i_discovery_lcd.o
    0x080011d8   0x080011d8   0x0000000c   Code   RO          342    .text.BSP_LCD_SelectLayer  stm32f429i_discovery_lcd.o
    0x080011e4   0x080011e4   0x0000001e   Code   RO          334    .text.BSP_LCD_SetFont  stm32f429i_discovery_lcd.o
    0x08001202   0x08001202   0x0000002a   Code   RO          344    .text.BSP_LCD_SetLayerVisible  stm32f429i_discovery_lcd.o
    0x0800122c   0x0800122c   0x00000064   Code   RO          240    .text.BSP_LED_Init  stm32f429i_discovery.o
    0x08001290   0x08001290   0x00000020   Code   RO          242    .text.BSP_LED_On    stm32f429i_discovery.o
    0x080012b0   0x080012b0   0x0000001e   Code   RO          246    .text.BSP_LED_Toggle  stm32f429i_discovery.o
    0x080012ce   0x080012ce   0x00000088   Code   RO          450    .text.BSP_SDRAM_Init  stm32f429i_discovery_sdram.o
    0x08001356   0x08001356   0x00000096   Code   RO          454    .text.BSP_SDRAM_Initialization_sequence  stm32f429i_discovery_sdram.o
    0x080013ec   0x080013ec   0x0000018c   Code   RO          452    .text.BSP_SDRAM_MspInit  stm32f429i_discovery_sdram.o
    0x08001578   0x08001578   0x00000002   Code   RO          100    .text.BusFault_Handler  stm32f4xx_it.o
    0x0800157a   0x0800157a   0x00000002   PAD
    0x0800157c   0x0800157c   0x000000a2   Code   RO          683    .text.DMA2D_SetConfig  stm32f4xx_hal_dma2d.o
    0x0800161e   0x0800161e   0x00000002   Code   RO          106    .text.DebugMon_Handler  stm32f4xx_it.o
    0x08001620   0x08001620   0x00000006   Code   RO          112    .text.EXTI0_IRQHandler  stm32f4xx_it.o
    0x08001626   0x08001626   0x00000030   Code   RO          114    .text.EXTI1_IRQHandler  stm32f4xx_it.o
    0x08001656   0x08001656   0x00000030   Code   RO          116    .text.EXTI2_IRQHandler  stm32f4xx_it.o
    0x08001686   0x08001686   0x00000030   Code   RO          118    .text.EXTI3_IRQHandler  stm32f4xx_it.o
    0x080016b6   0x080016b6   0x00000030   Code   RO          120    .text.EXTI4_IRQHandler  stm32f4xx_it.o
    0x080016e6   0x080016e6   0x0000005c   Code   RO           24    .text.ExtBtn1_Config  main.o
    0x08001742   0x08001742   0x0000005c   Code   RO           26    .text.ExtBtn2_Config  main.o
    0x0800179e   0x0800179e   0x0000005c   Code   RO           28    .text.ExtBtn3_Config  main.o
    0x080017fa   0x080017fa   0x0000005c   Code   RO           30    .text.ExtBtn4_Config  main.o
    0x08001856   0x08001856   0x0000007a   Code   RO         1843    .text.FMC_SDRAM_Init  stm32f4xx_ll_fmc.o
    0x080018d0   0x080018d0   0x00000014   Code   RO         1855    .text.FMC_SDRAM_ProgramRefreshRate  stm32f4xx_ll_fmc.o
    0x080018e4   0x080018e4   0x0000005a   Code   RO         1853    .text.FMC_SDRAM_SendCommand  stm32f4xx_ll_fmc.o
    0x0800193e   0x0800193e   0x000000d4   Code   RO         1845    .text.FMC_SDRAM_Timing_Init  stm32f4xx_ll_fmc.o
    0x08001a12   0x08001a12   0x00000078   Code   RO          384    .text.FillBuffer    stm32f429i_discovery_lcd.o
    0x08001a8a   0x08001a8a   0x000000dc   Code   RO            4    .text.FullStep      main.o
    0x08001b66   0x08001b66   0x00000096   Code   RO          717    .text.HAL_DMA2D_ConfigLayer  stm32f4xx_hal_dma2d.o
    0x08001bfc   0x08001bfc   0x00000054   Code   RO          669    .text.HAL_DMA2D_Init  stm32f4xx_hal_dma2d.o
    0x08001c50   0x08001c50   0x00000002   Code   RO          671    .text.HAL_DMA2D_MspInit  stm32f4xx_hal_dma2d.o
    0x08001c52   0x08001c52   0x00000002   PAD
    0x08001c54   0x08001c54   0x000000fa   Code   RO          709    .text.HAL_DMA2D_PollForTransfer  stm32f4xx_hal_dma2d.o
    0x08001d4e   0x08001d4e   0x0000003a   Code   RO          681    .text.HAL_DMA2D_Start  stm32f4xx_hal_dma2d.o
    0x08001d88   0x08001d88   0x00000086   Code   RO          638    .text.HAL_DMA_DeInit  stm32f4xx_hal_dma.o
    0x08001e0e   0x08001e0e   0x00000002   PAD
    0x08001e10   0x08001e10   0x00000148   Code   RO          636    .text.HAL_DMA_Init  stm32f4xx_hal_dma.o
    0x08001f58   0x08001f58   0x00000028   Code   RO          541    .text.HAL_Delay     stm32f4xx_hal.o
    0x08001f80   0x08001f80   0x000003e4   Code   RO           36    .text.HAL_GPIO_EXTI_Callback  main.o
    0x08002364   0x08002364   0x00000016   Code   RO          793    .text.HAL_GPIO_EXTI_IRQHandler  stm32f4xx_hal_gpio.o
    0x0800237a   0x0800237a   0x00000002   PAD
    0x0800237c   0x0800237c   0x000001a4   Code   RO          781    .text.HAL_GPIO_Init  stm32f4xx_hal_gpio.o
    0x08002520   0x08002520   0x0000000a   Code   RO          785    .text.HAL_GPIO_ReadPin  stm32f4xx_hal_gpio.o
    0x0800252a   0x0800252a   0x00000010   Code   RO          789    .text.HAL_GPIO_TogglePin  stm32f4xx_hal_gpio.o
    0x0800253a   0x0800253a   0x0000000a   Code   RO          787    .text.HAL_GPIO_WritePin  stm32f4xx_hal_gpio.o
    0x08002544   0x08002544   0x0000000c   Code   RO          533    .text.HAL_GetTick   stm32f4xx_hal.o
    0x08002550   0x08002550   0x0000001a   Code   RO          531    .text.HAL_IncTick   stm32f4xx_hal.o
    0x0800256a   0x0800256a   0x0000002e   Code   RO          521    .text.HAL_Init      stm32f4xx_hal.o
    0x08002598   0x08002598   0x00000050   Code   RO          523    .text.HAL_InitTick  stm32f4xx_hal.o
    0x080025e8   0x080025e8   0x00000076   Code   RO          971    .text.HAL_LTDC_ConfigLayer  stm32f4xx_hal_ltdc.o
    0x0800265e   0x0800265e   0x00000030   Code   RO          987    .text.HAL_LTDC_EnableDither  stm32f4xx_hal_ltdc.o
    0x0800268e   0x0800268e   0x000000e4   Code   RO          955    .text.HAL_LTDC_Init  stm32f4xx_hal_ltdc.o
    0x08002772   0x08002772   0x00000002   Code   RO          957    .text.HAL_LTDC_MspInit  stm32f4xx_hal_ltdc.o
    0x08002774   0x08002774   0x00000002   Code   RO          525    .text.HAL_MspInit   stm32f4xx_hal.o
    0x08002776   0x08002776   0x00000024   Code   RO          594    .text.HAL_NVIC_EnableIRQ  stm32f4xx_hal_cortex.o
    0x0800279a   0x0800279a   0x00000056   Code   RO          592    .text.HAL_NVIC_SetPriority  stm32f4xx_hal_cortex.o
    0x080027f0   0x080027f0   0x00000020   Code   RO          590    .text.HAL_NVIC_SetPriorityGrouping  stm32f4xx_hal_cortex.o
    0x08002810   0x08002810   0x00000078   Code   RO         1098    .text.HAL_PWREx_EnableOverDrive  stm32f4xx_hal_pwr_ex.o
    0x08002888   0x08002888   0x0000023a   Code   RO         1148    .text.HAL_RCCEx_PeriphCLKConfig  stm32f4xx_hal_rcc_ex.o
    0x08002ac2   0x08002ac2   0x00000002   PAD
    0x08002ac4   0x08002ac4   0x0000014e   Code   RO         1116    .text.HAL_RCC_ClockConfig  stm32f4xx_hal_rcc.o
    0x08002c12   0x08002c12   0x0000006a   Code   RO         1118    .text.HAL_RCC_GetSysClockFreq  stm32f4xx_hal_rcc.o
    0x08002c7c   0x08002c7c   0x00000358   Code   RO         1114    .text.HAL_RCC_OscConfig  stm32f4xx_hal_rcc.o
    0x08002fd4   0x08002fd4   0x00000040   Code   RO         1172    .text.HAL_SDRAM_Init  stm32f4xx_hal_sdram.o
    0x08003014   0x08003014   0x00000002   Code   RO         1174    .text.HAL_SDRAM_MspInit  stm32f4xx_hal_sdram.o
    0x08003016   0x08003016   0x00000030   Code   RO         1216    .text.HAL_SDRAM_ProgramRefreshRate  stm32f4xx_hal_sdram.o
    0x08003046   0x08003046   0x0000003c   Code   RO         1214    .text.HAL_SDRAM_SendCommand  stm32f4xx_hal_sdram.o
    0x08003082   0x08003082   0x0000002e   Code   RO         1236    .text.HAL_SPI_DeInit  stm32f4xx_hal_spi.o
    0x080030b0   0x080030b0   0x00000006   Code   RO         1332    .text.HAL_SPI_GetState  stm32f4xx_hal_spi.o
    0x080030b6   0x080030b6   0x000000c2   Code   RO         1232    .text.HAL_SPI_Init  stm32f4xx_hal_spi.o
    0x08003178   0x08003178   0x00000002   Code   RO         1238    .text.HAL_SPI_MspDeInit  stm32f4xx_hal_spi.o
    0x0800317a   0x0800317a   0x00000002   Code   RO         1234    .text.HAL_SPI_MspInit  stm32f4xx_hal_spi.o
    0x0800317c   0x0800317c   0x000001e0   Code   RO         1244    .text.HAL_SPI_Receive  stm32f4xx_hal_spi.o
    0x0800335c   0x0800335c   0x0000019e   Code   RO         1240    .text.HAL_SPI_Transmit  stm32f4xx_hal_spi.o
    0x080034fa   0x080034fa   0x00000002   PAD
    0x080034fc   0x080034fc   0x0000027a   Code   RO         1246    .text.HAL_SPI_TransmitReceive  stm32f4xx_hal_spi.o
    0x08003776   0x08003776   0x0000002c   Code   RO          602    .text.HAL_SYSTICK_Config  stm32f4xx_hal_cortex.o
    0x080037a2   0x080037a2   0x00000002   Code   RO         1669    .text.HAL_TIMEx_BreakCallback  stm32f4xx_hal_tim_ex.o
    0x080037a4   0x080037a4   0x00000002   Code   RO         1665    .text.HAL_TIMEx_CommutCallback  stm32f4xx_hal_tim_ex.o
    0x080037a6   0x080037a6   0x00000058   Code   RO         1358    .text.HAL_TIM_Base_Init  stm32f4xx_hal_tim.o
    0x080037fe   0x080037fe   0x00000038   Code   RO           82    .text.HAL_TIM_Base_MspInit  stm32f4xx_hal_msp.o
    0x08003836   0x08003836   0x000000a0   Code   RO         1372    .text.HAL_TIM_Base_Start_IT  stm32f4xx_hal_tim.o
    0x080038d6   0x080038d6   0x00000002   Code   RO         1494    .text.HAL_TIM_IC_CaptureCallback  stm32f4xx_hal_tim.o
    0x080038d8   0x080038d8   0x0000016a   Code   RO         1492    .text.HAL_TIM_IRQHandler  stm32f4xx_hal_tim.o
    0x08003a42   0x08003a42   0x00000002   PAD
    0x08003a44   0x08003a44   0x0000004e   Code   RO         1504    .text.HAL_TIM_OC_ConfigChannel  stm32f4xx_hal_tim.o
    0x08003a92   0x08003a92   0x00000008   Code   RO           38    .text.HAL_TIM_OC_DelayElapsedCallback  main.o
    0x08003a9a   0x08003a9a   0x00000058   Code   RO         1386    .text.HAL_TIM_OC_Init  stm32f4xx_hal_tim.o
    0x08003af2   0x08003af2   0x00000038   Code   RO           84    .text.HAL_TIM_OC_MspInit  stm32f4xx_hal_msp.o
    0x08003b2a   0x08003b2a   0x00000124   Code   RO         1400    .text.HAL_TIM_OC_Start_IT  stm32f4xx_hal_tim.o
    0x08003c4e   0x08003c4e   0x00000002   Code   RO         1498    .text.HAL_TIM_PWM_PulseFinishedCallback  stm32f4xx_hal_tim.o
    0x08003c50   0x08003c50   0x0000007a   Code   RO           40    .text.HAL_TIM_PeriodElapsedCallback  main.o
    0x08003cca   0x08003cca   0x00000002   Code   RO         1502    .text.HAL_TIM_TriggerCallback  stm32f4xx_hal_tim.o
    0x08003ccc   0x08003ccc   0x000000dc   Code   RO            6    .text.HalfStep      main.o
    0x08003da8   0x08003da8   0x00000002   Code   RO           96    .text.HardFault_Handler  stm32f4xx_it.o
    0x08003daa   0x08003daa   0x00000004   Code   RO          264    .text.LCD_Delay     stm32f429i_discovery.o
    0x08003dae   0x08003dae   0x00000002   PAD
    0x08003db0   0x08003db0   0x00000068   Code   RO           20    .text.LCD_DisplayString  main.o
    0x08003e18   0x08003e18   0x000000d0   Code   RO          252    .text.LCD_IO_Init   stm32f429i_discovery.o
    0x08003ee8   0x08003ee8   0x0000007a   Code   RO          262    .text.LCD_IO_ReadData  stm32f429i_discovery.o
    0x08003f62   0x08003f62   0x00000038   Code   RO          256    .text.LCD_IO_WriteData  stm32f429i_discovery.o
    0x08003f9a   0x08003f9a   0x00000038   Code   RO          260    .text.LCD_IO_WriteReg  stm32f429i_discovery.o
    0x08003fd2   0x08003fd2   0x00000120   Code   RO          973    .text.LTDC_SetConfig  stm32f4xx_hal_ltdc.o
    0x080040f2   0x080040f2   0x00000002   PAD
    0x080040f4   0x080040f4   0x00000002   Code   RO           98    .text.MemManage_Handler  stm32f4xx_it.o
    0x080040f6   0x080040f6   0x00000002   Code   RO           94    .text.NMI_Handler   stm32f4xx_it.o
    0x080040f8   0x080040f8   0x00000002   Code   RO          108    .text.PendSV_Handler  stm32f4xx_it.o
    0x080040fa   0x080040fa   0x00000056   Code   RO         1250    .text.SPI_EndRxTransaction  stm32f4xx_hal_spi.o
    0x08004150   0x08004150   0x00000066   Code   RO         1242    .text.SPI_EndRxTxTransaction  stm32f4xx_hal_spi.o
    0x080041b6   0x080041b6   0x00000002   PAD
    0x080041b8   0x080041b8   0x000000da   Code   RO         1248    .text.SPI_WaitFlagStateUntilTimeout  stm32f4xx_hal_spi.o
    0x08004292   0x08004292   0x0000009c   Code   RO          254    .text.SPIx_Init     stm32f429i_discovery.o
    0x0800432e   0x0800432e   0x0000003a   Code   RO          258    .text.SPIx_Write    stm32f429i_discovery.o
    0x08004368   0x08004368   0x00000002   Code   RO          104    .text.SVC_Handler   stm32f4xx_it.o
    0x0800436a   0x0800436a   0x00000004   Code   RO          110    .text.SysTick_Handler  stm32f4xx_it.o
    0x0800436e   0x0800436e   0x00000012   Code   RO         1878    .text.SystemInit    system_stm32f4xx.o
    0x08004380   0x08004380   0x00000078   Code   RO           14    .text.TIM3_Config   main.o
    0x080043f8   0x080043f8   0x0000000c   Code   RO          124    .text.TIM3_IRQHandler  stm32f4xx_it.o
    0x08004404   0x08004404   0x0000000c   Code   RO          126    .text.TIM4_IRQHandler  stm32f4xx_it.o
    0x08004410   0x08004410   0x00000040   Code   RO           18    .text.TIM4_OC_Config  main.o
    0x08004450   0x08004450   0x0000011c   Code   RO         1362    .text.TIM_Base_SetConfig  stm32f4xx_hal_tim.o
    0x0800456c   0x0800456c   0x00000064   Code   RO         1506    .text.TIM_OC1_SetConfig  stm32f4xx_hal_tim.o
    0x080045d0   0x080045d0   0x00000068   Code   RO         1508    .text.TIM_OC2_SetConfig  stm32f4xx_hal_tim.o
    0x08004638   0x08004638   0x00000066   Code   RO         1510    .text.TIM_OC3_SetConfig  stm32f4xx_hal_tim.o
    0x0800469e   0x0800469e   0x0000004e   Code   RO         1512    .text.TIM_OC4_SetConfig  stm32f4xx_hal_tim.o
    0x080046ec   0x080046ec   0x00000002   Code   RO          102    .text.UsageFault_Handler  stm32f4xx_it.o
    0x080046ee   0x080046ee   0x00000002   PAD
    0x080046f0   0x080046f0   0x00000136   Code   RO            2    .text.getNewIndex   main.o
    0x08004826   0x08004826   0x00000006   Code   RO          141    .text.ili9341_DisplayOff  ili9341.o
    0x0800482c   0x0800482c   0x00000006   Code   RO          139    .text.ili9341_DisplayOn  ili9341.o
    0x08004832   0x08004832   0x00000006   Code   RO          145    .text.ili9341_GetLcdPixelHeight  ili9341.o
    0x08004838   0x08004838   0x00000004   Code   RO          143    .text.ili9341_GetLcdPixelWidth  ili9341.o
    0x0800483c   0x0800483c   0x00000292   Code   RO          135    .text.ili9341_Init  ili9341.o
    0x08004ace   0x08004ace   0x00000012   Code   RO          137    .text.ili9341_ReadID  ili9341.o
    0x08004ae0   0x08004ae0   0x00000268   Code   RO           12    .text.main          main.o
    0x08004d48   0x08004d48   0x0000003e   Code   RO         1989    CL$$btod_d2e        c_w.l(btod.o)
    0x08004d86   0x08004d86   0x00000046   Code   RO         1991    CL$$btod_d2e_denorm_low  c_w.l(btod.o)
    0x08004dcc   0x08004dcc   0x00000060   Code   RO         1990    CL$$btod_d2e_norm_op1  c_w.l(btod.o)
    0x08004e2c   0x08004e2c   0x00000338   Code   RO         1999    CL$$btod_div_common  c_w.l(btod.o)
    0x08005164   0x08005164   0x000000dc   Code   RO         1996    CL$$btod_e2e        c_w.l(btod.o)
    0x08005240   0x08005240   0x0000002a   Code   RO         1993    CL$$btod_ediv       c_w.l(btod.o)
    0x0800526a   0x0800526a   0x0000002a   Code   RO         1992    CL$$btod_emul       c_w.l(btod.o)
    0x08005294   0x08005294   0x00000244   Code   RO         1998    CL$$btod_mult_common  c_w.l(btod.o)
    0x080054d8   0x080054d8   0x00000030   Code   RO         2018    i.__ARM_fpclassify  m_wm.l(fpclassify.o)
    0x08005508   0x08005508   0x0000000e   Code   RO         1914    i._is_digit         c_w.l(__printf_wp.o)
    0x08005516   0x08005516   0x00000002   PAD
    0x08005518   0x08005518   0x0000002c   Code   RO         2014    locale$$code        c_w.l(lc_numeric_c.o)
    0x08005544   0x08005544   0x0000001a   Code   RO         2100    x$fpl$fpinit        fz_wm.l(fpinit.o)
    0x0800555e   0x0800555e   0x00000004   Code   RO         1935    x$fpl$printf1       fz_wm.l(printf1.o)
    0x08005562   0x08005562   0x00000000   Code   RO         1957    x$fpl$usenofp       fz_wm.l(usenofp.o)
    0x08005562   0x08005562   0x00000002   PAD
    0x08005564   0x08005564   0x00000094   Data   RO         1987    .constdata          c_w.l(bigflt0.o)
    0x080055f8   0x080055f8   0x00000010   Data   RO         1883    .rodata.AHBPrescTable  system_stm32f4xx.o
    0x08005608   0x08005608   0x00000ed8   Data   RO          428    .rodata.Font20_Table  stm32f429i_discovery_lcd.o
    0x080064e0   0x080064e0   0x00001ab8   Data   RO          426    .rodata.Font24_Table  stm32f429i_discovery_lcd.o
    0x08007f98   0x08007f98   0x00000004   Data   RO          291    .rodata.GPIO_PIN    stm32f429i_discovery.o
    0x08007f9c   0x08007f9c   0x00000020   Data   RO         1584    .rodata.cst16       stm32f4xx_hal_tim.o
    0x08007fbc   0x08007fbc   0x00000020   Data   RO         1035    .rodata.cst32       stm32f4xx_hal_ltdc.o
    0x08007fdc   0x08007fdc   0x00000008   Data   RO          660    .rodata.cst8        stm32f4xx_hal_dma.o
    0x08007fe4   0x08007fe4   0x00000003   Data   RO           67    .rodata.str1.1      main.o
    0x08007fe7   0x08007fe7   0x00000001   PAD
    0x08007fe8   0x08007fe8   0x00000020   Data   RO         2176    Region$$Table       anon$$obj.o
    0x08008008   0x08008008   0x0000001c   Data   RO         2013    locale$$data        c_w.l(lc_numeric_c.o)


    Execution Region RW_IRAM1 (Exec base: 0x20000000, Load base: 0x08008028, Size: 0x00000a68, Max: 0x00030000, ABSOLUTE)

    Exec Addr    Load Addr    Size         Type   Attr      Idx    E Section Name        Object

    0x20000000   0x08008028   0x00000008   Data   RW          429    .data.Font20        stm32f429i_discovery_lcd.o
    0x20000008   0x08008030   0x00000008   Data   RW          427    .data.Font24        stm32f429i_discovery_lcd.o
    0x20000010   0x08008038   0x00000008   Data   RW          290    .data.GPIO_PORT     stm32f429i_discovery.o
    0x20000018   0x08008040   0x00000004   Data   RW          296    .data.SpixTimeout   stm32f429i_discovery.o
    0x2000001c   0x08008044   0x00000004   Data   RW         1882    .data.SystemCoreClock  system_stm32f4xx.o
    0x20000020   0x08008048   0x00000008   Data   RW           52    .data.blackCCWfull  main.o
    0x20000028   0x08008050   0x00000008   Data   RW           60    .data.blackCCWhalf  main.o
    0x20000030   0x08008058   0x00000008   Data   RW           48    .data.blackCWfull   main.o
    0x20000038   0x08008060   0x00000008   Data   RW           56    .data.blackCWhalf   main.o
    0x20000040   0x08008068   0x00000008   Data   RW           51    .data.grayCCWfull   main.o
    0x20000048   0x08008070   0x00000008   Data   RW           59    .data.grayCCWhalf   main.o
    0x20000050   0x08008078   0x00000008   Data   RW           47    .data.grayCWfull    main.o
    0x20000058   0x08008080   0x00000008   Data   RW           55    .data.grayCWhalf    main.o
    0x20000060   0x08008088   0x00000038   Data   RW          153    .data.ili9341_drv   ili9341.o
    0x20000098   0x080080c0   0x00000008   Data   RW           50    .data.redCCWfull    main.o
    0x200000a0   0x080080c8   0x00000008   Data   RW           58    .data.redCCWhalf    main.o
    0x200000a8   0x080080d0   0x00000008   Data   RW           46    .data.redCWfull     main.o
    0x200000b0   0x080080d8   0x00000008   Data   RW           54    .data.redCWhalf     main.o
    0x200000b8   0x080080e0   0x00000001   Data   RW          580    .data.uwTickFreq    stm32f4xx_hal.o
    0x200000b9   0x080080e1   0x00000003   PAD
    0x200000bc   0x080080e4   0x00000004   Data   RW          579    .data.uwTickPrio    stm32f4xx_hal.o
    0x200000c0   0x080080e8   0x00000008   Data   RW           53    .data.yellowCCWfull  main.o
    0x200000c8   0x080080f0   0x00000008   Data   RW           61    .data.yellowCCWhalf  main.o
    0x200000d0   0x080080f8   0x00000008   Data   RW           49    .data.yellowCWfull  main.o
    0x200000d8   0x08008100   0x00000008   Data   RW           57    .data.yellowCWhalf  main.o
    0x200000e0        -       0x00000060   Zero   RW         2021    .bss                c_w.l(libspace.o)
    0x20000140        -       0x00000004   Zero   RW          440    .bss.ActiveLayer    stm32f429i_discovery_lcd.o
    0x20000144        -       0x00000001   Zero   RW          470    .bss.BSP_SDRAM_Init.sdramstatus  stm32f429i_discovery_sdram.o
    0x20000145   0x08008108   0x00000003   PAD
    0x20000148        -       0x00000060   Zero   RW          474    .bss.BSP_SDRAM_MspInit.dmaHandle  stm32f429i_discovery_sdram.o
    0x200001a8        -       0x00000010   Zero   RW          473    .bss.Command        stm32f429i_discovery_sdram.o
    0x200001b8        -       0x00000040   Zero   RW          441    .bss.Dma2dHandler   stm32f429i_discovery_lcd.o
    0x200001f8        -       0x00000018   Zero   RW          439    .bss.DrawProp       stm32f429i_discovery_lcd.o
    0x20000210        -       0x00000001   Zero   RW          297    .bss.Is_LCD_IO_Initialized  stm32f429i_discovery.o
    0x20000211   0x08008108   0x00000003   PAD
    0x20000214        -       0x00000004   Zero   RW          438    .bss.LcdDrv         stm32f429i_discovery_lcd.o
    0x20000218        -       0x000000a8   Zero   RW          436    .bss.LtdcHandler    stm32f429i_discovery_lcd.o
    0x200002c0        -       0x00000030   Zero   RW          437    .bss.PeriphClkInitStruct  stm32f429i_discovery_lcd.o
    0x200002f0        -       0x00000034   Zero   RW          471    .bss.SdramHandle    stm32f429i_discovery_sdram.o
    0x20000324        -       0x00000058   Zero   RW          299    .bss.SpiHandle      stm32f429i_discovery.o
    0x2000037c        -       0x00000048   Zero   RW           64    .bss.Tim3_Handle    main.o
    0x200003c4        -       0x00000002   Zero   RW           68    .bss.Tim3_PrescalerValue  main.o
    0x200003c6        -       0x00000002   Zero   RW           66    .bss.Tim4_CCR       main.o
    0x200003c8        -       0x00000048   Zero   RW           70    .bss.Tim4_Handle    main.o
    0x20000410        -       0x0000001c   Zero   RW           71    .bss.Tim4_OCInitStructure  main.o
    0x2000042c        -       0x00000002   Zero   RW           69    .bss.Tim4_PrescalerValue  main.o
    0x2000042e   0x08008108   0x00000002   PAD
    0x20000430        -       0x0000001c   Zero   RW          472    .bss.Timing         stm32f429i_discovery_sdram.o
    0x2000044c        -       0x00000004   Zero   RW           42    .bss.orientation    main.o
    0x20000450        -       0x00000004   Zero   RW           65    .bss.prescaler      main.o
    0x20000454        -       0x00000004   Zero   RW           62    .bss.state          main.o
    0x20000458        -       0x00000004   Zero   RW           72    .bss.state_temp     main.o
    0x2000045c        -       0x00000004   Zero   RW           43    .bss.step_type      main.o
    0x20000460        -       0x00000004   Zero   RW           63    .bss.tim3_ctr       main.o
    0x20000464        -       0x00000004   Zero   RW          581    .bss.uwTick         stm32f4xx_hal.o
    0x20000468        -       0x00000200   Zero   RW         1869    HEAP                startup_stm32f429xx.o
    0x20000668        -       0x00000400   Zero   RW         1868    STACK               startup_stm32f429xx.o


==============================================================================

Image component sizes


      Code (inc. data)   RO Data    RW Data    ZI Data      Debug   Object Name

       698          0          0         56          0       5572   ili9341.o
      3148          4          3        128        202      15986   main.o
        64         26        428          0       1536        896   startup_stm32f429xx.o
       822          0          4         12         89      16536   stm32f429i_discovery.o
      1296          0      10640         16        312      33025   stm32f429i_discovery_lcd.o
       682          0          0          0        193      10009   stm32f429i_discovery_sdram.o
       206          0          0          5          4       7804   stm32f4xx_hal.o
       198          0          0          0          0      10662   stm32f4xx_hal_cortex.o
       462          4          8          0          0       9988   stm32f4xx_hal_dma.o
       706          4          0          0          0      13504   stm32f4xx_hal_dma2d.o
       478          0          0          0          0       5171   stm32f4xx_hal_gpio.o
       684          0         32          0          0      15219   stm32f4xx_hal_ltdc.o
       112          0          0          0          0       6879   stm32f4xx_hal_msp.o
       120          0          0          0          0       4669   stm32f4xx_hal_pwr_ex.o
      1296          0          0          0          0       7472   stm32f4xx_hal_rcc.o
       570          0          0          0          0       5707   stm32f4xx_hal_rcc_ex.o
       174          0          0          0          0      11860   stm32f4xx_hal_sdram.o
      2184          0          0          0          0      23247   stm32f4xx_hal_spi.o
      1742          4         32          0          0      49984   stm32f4xx_hal_tim.o
         4          0          0          0          0      21083   stm32f4xx_hal_tim_ex.o
       244          0          0          0          0       5769   stm32f4xx_it.o
       444          0          0          0          0      10903   stm32f4xx_ll_fmc.o
        18          0         16          4          0       2734   system_stm32f4xx.o

    ----------------------------------------------------------------------
     16374         42      11196        224       2344     294679   Object Totals
         0          0         32          0          0          0   (incl. Generated)
        22          0          1          3          8          0   (incl. Padding)

    ----------------------------------------------------------------------

      Code (inc. data)   RO Data    RW Data    ZI Data      Debug   Library Member Name

         8          0          0          0          0         68   __main.o
       284          0          0          0          0        156   __printf_wp.o
         0          0          0          0          0          0   __rtentry.o
        12          0          0          0          0          0   __rtentry2.o
         6          0          0          0          0          0   __rtentry4.o
        52          8          0          0          0          0   __scatter.o
        26          0          0          0          0          0   __scatter_copy.o
        28          0          0          0          0          0   __scatter_zi.o
        48          6          0          0          0         96   _printf_char_common.o
         6          0          0          0          0          0   _printf_d.o
       120         16          0          0          0         92   _printf_dec.o
         6          0          0          0          0          0   _printf_f.o
      1052          0          0          0          0        148   _printf_fp_dec.o
       128         16          0          0          0         84   _printf_fp_infnan.o
       178          0          0          0          0         88   _printf_intcommon.o
         0          0          0          0          0          0   _printf_percent.o
         4          0          0          0          0          0   _printf_percent_end.o
        10          0          0          0          0         68   _sputc.o
       228          4        148          0          0         96   bigflt0.o
      1936        128          0          0          0        668   btod.o
        18          0          0          0          0         80   exit.o
         6          0          0          0          0        152   heapauxi.o
         0          0          0          0          0          0   indicate_semi.o
        44         10         28          0          0         76   lc_numeric_c.o
         2          0          0          0          0          0   libinit.o
        22          0          0          0          0          0   libinit2.o
         2          0          0          0          0          0   libshutdown.o
         2          0          0          0          0          0   libshutdown2.o
         8          4          0          0         96         68   libspace.o
       138          0          0          0          0         80   lludiv10.o
       240          0          0          0          0        100   lludivv7m.o
        40          6          0          0          0         84   noretval__2sprintf.o
         8          4          0          0          0         68   rt_locale_intlibspace.o
        78          0          0          0          0         80   rt_memclr_w.o
         2          0          0          0          0          0   rtexit.o
        10          0          0          0          0          0   rtexit2.o
       124          0          0          0          0         88   strcmpv7em.o
        12          4          0          0          0         68   sys_exit.o
        74          0          0          0          0         80   sys_stackheap_outer.o
         2          0          0          0          0         68   use_no_semi.o
        26          0          0          0          0        116   fpinit.o
         4          0          0          0          0        116   printf1.o
         0          0          0          0          0          0   usenofp.o
        48          0          0          0          0        124   fpclassify.o

    ----------------------------------------------------------------------
      5058        206        176          0         96       3012   Library Totals
        16          0          0          0          0          0   (incl. Padding)

    ----------------------------------------------------------------------

      Code (inc. data)   RO Data    RW Data    ZI Data      Debug   Library Name

      4964        206        176          0         96       2656   c_w.l
        30          0          0          0          0        232   fz_wm.l
        48          0          0          0          0        124   m_wm.l

    ----------------------------------------------------------------------
      5058        206        176          0         96       3012   Library Totals

    ----------------------------------------------------------------------

==============================================================================


      Code (inc. data)   RO Data    RW Data    ZI Data      Debug   

     21432        248      11372        224       2440     295767   Grand Totals
     21432        248      11372        224       2440     295767   ELF Image Totals
     21432        248      11372        224          0          0   ROM Totals

==============================================================================

    Total RO  Size (Code + RO Data)                32804 (  32.04kB)
    Total RW  Size (RW Data + ZI Data)              2664 (   2.60kB)
    Total ROM Size (Code + RO Data + RW Data)      33028 (  32.25kB)

==============================================================================

