Component: Arm Compiler for Embedded 6.19 Tool: armlink [5e73cb00]

==============================================================================

Section Cross References

    main.o(.text) refers (Special) to _printf_percent.o(.ARM.Collect$$_printf_percent$$00000000) for _printf_percent
    main.o(.text) refers (Special) to _printf_d.o(.ARM.Collect$$_printf_percent$$00000009) for _printf_d
    main.o(.text) refers (Special) to _printf_f.o(.ARM.Collect$$_printf_percent$$00000003) for _printf_f
    main.o(.text) refers (Special) to _printf_dec.o(.text) for _printf_int_dec
    main.o(.text) refers (Special) to printf1.o(x$fpl$printf1) for _printf_fp_dec
    main.o(.text.main) refers (Special) to _printf_percent.o(.ARM.Collect$$_printf_percent$$00000000) for _printf_percent
    main.o(.text.main) refers (Special) to _printf_d.o(.ARM.Collect$$_printf_percent$$00000009) for _printf_d
    main.o(.text.main) refers (Special) to _printf_f.o(.ARM.Collect$$_printf_percent$$00000003) for _printf_f
    main.o(.text.main) refers (Special) to _printf_dec.o(.text) for _printf_int_dec
    main.o(.text.main) refers (Special) to printf1.o(x$fpl$printf1) for _printf_fp_dec
    main.o(.text.main) refers to stm32f4xx_hal.o(.text.HAL_Init) for HAL_Init
    main.o(.text.main) refers to stm32f4xx_hal_rcc.o(.text.HAL_RCC_OscConfig) for HAL_RCC_OscConfig
    main.o(.text.main) refers to stm32f429i_discovery.o(.text.BSP_LED_On) for BSP_LED_On
    main.o(.text.main) refers to stm32f4xx_hal_pwr_ex.o(.text.HAL_PWREx_EnableOverDrive) for HAL_PWREx_EnableOverDrive
    main.o(.text.main) refers to stm32f4xx_hal_rcc.o(.text.HAL_RCC_ClockConfig) for HAL_RCC_ClockConfig
    main.o(.text.main) refers to stm32f4xx_hal.o(.text.HAL_InitTick) for HAL_InitTick
    main.o(.text.main) refers to system_stm32f4xx.o(.data.SystemCoreClock) for SystemCoreClock
    main.o(.text.main) refers to main.o(.bss.Tim3_Handle) for Tim3_Handle
    main.o(.text.main) refers to main.o(.bss.prescaler) for prescaler
    main.o(.text.main) refers to main.o(.text.TIM3_Config) for TIM3_Config
    main.o(.text.main) refers to stm32f4xx_hal_tim.o(.text.HAL_TIM_Base_Start_IT) for HAL_TIM_Base_Start_IT
    main.o(.text.main) refers to main.o(.bss.Tim4_PrescalerValue) for Tim4_PrescalerValue
    main.o(.text.main) refers to main.o(.bss.Tim4_Handle) for Tim4_Handle
    main.o(.text.main) refers to main.o(.bss.Tim4_CCR) for Tim4_CCR
    main.o(.text.main) refers to main.o(.text.TIM4_OC_Config) for TIM4_OC_Config
    main.o(.text.main) refers to stm32f429i_discovery_lcd.o(.text.BSP_LCD_Init) for BSP_LCD_Init
    main.o(.text.main) refers to stm32f429i_discovery_lcd.o(.text.BSP_LCD_LayerDefaultInit) for BSP_LCD_LayerDefaultInit
    main.o(.text.main) refers to stm32f429i_discovery_lcd.o(.text.BSP_LCD_SelectLayer) for BSP_LCD_SelectLayer
    main.o(.text.main) refers to stm32f429i_discovery_lcd.o(.text.BSP_LCD_SetLayerVisible) for BSP_LCD_SetLayerVisible
    main.o(.text.main) refers to stm32f429i_discovery_lcd.o(.text.BSP_LCD_Clear) for BSP_LCD_Clear
    main.o(.text.main) refers to stm32f429i_discovery_lcd.o(.text.BSP_LCD_DisplayOn) for BSP_LCD_DisplayOn
    main.o(.text.main) refers to stm32f429i_discovery_lcd.o(.data.Font20) for Font20
    main.o(.text.main) refers to stm32f429i_discovery_lcd.o(.text.BSP_LCD_SetFont) for BSP_LCD_SetFont
    main.o(.text.main) refers to main.o(.text.LCD_DisplayString) for LCD_DisplayString
    main.o(.text.main) refers to main.o(.rodata.str1.1) for .L.str.1
    main.o(.text.main) refers to noretval__2sprintf.o(.text) for __2sprintf
    main.o(.text.main) refers to main.o(.text.ExtBtn1_Config) for ExtBtn1_Config
    main.o(.text.main) refers to main.o(.text.ExtBtn2_Config) for ExtBtn2_Config
    main.o(.text.main) refers to main.o(.text.ExtBtn3_Config) for ExtBtn3_Config
    main.o(.text.main) refers to stm32f4xx_hal_gpio.o(.text.HAL_GPIO_WritePin) for HAL_GPIO_WritePin
    main.o(.ARM.exidx.text.main) refers (Special) to _printf_percent.o(.ARM.Collect$$_printf_percent$$00000000) for _printf_percent
    main.o(.ARM.exidx.text.main) refers (Special) to _printf_d.o(.ARM.Collect$$_printf_percent$$00000009) for _printf_d
    main.o(.ARM.exidx.text.main) refers (Special) to _printf_f.o(.ARM.Collect$$_printf_percent$$00000003) for _printf_f
    main.o(.ARM.exidx.text.main) refers (Special) to _printf_dec.o(.text) for _printf_int_dec
    main.o(.ARM.exidx.text.main) refers (Special) to printf1.o(x$fpl$printf1) for _printf_fp_dec
    main.o(.ARM.exidx.text.main) refers to main.o(.text.main) for [Anonymous Symbol]
    main.o(.text.TIM3_Config) refers (Special) to _printf_percent.o(.ARM.Collect$$_printf_percent$$00000000) for _printf_percent
    main.o(.text.TIM3_Config) refers (Special) to _printf_d.o(.ARM.Collect$$_printf_percent$$00000009) for _printf_d
    main.o(.text.TIM3_Config) refers (Special) to _printf_f.o(.ARM.Collect$$_printf_percent$$00000003) for _printf_f
[...]
    [Anonymous Symbol]                       0x080026c4   Section        0  stm32f4xx_hal_rcc.o(.text.HAL_RCC_OscConfig)
    [Anonymous Symbol]                       0x08002a1c   Section        0  stm32f4xx_hal_sdram.o(.text.HAL_SDRAM_Init)
    [Anonymous Symbol]                       0x08002a5c   Section        0  stm32f4xx_hal_sdram.o(.text.HAL_SDRAM_MspInit)
    [Anonymous Symbol]                       0x08002a5e   Section        0  stm32f4xx_hal_sdram.o(.text.HAL_SDRAM_ProgramRefreshRate)
    [Anonymous Symbol]                       0x08002a8e   Section        0  stm32f4xx_hal_sdram.o(.text.HAL_SDRAM_SendCommand)
    [Anonymous Symbol]                       0x08002aca   Section        0  stm32f4xx_hal_spi.o(.text.HAL_SPI_DeInit)
    [Anonymous Symbol]                       0x08002af8   Section        0  stm32f4xx_hal_spi.o(.text.HAL_SPI_GetState)
    [Anonymous Symbol]                       0x08002afe   Section        0  stm32f4xx_hal_spi.o(.text.HAL_SPI_Init)
    [Anonymous Symbol]                       0x08002bc0   Section        0  stm32f4xx_hal_spi.o(.text.HAL_SPI_MspDeInit)
    [Anonymous Symbol]                       0x08002bc2   Section        0  stm32f4xx_hal_spi.o(.text.HAL_SPI_MspInit)
    [Anonymous Symbol]                       0x08002bc4   Section        0  stm32f4xx_hal_spi.o(.text.HAL_SPI_Receive)
    [Anonymous Symbol]                       0x08002da4   Section        0  stm32f4xx_hal_spi.o(.text.HAL_SPI_Transmit)
    [Anonymous Symbol]                       0x08002f44   Section        0  stm32f4xx_hal_spi.o(.text.HAL_SPI_TransmitReceive)
    [Anonymous Symbol]                       0x080031be   Section        0  stm32f4xx_hal_cortex.o(.text.HAL_SYSTICK_Config)
    [Anonymous Symbol]                       0x080031ea   Section        0  stm32f4xx_hal_tim_ex.o(.text.HAL_TIMEx_BreakCallback)
    [Anonymous Symbol]                       0x080031ec   Section        0  stm32f4xx_hal_tim_ex.o(.text.HAL_TIMEx_CommutCallback)
    [Anonymous Symbol]                       0x080031ee   Section        0  stm32f4xx_hal_tim.o(.text.HAL_TIM_Base_Init)
    [Anonymous Symbol]                       0x08003246   Section        0  stm32f4xx_hal_msp.o(.text.HAL_TIM_Base_MspInit)
    [Anonymous Symbol]                       0x0800327e   Section        0  stm32f4xx_hal_tim.o(.text.HAL_TIM_Base_Start_IT)
    [Anonymous Symbol]                       0x0800331e   Section        0  stm32f4xx_hal_tim.o(.text.HAL_TIM_IC_CaptureCallback)
    [Anonymous Symbol]                       0x08003320   Section        0  stm32f4xx_hal_tim.o(.text.HAL_TIM_IRQHandler)
    [Anonymous Symbol]                       0x0800348c   Section        0  stm32f4xx_hal_tim.o(.text.HAL_TIM_OC_ConfigChannel)
    [Anonymous Symbol]                       0x080034da   Section        0  main.o(.text.HAL_TIM_OC_DelayElapsedCallback)
    [Anonymous Symbol]                       0x080034e2   Section        0  stm32f4xx_hal_tim.o(.text.HAL_TIM_OC_Init)
    [Anonymous Symbol]                       0x0800353a   Section        0  stm32f4xx_hal_msp.o(.text.HAL_TIM_OC_MspInit)
    [Anonymous Symbol]                       0x08003572   Section        0  stm32f4xx_hal_tim.o(.text.HAL_TIM_OC_Start_IT)
    [Anonymous Symbol]                       0x08003696   Section        0  stm32f4xx_hal_tim.o(.text.HAL_TIM_PWM_PulseFinishedCallback)
    [Anonymous Symbol]                       0x08003698   Section        0  stm32f4xx_hal_tim.o(.text.HAL_TIM_PeriodElapsedCallback)
    [Anonymous Symbol]                       0x0800369a   Section        0  stm32f4xx_hal_tim.o(.text.HAL_TIM_TriggerCallback)
    [Anonymous Symbol]                       0x0800369c   Section        0  stm32f4xx_it.o(.text.HardFault_Handler)
    [Anonymous Symbol]                       0x0800369e   Section        0  stm32f429i_discovery.o(.text.LCD_Delay)
    [Anonymous Symbol]                       0x080036a4   Section        0  main.o(.text.LCD_DisplayString)
    [Anonymous Symbol]                       0x0800370c   Section        0  stm32f429i_discovery.o(.text.LCD_IO_Init)
    [Anonymous Symbol]                       0x080037dc   Section        0  stm32f429i_discovery.o(.text.LCD_IO_ReadData)
    [Anonymous Symbol]                       0x08003856   Section        0  stm32f429i_discovery.o(.text.LCD_IO_WriteData)
    [Anonymous Symbol]                       0x0800388e   Section        0  stm32f429i_discovery.o(.text.LCD_IO_WriteReg)
    LTDC_SetConfig                           0x080038c7   Thumb Code   288  stm32f4xx_hal_ltdc.o(.text.LTDC_SetConfig)
    [Anonymous Symbol]                       0x080038c6   Section        0  stm32f4xx_hal_ltdc.o(.text.LTDC_SetConfig)
    [Anonymous Symbol]                       0x080039e8   Section        0  stm32f4xx_it.o(.text.MemManage_Handler)
    [Anonymous Symbol]                       0x080039ea   Section        0  stm32f4xx_it.o(.text.NMI_Handler)
    [Anonymous Symbol]                       0x080039ec   Section        0  stm32f4xx_it.o(.text.PendSV_Handler)
    SPI_EndRxTransaction                     0x080039ef   Thumb Code    86  stm32f4xx_hal_spi.o(.text.SPI_EndRxTransaction)
    [Anonymous Symbol]                       0x080039ee   Section        0  stm32f4xx_hal_spi.o(.text.SPI_EndRxTransaction)
    SPI_EndRxTxTransaction                   0x08003a45   Thumb Code   102  stm32f4xx_hal_spi.o(.text.SPI_EndRxTxTransaction)
    [Anonymous Symbol]                       0x08003a44   Section        0  stm32f4xx_hal_spi.o(.text.SPI_EndRxTxTransaction)
    SPI_WaitFlagStateUntilTimeout            0x08003aad   Thumb Code   218  stm32f4xx_hal_spi.o(.text.SPI_WaitFlagStateUntilTimeout)
    [Anonymous Symbol]                       0x08003aac   Section        0  stm32f4xx_hal_spi.o(.text.SPI_WaitFlagStateUntilTimeout)
    SPIx_Init                                0x08003b87   Thumb Code   156  stm32f429i_discovery.o(.text.SPIx_Init)
    [Anonymous Symbol]                       0x08003b86   Section        0  stm32f429i_discovery.o(.text.SPIx_Init)
    SPIx_Write                               0x08003c23   Thumb Code    58  stm32f429i_discovery.o(.text.SPIx_Write)
    [Anonymous Symbol]                       0x08003c22   Section        0  stm32f429i_discovery.o(.text.SPIx_Write)
    [Anonymous Symbol]                       0x08003c5c   Section        0  stm32f4xx_it.o(.text.SVC_Handler)
    [Anonymous Symbol]                       0x08003c5e   Section        0  stm32f4xx_it.o(.text.SysTick_Handler)
    [Anonymous Symbol]                       0x08003c62   Section        0  system_stm32f4xx.o(.text.SystemInit)
    [Anonymous Symbol]                       0x08003c74   Section        0  main.o(.text.TIM3_Config)
    [Anonymous Symbol]                       0x08003ce8   Section        0  stm32f4xx_it.o(.text.TIM3_IRQHandler)
    [Anonymous Symbol]                       0x08003cf4   Section        0  stm32f4xx_it.o(.text.TIM4_IRQHandler)
    [Anonymous Symbol]                       0x08003d00   Section        0  main.o(.text.TIM4_OC_Config)
    [Anonymous Symbol]                       0x08003d40   Section        0  stm32f4xx_hal_tim.o(.text.TIM_Base_SetConfig)
    TIM_OC1_SetConfig                        0x08003e5d   Thumb Code   100  stm32f4xx_hal_tim.o(.text.TIM_OC1_SetConfig)
    [Anonymous Symbol]                       0x08003e5c   Section        0  stm32f4xx_hal_tim.o(.text.TIM_OC1_SetConfig)
    [Anonymous Symbol]                       0x08003ec0   Section        0  stm32f4xx_hal_tim.o(.text.TIM_OC2_SetConfig)
    TIM_OC3_SetConfig                        0x08003f29   Thumb Code   102  stm32f4xx_hal_tim.o(.text.TIM_OC3_SetConfig)
    [Anonymous Symbol]                       0x08003f28   Section        0  stm32f4xx_hal_tim.o(.text.TIM_OC3_SetConfig)
    TIM_OC4_SetConfig                        0x08003f8f   Thumb Code    78  stm32f4xx_hal_tim.o(.text.TIM_OC4_SetConfig)
    [Anonymous Symbol]                       0x08003f8e   Section        0  stm32f4xx_hal_tim.o(.text.TIM_OC4_SetConfig)
    [Anonymous Symbol]                       0x08003fdc   Section        0  stm32f4xx_it.o(.text.UsageFault_Handler)
    [Anonymous Symbol]                       0x08003fde   Section        0  ili9341.o(.text.ili9341_DisplayOff)
    [Anonymous Symbol]                       0x08003fe4   Section        0  ili9341.o(.text.ili9341_DisplayOn)
    [Anonymous Symbol]                       0x08003fea   Section        0  ili9341.o(.text.ili9341_GetLcdPixelHeight)
    [Anonymous Symbol]                       0x08003ff0   Section        0  ili9341.o(.text.ili9341_GetLcdPixelWidth)
    [Anonymous Symbol]                       0x08003ff4   Section        0  ili9341.o(.text.ili9341_Init)
    [Anonymous Symbol]                       0x08004286   Section        0  ili9341.o(.text.ili9341_ReadID)
    [Anonymous Symbol]                       0x08004298   Section        0  main.o(.text.main)
    CL$$btod_d2e                             0x0800446c   Section       62  btod.o(CL$$btod_d2e)
    CL$$btod_d2e_denorm_low                  0x080044aa   Section       70  btod.o(CL$$btod_d2e_denorm_low)
    CL$$btod_d2e_norm_op1                    0x080044f0   Section       96  btod.o(CL$$btod_d2e_norm_op1)
    CL$$btod_div_common                      0x08004550   Section      824  btod.o(CL$$btod_div_common)
    CL$$btod_e2e                             0x08004888   Section      220  btod.o(CL$$btod_e2e)
    CL$$btod_ediv                            0x08004964   Section       42  btod.o(CL$$btod_ediv)
    CL$$btod_emul                            0x0800498e   Section       42  btod.o(CL$$btod_emul)
    CL$$btod_mult_common                     0x080049b8   Section      580  btod.o(CL$$btod_mult_common)
    i.__ARM_fpclassify                       0x08004bfc   Section        0  fpclassify.o(i.__ARM_fpclassify)
    i._is_digit                              0x08004c2c   Section        0  __printf_wp.o(i._is_digit)
    locale$$code                             0x08004c3c   Section       44  lc_numeric_c.o(locale$$code)
    $v0                                      0x08004c68   Number         0  fpinit.o(x$fpl$fpinit)
    x$fpl$fpinit                             0x08004c68   Section       26  fpinit.o(x$fpl$fpinit)
    $v0                                      0x08004c82   Number         0  printf1.o(x$fpl$printf1)
    x$fpl$printf1                            0x08004c82   Section        4  printf1.o(x$fpl$printf1)
    x$fpl$usenofp                            0x08004c86   Section        0  usenofp.o(x$fpl$usenofp)
    tenpwrs_x                                0x08004c88   Data          60  bigflt0.o(.constdata)
    .constdata                               0x08004c88   Section      148  bigflt0.o(.constdata)
    tenpwrs_i                                0x08004cc4   Data          64  bigflt0.o(.constdata)
    .Lswitch.table.HAL_TIM_IC_Start_IT       0x080076c0   Data          16  stm32f4xx_hal_tim.o(.rodata.cst16)
    .Lswitch.table.HAL_TIM_IC_Stop_IT        0x080076d0   Data          16  stm32f4xx_hal_tim.o(.rodata.cst16)
    .Lswitch.table.HAL_LTDC_SetPitch_NoReload 0x080076e0   Data          32  stm32f4xx_hal_ltdc.o(.rodata.cst32)
    DMA_CalcBaseAndBitshift.flagBitshiftOffset 0x08007700   Data           8  stm32f4xx_hal_dma.o(.rodata.cst8)
    [Anonymous Symbol]                       0x08007700   Section        0  stm32f4xx_hal_dma.o(.rodata.cst8)
    .L.str.1                                 0x08007708   Data           3  main.o(.rodata.str1.1)
    [Anonymous Symbol]                       0x08007708   Section        0  main.o(.rodata.str1.1)
    locale$$data                             0x0800772c   Section       28  lc_numeric_c.o(locale$$data)
    __lcnum_c_name                           0x08007730   Data           2  lc_numeric_c.o(locale$$data)
    __lcnum_c_start                          0x08007738   Data           0  lc_numeric_c.o(locale$$data)
    __lcnum_c_point                          0x08007744   Data           0  lc_numeric_c.o(locale$$data)
    __lcnum_c_thousands                      0x08007746   Data           0  lc_numeric_c.o(locale$$data)
    __lcnum_c_grouping                       0x08007747   Data           0  lc_numeric_c.o(locale$$data)
    __lcnum_c_end                            0x08007748   Data           0  lc_numeric_c.o(locale$$data)
    .bss                                     0x20000060   Section       96  libspace.o(.bss)
    ActiveLayer                              0x200000c0   Data           4  stm32f429i_discovery_lcd.o(.bss.ActiveLayer)
    [Anonymous Symbol]                       0x200000c0   Section        0  stm32f429i_discovery_lcd.o(.bss.ActiveLayer)
    BSP_SDRAM_Init.sdramstatus               0x200000c4   Data           1  stm32f429i_discovery_sdram.o(.bss.BSP_SDRAM_Init.sdramstatus)
    [Anonymous Symbol]                       0x200000c4   Section        0  stm32f429i_discovery_sdram.o(.bss.BSP_SDRAM_Init.sdramstatus)
    BSP_SDRAM_MspInit.dmaHandle              0x200000c8   Data          96  stm32f429i_discovery_sdram.o(.bss.BSP_SDRAM_MspInit.dmaHandle)
    [Anonymous Symbol]                       0x200000c8   Section        0  stm32f429i_discovery_sdram.o(.bss.BSP_SDRAM_MspInit.dmaHandle)
    Command                                  0x20000128   Data          16  stm32f429i_discovery_sdram.o(.bss.Command)
    [Anonymous Symbol]                       0x20000128   Section        0  stm32f429i_discovery_sdram.o(.bss.Command)
    Dma2dHandler                             0x20000138   Data          64  stm32f429i_discovery_lcd.o(.bss.Dma2dHandler)
    [Anonymous Symbol]                       0x20000138   Section        0  stm32f429i_discovery_lcd.o(.bss.Dma2dHandler)
    DrawProp                                 0x20000178   Data          24  stm32f429i_discovery_lcd.o(.bss.DrawProp)
    [Anonymous Symbol]                       0x20000178   Section        0  stm32f429i_discovery_lcd.o(.bss.DrawProp)
    Is_LCD_IO_Initialized                    0x20000190   Data           1  stm32f429i_discovery.o(.bss.Is_LCD_IO_Initialized)
    [Anonymous Symbol]                       0x20000190   Section        0  stm32f429i_discovery.o(.bss.Is_LCD_IO_Initialized)
    PeriphClkInitStruct                      0x20000240   Data          48  stm32f429i_discovery_lcd.o(.bss.PeriphClkInitStruct)
    [Anonymous Symbol]                       0x20000240   Section        0  stm32f429i_discovery_lcd.o(.bss.PeriphClkInitStruct)
    SdramHandle                              0x20000270   Data          52  stm32f429i_discovery_sdram.o(.bss.SdramHandle)
    [Anonymous Symbol]                       0x20000270   Section        0  stm32f429i_discovery_sdram.o(.bss.SdramHandle)
    SpiHandle                                0x200002a4   Data          88  stm32f429i_discovery.o(.bss.SpiHandle)
    [Anonymous Symbol]                       0x200002a4   Section        0  stm32f429i_discovery.o(.bss.SpiHandle)
    Timing                                   0x200003b0   Data          28  stm32f429i_discovery_sdram.o(.bss.Timing)
    [Anonymous Symbol]                       0x200003b0   Section        0  stm32f429i_discovery_sdram.o(.bss.Timing)
    Heap_Mem                                 0x200003d8   Data         512  startup_stm32f429xx.o(HEAP)
    HEAP                                     0x200003d8   Section      512  startup_stm32f429xx.o(HEAP)
    Stack_Mem                                0x200005d8   Data        1024  startup_stm32f429xx.o(STACK)
    STACK                                    0x200005d8   Section     1024  startup_stm32f429xx.o(STACK)
    __initial_sp                             0x200009d8   Data           0  startup_stm32f429xx.o(STACK)

    Global Symbols

    Symbol Name                              Value     Ov Type        Size  Object(Section)

    BuildAttributes$$THM_ISAv4$E$P$D$K$B$S$7EM$VFPi3$EXTD16$VFPS$VFMA$PE$A:L22UL41UL21$X:L11$S22US41US21$IEEE1$IW$~IW$USESV6$~STKCKD$USESV7$~SHL$OTIME$ROPI$IEEEJ$EBA8$UX$STANDARDLIB$REQ8$PRES8$EABIv2 0x00000000   Number         0  anon$$obj.o ABSOLUTE
    _printf_flags                            0x00000000   Number         0  printf_stubs.o ABSOLUTE
    _printf_return_value                     0x00000000   Number         0  printf_stubs.o ABSOLUTE
    _printf_sizespec                         0x00000000   Number         0  printf_stubs.o ABSOLUTE
    _printf_widthprec                        0x00000000   Number         0  printf_stubs.o ABSOLUTE
    __ARM_exceptions_init                     - Undefined Weak Reference
    __alloca_initialize                       - Undefined Weak Reference
    __arm_preinit_                            - Undefined Weak Reference
    __arm_relocate_pie_                       - Undefined Weak Reference
    __cpp_initialize__aeabi_                  - Undefined Weak Reference
    __cxa_finalize                            - Undefined Weak Reference
    __sigvec_lookup                           - Undefined Weak Reference
    _atexit_init                              - Undefined Weak Reference
    _call_atexit_fns                          - Undefined Weak Reference
    _clock_init                               - Undefined Weak Reference
    _fp_trap_init                             - Undefined Weak Reference
    _fp_trap_shutdown                         - Undefined Weak Reference
    _get_lc_collate                           - Undefined Weak Reference
    _get_lc_ctype                             - Undefined Weak Reference
    _get_lc_monetary                          - Undefined Weak Reference
    _get_lc_time                              - Undefined Weak Reference
    _getenv_init                              - Undefined Weak Reference
    _handle_redirection                       - Undefined Weak Reference
    _init_alloc                               - Undefined Weak Reference
    _init_user_alloc                          - Undefined Weak Reference
    _initio                                   - Undefined Weak Reference
    _printf_post_padding                      - Undefined Weak Reference
    _printf_pre_padding                       - Undefined Weak Reference
    _printf_truncate_signed                   - Undefined Weak Reference
    _printf_truncate_unsigned                 - Undefined Weak Reference
    _rand_init                                - Undefined Weak Reference
    _signal_finish                            - Undefined Weak Reference
    _signal_init                              - Undefined Weak Reference
    _terminate_alloc                          - Undefined Weak Reference
    _terminate_user_alloc                     - Undefined Weak Reference
    _terminateio                              - Undefined Weak Reference
    __Vectors_Size                           0x000001ac   Number         0  startup_stm32f429xx.o ABSOLUTE
    __Vectors                                0x08000000   Data           4  startup_stm32f429xx.o(RESET)
    __Vectors_End                            0x080001ac   Data           0  startup_stm32f429xx.o(RESET)
    __main                                   0x080001ad   Thumb Code     8  __main.o(!!!main)
    __scatterload                            0x080001b5   Thumb Code     0  __scatter.o(!!!scatter)
    __scatterload_rt2                        0x080001b5   Thumb Code    44  __scatter.o(!!!scatter)
    __scatterload_rt2_thumb_only             0x080001b5   Thumb Code     0  __scatter.o(!!!scatter)
    __scatterload_null                       0x080001c3   Thumb Code     0  __scatter.o(!!!scatter)
    __scatterload_copy                       0x080001e9   Thumb Code    26  __scatter_copy.o(!!handler_copy)
    __scatterload_zeroinit                   0x08000205   Thumb Code    28  __scatter_zi.o(!!handler_zi)
    _printf_f                                0x08000221   Thumb Code     0  _printf_f.o(.ARM.Collect$$_printf_percent$$00000003)
    _printf_percent                          0x08000221   Thumb Code     0  _printf_percent.o(.ARM.Collect$$_printf_percent$$00000000)
    _printf_d                                0x08000227   Thumb Code     0  _printf_d.o(.ARM.Collect$$_printf_percent$$00000009)
    _printf_percent_end                      0x0800022d   Thumb Code     0  _printf_percent_end.o(.ARM.Collect$$_printf_percent$$00000017)
    __rt_lib_init                            0x08000231   Thumb Code     0  libinit.o(.ARM.Collect$$libinit$$00000000)
    __rt_lib_init_fp_1                       0x08000233   Thumb Code     0  libinit2.o(.ARM.Collect$$libinit$$00000001)
    __rt_lib_init_heap_1                     0x08000237   Thumb Code     0  libinit2.o(.ARM.Collect$$libinit$$0000000C)
    __rt_lib_init_lc_common                  0x08000237   Thumb Code     0  libinit2.o(.ARM.Collect$$libinit$$00000011)
    __rt_lib_init_preinit_1                  0x08000237   Thumb Code     0  libinit2.o(.ARM.Collect$$libinit$$00000006)
    __rt_lib_init_rand_1                     0x08000237   Thumb Code     0  libinit2.o(.ARM.Collect$$libinit$$00000010)
    __rt_lib_init_relocate_pie_1             0x08000237   Thumb Code     0  libinit2.o(.ARM.Collect$$libinit$$00000004)
    __rt_lib_init_user_alloc_1               0x08000237   Thumb Code     0  libinit2.o(.ARM.Collect$$libinit$$0000000E)
    __rt_lib_init_lc_collate_1               0x0800023d   Thumb Code     0  libinit2.o(.ARM.Collect$$libinit$$00000013)
    __rt_lib_init_lc_ctype_1                 0x0800023d   Thumb Code     0  libinit2.o(.ARM.Collect$$libinit$$00000015)
    __rt_lib_init_lc_monetary_1              0x0800023d   Thumb Code     0  libinit2.o(.ARM.Collect$$libinit$$00000017)
    __rt_lib_init_lc_numeric_2               0x0800023d   Thumb Code     0  libinit2.o(.ARM.Collect$$libinit$$00000018)
    __rt_lib_init_alloca_1                   0x08000247   Thumb Code     0  libinit2.o(.ARM.Collect$$libinit$$00000030)
    __rt_lib_init_argv_1                     0x08000247   Thumb Code     0  libinit2.o(.ARM.Collect$$libinit$$0000002E)
    __rt_lib_init_atexit_1                   0x08000247   Thumb Code     0  libinit2.o(.ARM.Collect$$libinit$$0000001D)
    __rt_lib_init_clock_1                    0x08000247   Thumb Code     0  libinit2.o(.ARM.Collect$$libinit$$00000023)
    __rt_lib_init_cpp_1                      0x08000247   Thumb Code     0  libinit2.o(.ARM.Collect$$libinit$$00000034)
    __rt_lib_init_exceptions_1               0x08000247   Thumb Code     0  libinit2.o(.ARM.Collect$$libinit$$00000032)
    __rt_lib_init_fp_trap_1                  0x08000247   Thumb Code     0  libinit2.o(.ARM.Collect$$libinit$$00000021)
    __rt_lib_init_getenv_1                   0x08000247   Thumb Code     0  libinit2.o(.ARM.Collect$$libinit$$00000025)
    __rt_lib_init_lc_numeric_1               0x08000247   Thumb Code     0  libinit2.o(.ARM.Collect$$libinit$$00000019)
    __rt_lib_init_lc_time_1                  0x08000247   Thumb Code     0  libinit2.o(.ARM.Collect$$libinit$$0000001B)
    __rt_lib_init_return                     0x08000247   Thumb Code     0  libinit2.o(.ARM.Collect$$libinit$$00000035)
    __rt_lib_init_signal_1                   0x08000247   Thumb Code     0  libinit2.o(.ARM.Collect$$libinit$$0000001F)
    __rt_lib_init_stdio_1                    0x08000247   Thumb Code     0  libinit2.o(.ARM.Collect$$libinit$$00000027)
    __rt_lib_shutdown                        0x08000249   Thumb Code     0  libshutdown.o(.ARM.Collect$$libshutdown$$00000000)
    __rt_lib_shutdown_cpp_1                  0x0800024b   Thumb Code     0  libshutdown2.o(.ARM.Collect$$libshutdown$$00000002)
    __rt_lib_shutdown_fp_trap_1              0x0800024b   Thumb Code     0  libshutdown2.o(.ARM.Collect$$libshutdown$$00000007)
    __rt_lib_shutdown_heap_1                 0x0800024b   Thumb Code     0  libshutdown2.o(.ARM.Collect$$libshutdown$$0000000F)
    __rt_lib_shutdown_return                 0x0800024b   Thumb Code     0  libshutdown2.o(.ARM.Collect$$libshutdown$$00000010)
    __rt_lib_shutdown_signal_1               0x0800024b   Thumb Code     0  libshutdown2.o(.ARM.Collect$$libshutdown$$0000000A)
    __rt_lib_shutdown_stdio_1                0x0800024b   Thumb Code     0  libshutdown2.o(.ARM.Collect$$libshutdown$$00000004)
    __rt_lib_shutdown_user_alloc_1           0x0800024b   Thumb Code     0  libshutdown2.o(.ARM.Collect$$libshutdown$$0000000C)
    __rt_entry                               0x0800024d   Thumb Code     0  __rtentry.o(.ARM.Collect$$rtentry$$00000000)
    __rt_entry_presh_1                       0x0800024d   Thumb Code     0  __rtentry2.o(.ARM.Collect$$rtentry$$00000002)
    __rt_entry_sh                            0x0800024d   Thumb Code     0  __rtentry4.o(.ARM.Collect$$rtentry$$00000004)
    __rt_entry_li                            0x08000253   Thumb Code     0  __rtentry2.o(.ARM.Collect$$rtentry$$0000000A)
    __rt_entry_postsh_1                      0x08000253   Thumb Code     0  __rtentry2.o(.ARM.Collect$$rtentry$$00000009)
    __rt_entry_main                          0x08000257   Thumb Code     0  __rtentry2.o(.ARM.Collect$$rtentry$$0000000D)
    __rt_entry_postli_1                      0x08000257   Thumb Code     0  __rtentry2.o(.ARM.Collect$$rtentry$$0000000C)
    __rt_exit                                0x0800025f   Thumb Code     0  rtexit.o(.ARM.Collect$$rtexit$$00000000)
    __rt_exit_ls                             0x08000261   Thumb Code     0  rtexit2.o(.ARM.Collect$$rtexit$$00000003)
    __rt_exit_prels_1                        0x08000261   Thumb Code     0  rtexit2.o(.ARM.Collect$$rtexit$$00000002)
    __rt_exit_exit                           0x08000265   Thumb Code     0  rtexit2.o(.ARM.Collect$$rtexit$$00000004)
    Reset_Handler                            0x0800026d   Thumb Code     8  startup_stm32f429xx.o(.text)
    CAN1_RX0_IRQHandler                      0x08000287   Thumb Code     0  startup_stm32f429xx.o(.text)
    CAN1_RX1_IRQHandler                      0x08000287   Thumb Code     0  startup_stm32f429xx.o(.text)
    CAN1_SCE_IRQHandler                      0x08000287   Thumb Code     0  startup_stm32f429xx.o(.text)
    CAN1_TX_IRQHandler                       0x08000287   Thumb Code     0  startup_stm32f429xx.o(.text)
    CAN2_RX0_IRQHandler                      0x08000287   Thumb Code     0  startup_stm32f429xx.o(.text)
    CAN2_RX1_IRQHandler                      0x08000287   Thumb Code     0  startup_stm32f429xx.o(.text)
    CAN2_SCE_IRQHandler                      0x08000287   Thumb Code     0  startup_stm32f429xx.o(.text)
    CAN2_TX_IRQHandler                       0x08000287   Thumb Code     0  startup_stm32f429xx.o(.text)
    DCMI_IRQHandler                          0x08000287   Thumb Code     0  startup_stm32f429xx.o(.text)
    DMA1_Stream0_IRQHandler                  0x08000287   Thumb Code     0  startup_stm32f429xx.o(.text)
    DMA1_Stream1_IRQHandler                  0x08000287   Thumb Code     0  startup_stm32f429xx.o(.text)
    DMA1_Stream2_IRQHandler                  0x08000287   Thumb Code     0  startup_stm32f429xx.o(.text)
    DMA1_Stream3_IRQHandler                  0x08000287   Thumb Code     0  startup_stm32f429xx.o(.text)
    DMA1_Stream4_IRQHandler                  0x08000287   Thumb Code     0  startup_stm32f429xx.o(.text)
    DMA1_Stream5_IRQHandler                  0x08000287   Thumb Code     0  startup_stm32f429xx.o(.text)
    DMA1_Stream6_IRQHandler                  0x08000287   Thumb Code     0  startup_stm32f429xx.o(.text)
    DMA1_Stream7_IRQHandler                  0x08000287   Thumb Code     0  startup_stm32f429xx.o(.text)
    DMA2D_IRQHandler                         0x08000287   Thumb Code     0  startup_stm32f429xx.o(.text)
    DMA2_Stream0_IRQHandler                  0x08000287   Thumb Code     0  startup_stm32f429xx.o(.text)
    DMA2_Stream1_IRQHandler                  0x08000287   Thumb Code     0  startup_stm32f429xx.o(.text)
    DMA2_Stream2_IRQHandler                  0x08000287   Thumb Code     0  startup_stm32f429xx.o(.text)
    DMA2_Stream3_IRQHandler                  0x08000287   Thumb Code     0  startup_stm32f429xx.o(.text)
    DMA2_Stream4_IRQHandler                  0x08000287   Thumb Code     0  startup_stm32f429xx.o(.text)
    DMA2_Stream5_IRQHandler                  0x08000287   Thumb Code     0  startup_stm32f429xx.o(.text)
    DMA2_Stream6_IRQHandler                  0x08000287   Thumb Code     0  startup_stm32f429xx.o(.text)
    DMA2_Stream7_IRQHandler                  0x08000287   Thumb Code     0  startup_stm32f429xx.o(.text)
    ETH_IRQHandler                           0x08000287   Thumb Code     0  startup_stm32f429xx.o(.text)
    ETH_WKUP_IRQHandler                      0x08000287   Thumb Code     0  startup_stm32f429xx.o(.text)
    EXTI15_10_IRQHandler                     0x08000287   Thumb Code     0  startup_stm32f429xx.o(.text)
    EXTI4_IRQHandler                         0x08000287   Thumb Code     0  startup_stm32f429xx.o(.text)
    EXTI9_5_IRQHandler                       0x08000287   Thumb Code     0  startup_stm32f429xx.o(.text)
    FLASH_IRQHandler                         0x08000287   Thumb Code     0  startup_stm32f429xx.o(.text)
    FMC_IRQHandler                           0x08000287   Thumb Code     0  startup_stm32f429xx.o(.text)
    FPU_IRQHandler                           0x08000287   Thumb Code     0  startup_stm32f429xx.o(.text)
    HASH_RNG_IRQHandler                      0x08000287   Thumb Code     0  startup_stm32f429xx.o(.text)
    I2C1_ER_IRQHandler                       0x08000287   Thumb Code     0  startup_stm32f429xx.o(.text)
    I2C1_EV_IRQHandler                       0x08000287   Thumb Code     0  startup_stm32f429xx.o(.text)
    I2C2_ER_IRQHandler                       0x08000287   Thumb Code     0  startup_stm32f429xx.o(.text)
    I2C2_EV_IRQHandler                       0x08000287   Thumb Code     0  startup_stm32f429xx.o(.text)
    I2C3_ER_IRQHandler                       0x08000287   Thumb Code     0  startup_stm32f429xx.o(.text)
    I2C3_EV_IRQHandler                       0x08000287   Thumb Code     0  startup_stm32f429xx.o(.text)
    LTDC_ER_IRQHandler                       0x08000287   Thumb Code     0  startup_stm32f429xx.o(.text)
    LTDC_IRQHandler                          0x08000287   Thumb Code     0  startup_stm32f429xx.o(.text)
    OTG_FS_IRQHandler                        0x08000287   Thumb Code     0  startup_stm32f429xx.o(.text)
    OTG_FS_WKUP_IRQHandler                   0x08000287   Thumb Code     0  startup_stm32f429xx.o(.text)
    OTG_HS_EP1_IN_IRQHandler                 0x08000287   Thumb Code     0  startup_stm32f429xx.o(.text)
    OTG_HS_EP1_OUT_IRQHandler                0x08000287   Thumb Code     0  startup_stm32f429xx.o(.text)
    OTG_HS_IRQHandler                        0x08000287   Thumb Code     0  startup_stm32f429xx.o(.text)
    OTG_HS_WKUP_IRQHandler                   0x08000287   Thumb Code     0  startup_stm32f429xx.o(.text)
    PVD_IRQHandler                           0x08000287   Thumb Code     0  startup_stm32f429xx.o(.text)
    RCC_IRQHandler                           0x08000287   Thumb Code     0  startup_stm32f429xx.o(.text)
    RTC_Alarm_IRQHandler                     0x08000287   Thumb Code     0  startup_stm32f429xx.o(.text)
    RTC_WKUP_IRQHandler                      0x08000287   Thumb Code     0  startup_stm32f429xx.o(.text)
    SAI1_IRQHandler                          0x08000287   Thumb Code     0  startup_stm32f429xx.o(.text)
    SDIO_IRQHandler                          0x08000287   Thumb Code     0  startup_stm32f429xx.o(.text)
    SPI1_IRQHandler                          0x08000287   Thumb Code     0  startup_stm32f429xx.o(.text)
    SPI2_IRQHandler                          0x08000287   Thumb Code     0  startup_stm32f429xx.o(.text)
    SPI3_IRQHandler                          0x08000287   Thumb Code     0  startup_stm32f429xx.o(.text)
    SPI4_IRQHandler                          0x08000287   Thumb Code     0  startup_stm32f429xx.o(.text)
    SPI5_IRQHandler                          0x08000287   Thumb Code     0  startup_stm32f429xx.o(.text)
    SPI6_IRQHandler                          0x08000287   Thumb Code     0  startup_stm32f429xx.o(.text)
    TAMP_STAMP_IRQHandler                    0x08000287   Thumb Code     0  startup_stm32f429xx.o(.text)
    TIM1_BRK_TIM9_IRQHandler                 0x08000287   Thumb Code     0  startup_stm32f429xx.o(.text)
    TIM1_CC_IRQHandler                       0x08000287   Thumb Code     0  startup_stm32f429xx.o(.text)
    TIM1_TRG_COM_TIM11_IRQHandler            0x08000287   Thumb Code     0  startup_stm32f429xx.o(.text)
    TIM1_UP_TIM10_IRQHandler                 0x08000287   Thumb Code     0  startup_stm32f429xx.o(.text)
    TIM2_IRQHandler                          0x08000287   Thumb Code     0  startup_stm32f429xx.o(.text)
    TIM5_IRQHandler                          0x08000287   Thumb Code     0  startup_stm32f429xx.o(.text)
    TIM6_DAC_IRQHandler                      0x08000287   Thumb Code     0  startup_stm32f429xx.o(.text)
    TIM7_IRQHandler                          0x08000287   Thumb Code     0  startup_stm32f429xx.o(.text)
    TIM8_BRK_TIM12_IRQHandler                0x08000287   Thumb Code     0  startup_stm32f429xx.o(.text)
    TIM8_CC_IRQHandler                       0x08000287   Thumb Code     0  startup_stm32f429xx.o(.text)
    TIM8_TRG_COM_TIM14_IRQHandler            0x08000287   Thumb Code     0  startup_stm32f429xx.o(.text)
    TIM8_UP_TIM13_IRQHandler                 0x08000287   Thumb Code     0  startup_stm32f429xx.o(.text)
    UART4_IRQHandler                         0x08000287   Thumb Code     0  startup_stm32f429xx.o(.text)
    UART5_IRQHandler                         0x08000287   Thumb Code     0  startup_stm32f429xx.o(.text)
    UART7_IRQHandler                         0x08000287   Thumb Code     0  startup_stm32f429xx.o(.text)
    UART8_IRQHandler                         0x08000287   Thumb Code     0  startup_stm32f429xx.o(.text)
    USART1_IRQHandler                        0x08000287   Thumb Code     0  startup_stm32f429xx.o(.text)
    USART2_IRQHandler                        0x08000287   Thumb Code     0  startup_stm32f429xx.o(.text)
    USART3_IRQHandler                        0x08000287   Thumb Code     0  startup_stm32f429xx.o(.text)
    USART6_IRQHandler                        0x08000287   Thumb Code     0  startup_stm32f429xx.o(.text)
    WWDG_IRQHandler                          0x08000287   Thumb Code     0  startup_stm32f429xx.o(.text)
    __user_initial_stackheap                 0x08000289   Thumb Code     0  startup_stm32f429xx.o(.text)
    __aeabi_uldivmod                         0x080002ad   Thumb Code     0  lludivv7m.o(.text)
    _ll_udiv                                 0x080002ad   Thumb Code   240  lludivv7m.o(.text)
    __2sprintf                               0x0800039d   Thumb Code    34  noretval__2sprintf.o(.text)
    _printf_int_dec                          0x080003c5   Thumb Code   104  _printf_dec.o(.text)
    __printf                                 0x0800043d   Thumb Code   270  __printf_wp.o(.text)
    __aeabi_memclr4                          0x0800054b   Thumb Code     0  rt_memclr_w.o(.text)
    __aeabi_memclr8                          0x0800054b   Thumb Code     0  rt_memclr_w.o(.text)
    __rt_memclr_w                            0x0800054b   Thumb Code     0  rt_memclr_w.o(.text)
    _memset_w                                0x0800054f   Thumb Code    74  rt_memclr_w.o(.text)
    __use_two_region_memory                  0x08000599   Thumb Code     2  heapauxi.o(.text)
    __rt_heap_escrow$2region                 0x0800059b   Thumb Code     2  heapauxi.o(.text)
    __rt_heap_expand$2region                 0x0800059d   Thumb Code     2  heapauxi.o(.text)
    _printf_int_common                       0x0800059f   Thumb Code   178  _printf_intcommon.o(.text)
    _printf_fp_dec_real                      0x08000801   Thumb Code   620  _printf_fp_dec.o(.text)
    _printf_char_common                      0x08000a77   Thumb Code    32  _printf_char_common.o(.text)
    _sputc                                   0x08000a9d   Thumb Code    10  _sputc.o(.text)
    __rt_locale                              0x08000aa9   Thumb Code     8  rt_locale_intlibspace.o(.text)
    _ll_udiv10                               0x08000ab1   Thumb Code   138  lludiv10.o(.text)
    _printf_fp_infnan                        0x08000b3d   Thumb Code   112  _printf_fp_infnan.o(.text)
    _btod_etento                             0x08000bbd   Thumb Code   224  bigflt0.o(.text)
    __user_libspace                          0x08000ca1   Thumb Code     8  libspace.o(.text)
    __user_perproc_libspace                  0x08000ca1   Thumb Code     0  libspace.o(.text)
    __user_perthread_libspace                0x08000ca1   Thumb Code     0  libspace.o(.text)
    __user_setup_stackheap                   0x08000ca9   Thumb Code    74  sys_stackheap_outer.o(.text)
    exit                                     0x08000cf3   Thumb Code    18  exit.o(.text)
    strcmp                                   0x08000d09   Thumb Code   124  strcmpv7em.o(.text)
    _sys_exit                                0x08000d85   Thumb Code     8  sys_exit.o(.text)
    __I$use$semihosting                      0x08000d91   Thumb Code     0  use_no_semi.o(.text)
    __use_no_semihosting_swi                 0x08000d91   Thumb Code     2  use_no_semi.o(.text)
    ADC_IRQHandler                           0x08000d93   Thumb Code     2  stm32f4xx_it.o(.text.ADC_IRQHandler)
    __semihosting_library_function           0x08000d93   Thumb Code     0  indicate_semi.o(.text)
    BSP_LCD_Clear                            0x08000d95   Thumb Code    76  stm32f429i_discovery_lcd.o(.text.BSP_LCD_Clear)
    BSP_LCD_DisplayChar                      0x08000de1   Thumb Code   290  stm32f429i_discovery_lcd.o(.text.BSP_LCD_DisplayChar)
    BSP_LCD_DisplayOn                        0x08000f03   Thumb Code    18  stm32f429i_discovery_lcd.o(.text.BSP_LCD_DisplayOn)
    BSP_LCD_GetFont                          0x08000f15   Thumb Code    30  stm32f429i_discovery_lcd.o(.text.BSP_LCD_GetFont)
    BSP_LCD_GetXSize                         0x08000f33   Thumb Code    18  stm32f429i_discovery_lcd.o(.text.BSP_LCD_GetXSize)
    BSP_LCD_Init                             0x08000f45   Thumb Code   186  stm32f429i_discovery_lcd.o(.text.BSP_LCD_Init)
    BSP_LCD_LayerDefaultInit                 0x08000fff   Thumb Code   150  stm32f429i_discovery_lcd.o(.text.BSP_LCD_LayerDefaultInit)
    BSP_LCD_MspInit                          0x08001095   Thumb Code   324  stm32f429i_discovery_lcd.o(.text.BSP_LCD_MspInit)
    BSP_LCD_SelectLayer                      0x080011d9   Thumb Code    12  stm32f429i_discovery_lcd.o(.text.BSP_LCD_SelectLayer)
    BSP_LCD_SetFont                          0x080011e5   Thumb Code    30  stm32f429i_discovery_lcd.o(.text.BSP_LCD_SetFont)
    BSP_LCD_SetLayerVisible                  0x08001203   Thumb Code    42  stm32f429i_discovery_lcd.o(.text.BSP_LCD_SetLayerVisible)
    BSP_LED_On                               0x0800122d   Thumb Code    32  stm32f429i_discovery.o(.text.BSP_LED_On)
    BSP_SDRAM_Init                           0x0800124d   Thumb Code   136  stm32f429i_discovery_sdram.o(.text.BSP_SDRAM_Init)
    BSP_SDRAM_Initialization_sequence        0x080012d5   Thumb Code   150  stm32f429i_discovery_sdram.o(.text.BSP_SDRAM_Initialization_sequence)
    BSP_SDRAM_MspInit                        0x0800136b   Thumb Code   396  stm32f429i_discovery_sdram.o(.text.BSP_SDRAM_MspInit)
    BusFault_Handler                         0x080014f9   Thumb Code     2  stm32f4xx_it.o(.text.BusFault_Handler)
    DebugMon_Handler                         0x0800159f   Thumb Code     2  stm32f4xx_it.o(.text.DebugMon_Handler)
    EXTI0_IRQHandler                         0x080015a1   Thumb Code     6  stm32f4xx_it.o(.text.EXTI0_IRQHandler)
    EXTI1_IRQHandler                         0x080015a7   Thumb Code    48  stm32f4xx_it.o(.text.EXTI1_IRQHandler)
    EXTI2_IRQHandler                         0x080015d7   Thumb Code    48  stm32f4xx_it.o(.text.EXTI2_IRQHandler)
    EXTI3_IRQHandler                         0x08001607   Thumb Code    48  stm32f4xx_it.o(.text.EXTI3_IRQHandler)
    ExtBtn1_Config                           0x08001637   Thumb Code    92  main.o(.text.ExtBtn1_Config)
    ExtBtn2_Config                           0x08001693   Thumb Code    92  main.o(.text.ExtBtn2_Config)
    ExtBtn3_Config                           0x080016ef   Thumb Code    94  main.o(.text.ExtBtn3_Config)
    FMC_SDRAM_Init                           0x0800174d   Thumb Code   122  stm32f4xx_ll_fmc.o(.text.FMC_SDRAM_Init)
    FMC_SDRAM_ProgramRefreshRate             0x080017c7   Thumb Code    20  stm32f4xx_ll_fmc.o(.text.FMC_SDRAM_ProgramRefreshRate)
    FMC_SDRAM_SendCommand                    0x080017dd   Thumb Code    90  stm32f4xx_ll_fmc.o(.text.FMC_SDRAM_SendCommand)
    FMC_SDRAM_Timing_Init                    0x08001837   Thumb Code   212  stm32f4xx_ll_fmc.o(.text.FMC_SDRAM_Timing_Init)
    HAL_DMA2D_ConfigLayer                    0x08001983   Thumb Code   150  stm32f4xx_hal_dma2d.o(.text.HAL_DMA2D_ConfigLayer)
    HAL_DMA2D_Init                           0x08001a19   Thumb Code    84  stm32f4xx_hal_dma2d.o(.text.HAL_DMA2D_Init)
    HAL_DMA2D_MspInit                        0x08001a6d   Thumb Code     2  stm32f4xx_hal_dma2d.o(.text.HAL_DMA2D_MspInit)
    HAL_DMA2D_PollForTransfer                0x08001a71   Thumb Code   250  stm32f4xx_hal_dma2d.o(.text.HAL_DMA2D_PollForTransfer)
    HAL_DMA2D_Start                          0x08001b6b   Thumb Code    58  stm32f4xx_hal_dma2d.o(.text.HAL_DMA2D_Start)
    HAL_DMA_DeInit                           0x08001ba5   Thumb Code   134  stm32f4xx_hal_dma.o(.text.HAL_DMA_DeInit)
    HAL_DMA_Init                             0x08001c2d   Thumb Code   328  stm32f4xx_hal_dma.o(.text.HAL_DMA_Init)
    HAL_Delay                                0x08001d75   Thumb Code    40  stm32f4xx_hal.o(.text.HAL_Delay)
    HAL_GPIO_EXTI_Callback                   0x08001d9d   Thumb Code    32  main.o(.text.HAL_GPIO_EXTI_Callback)
    HAL_GPIO_EXTI_IRQHandler                 0x08001dbd   Thumb Code    22  stm32f4xx_hal_gpio.o(.text.HAL_GPIO_EXTI_IRQHandler)
    HAL_GPIO_Init                            0x08001dd5   Thumb Code   420  stm32f4xx_hal_gpio.o(.text.HAL_GPIO_Init)
    HAL_GPIO_ReadPin                         0x08001f79   Thumb Code    10  stm32f4xx_hal_gpio.o(.text.HAL_GPIO_ReadPin)
    HAL_GPIO_WritePin                        0x08001f83   Thumb Code    10  stm32f4xx_hal_gpio.o(.text.HAL_GPIO_WritePin)
    HAL_GetTick                              0x08001f8d   Thumb Code    12  stm32f4xx_hal.o(.text.HAL_GetTick)
    HAL_IncTick                              0x08001f99   Thumb Code    26  stm32f4xx_hal.o(.text.HAL_IncTick)
    HAL_Init                                 0x08001fb3   Thumb Code    46  stm32f4xx_hal.o(.text.HAL_Init)
    HAL_InitTick                             0x08001fe1   Thumb Code    80  stm32f4xx_hal.o(.text.HAL_InitTick)
    HAL_LTDC_ConfigLayer                     0x08002031   Thumb Code   118  stm32f4xx_hal_ltdc.o(.text.HAL_LTDC_ConfigLayer)
    HAL_LTDC_EnableDither                    0x080020a7   Thumb Code    48  stm32f4xx_hal_ltdc.o(.text.HAL_LTDC_EnableDither)
    HAL_LTDC_Init                            0x080020d7   Thumb Code   228  stm32f4xx_hal_ltdc.o(.text.HAL_LTDC_Init)
    HAL_LTDC_MspInit                         0x080021bb   Thumb Code     2  stm32f4xx_hal_ltdc.o(.text.HAL_LTDC_MspInit)
    HAL_MspInit                              0x080021bd   Thumb Code     2  stm32f4xx_hal.o(.text.HAL_MspInit)
    HAL_NVIC_EnableIRQ                       0x080021bf   Thumb Code    36  stm32f4xx_hal_cortex.o(.text.HAL_NVIC_EnableIRQ)
    HAL_NVIC_SetPriority                     0x080021e3   Thumb Code    86  stm32f4xx_hal_cortex.o(.text.HAL_NVIC_SetPriority)
    HAL_NVIC_SetPriorityGrouping             0x08002239   Thumb Code    32  stm32f4xx_hal_cortex.o(.text.HAL_NVIC_SetPriorityGrouping)
    HAL_PWREx_EnableOverDrive                0x08002259   Thumb Code   120  stm32f4xx_hal_pwr_ex.o(.text.HAL_PWREx_EnableOverDrive)
    HAL_RCCEx_PeriphCLKConfig                0x080022d1   Thumb Code   570  stm32f4xx_hal_rcc_ex.o(.text.HAL_RCCEx_PeriphCLKConfig)
    HAL_RCC_ClockConfig                      0x0800250d   Thumb Code   334  stm32f4xx_hal_rcc.o(.text.HAL_RCC_ClockConfig)
    HAL_RCC_GetSysClockFreq                  0x0800265b   Thumb Code   106  stm32f4xx_hal_rcc.o(.text.HAL_RCC_GetSysClockFreq)
    HAL_RCC_OscConfig                        0x080026c5   Thumb Code   856  stm32f4xx_hal_rcc.o(.text.HAL_RCC_OscConfig)
    HAL_SDRAM_Init                           0x08002a1d   Thumb Code    64  stm32f4xx_hal_sdram.o(.text.HAL_SDRAM_Init)
    HAL_SDRAM_MspInit                        0x08002a5d   Thumb Code     2  stm32f4xx_hal_sdram.o(.text.HAL_SDRAM_MspInit)
    HAL_SDRAM_ProgramRefreshRate             0x08002a5f   Thumb Code    48  stm32f4xx_hal_sdram.o(.text.HAL_SDRAM_ProgramRefreshRate)
    HAL_SDRAM_SendCommand                    0x08002a8f   Thumb Code    60  stm32f4xx_hal_sdram.o(.text.HAL_SDRAM_SendCommand)
    HAL_SPI_DeInit                           0x08002acb   Thumb Code    46  stm32f4xx_hal_spi.o(.text.HAL_SPI_DeInit)
    HAL_SPI_GetState                         0x08002af9   Thumb Code     6  stm32f4xx_hal_spi.o(.text.HAL_SPI_GetState)
    HAL_SPI_Init                             0x08002aff   Thumb Code   194  stm32f4xx_hal_spi.o(.text.HAL_SPI_Init)
    HAL_SPI_MspDeInit                        0x08002bc1   Thumb Code     2  stm32f4xx_hal_spi.o(.text.HAL_SPI_MspDeInit)
    HAL_SPI_MspInit                          0x08002bc3   Thumb Code     2  stm32f4xx_hal_spi.o(.text.HAL_SPI_MspInit)
    HAL_SPI_Receive                          0x08002bc5   Thumb Code   480  stm32f4xx_hal_spi.o(.text.HAL_SPI_Receive)
    HAL_SPI_Transmit                         0x08002da5   Thumb Code   414  stm32f4xx_hal_spi.o(.text.HAL_SPI_Transmit)
    HAL_SPI_TransmitReceive                  0x08002f45   Thumb Code   634  stm32f4xx_hal_spi.o(.text.HAL_SPI_TransmitReceive)
    HAL_SYSTICK_Config                       0x080031bf   Thumb Code    44  stm32f4xx_hal_cortex.o(.text.HAL_SYSTICK_Config)
    HAL_TIMEx_BreakCallback                  0x080031eb   Thumb Code     2  stm32f4xx_hal_tim_ex.o(.text.HAL_TIMEx_BreakCallback)
    HAL_TIMEx_CommutCallback                 0x080031ed   Thumb Code     2  stm32f4xx_hal_tim_ex.o(.text.HAL_TIMEx_CommutCallback)
    HAL_TIM_Base_Init                        0x080031ef   Thumb Code    88  stm32f4xx_hal_tim.o(.text.HAL_TIM_Base_Init)
    HAL_TIM_Base_MspInit                     0x08003247   Thumb Code    56  stm32f4xx_hal_msp.o(.text.HAL_TIM_Base_MspInit)
    HAL_TIM_Base_Start_IT                    0x0800327f   Thumb Code   160  stm32f4xx_hal_tim.o(.text.HAL_TIM_Base_Start_IT)
    HAL_TIM_IC_CaptureCallback               0x0800331f   Thumb Code     2  stm32f4xx_hal_tim.o(.text.HAL_TIM_IC_CaptureCallback)
    HAL_TIM_IRQHandler                       0x08003321   Thumb Code   362  stm32f4xx_hal_tim.o(.text.HAL_TIM_IRQHandler)
    HAL_TIM_OC_ConfigChannel                 0x0800348d   Thumb Code    78  stm32f4xx_hal_tim.o(.text.HAL_TIM_OC_ConfigChannel)
    HAL_TIM_OC_DelayElapsedCallback          0x080034db   Thumb Code     8  main.o(.text.HAL_TIM_OC_DelayElapsedCallback)
    HAL_TIM_OC_Init                          0x080034e3   Thumb Code    88  stm32f4xx_hal_tim.o(.text.HAL_TIM_OC_Init)
    HAL_TIM_OC_MspInit                       0x0800353b   Thumb Code    56  stm32f4xx_hal_msp.o(.text.HAL_TIM_OC_MspInit)
    HAL_TIM_OC_Start_IT                      0x08003573   Thumb Code   292  stm32f4xx_hal_tim.o(.text.HAL_TIM_OC_Start_IT)
    HAL_TIM_PWM_PulseFinishedCallback        0x08003697   Thumb Code     2  stm32f4xx_hal_tim.o(.text.HAL_TIM_PWM_PulseFinishedCallback)
    HAL_TIM_PeriodElapsedCallback            0x08003699   Thumb Code     2  stm32f4xx_hal_tim.o(.text.HAL_TIM_PeriodElapsedCallback)
    HAL_TIM_TriggerCallback                  0x0800369b   Thumb Code     2  stm32f4xx_hal_tim.o(.text.HAL_TIM_TriggerCallback)
    HardFault_Handler                        0x0800369d   Thumb Code     2  stm32f4xx_it.o(.text.HardFault_Handler)
    LCD_Delay                                0x0800369f   Thumb Code     4  stm32f429i_discovery.o(.text.LCD_Delay)
    LCD_DisplayString                        0x080036a5   Thumb Code   104  main.o(.text.LCD_DisplayString)
    LCD_IO_Init                              0x0800370d   Thumb Code   208  stm32f429i_discovery.o(.text.LCD_IO_Init)
    LCD_IO_ReadData                          0x080037dd   Thumb Code   122  stm32f429i_discovery.o(.text.LCD_IO_ReadData)
    LCD_IO_WriteData                         0x08003857   Thumb Code    56  stm32f429i_discovery.o(.text.LCD_IO_WriteData)
    LCD_IO_WriteReg                          0x0800388f   Thumb Code    56  stm32f429i_discovery.o(.text.LCD_IO_WriteReg)
    MemManage_Handler                        0x080039e9   Thumb Code     2  stm32f4xx_it.o(.text.MemManage_Handler)
    NMI_Handler                              0x080039eb   Thumb Code     2  stm32f4xx_it.o(.text.NMI_Handler)
    PendSV_Handler                           0x080039ed   Thumb Code     2  stm32f4xx_it.o(.text.PendSV_Handler)
    SVC_Handler                              0x08003c5d   Thumb Code     2  stm32f4xx_it.o(.text.SVC_Handler)
    SysTick_Handler                          0x08003c5f   Thumb Code     4  stm32f4xx_it.o(.text.SysTick_Handler)
    SystemInit                               0x08003c63   Thumb Code    18  system_stm32f4xx.o(.text.SystemInit)
    TIM3_Config                              0x08003c75   Thumb Code   116  main.o(.text.TIM3_Config)
    TIM3_IRQHandler                          0x08003ce9   Thumb Code    12  stm32f4xx_it.o(.text.TIM3_IRQHandler)
    TIM4_IRQHandler                          0x08003cf5   Thumb Code    12  stm32f4xx_it.o(.text.TIM4_IRQHandler)
    TIM4_OC_Config                           0x08003d01   Thumb Code    64  main.o(.text.TIM4_OC_Config)
    TIM_Base_SetConfig                       0x08003d41   Thumb Code   284  stm32f4xx_hal_tim.o(.text.TIM_Base_SetConfig)
    TIM_OC2_SetConfig                        0x08003ec1   Thumb Code   104  stm32f4xx_hal_tim.o(.text.TIM_OC2_SetConfig)
    UsageFault_Handler                       0x08003fdd   Thumb Code     2  stm32f4xx_it.o(.text.UsageFault_Handler)
    ili9341_DisplayOff                       0x08003fdf   Thumb Code     6  ili9341.o(.text.ili9341_DisplayOff)
    ili9341_DisplayOn                        0x08003fe5   Thumb Code     6  ili9341.o(.text.ili9341_DisplayOn)
    ili9341_GetLcdPixelHeight                0x08003feb   Thumb Code     6  ili9341.o(.text.ili9341_GetLcdPixelHeight)
    ili9341_GetLcdPixelWidth                 0x08003ff1   Thumb Code     4  ili9341.o(.text.ili9341_GetLcdPixelWidth)
    ili9341_Init                             0x08003ff5   Thumb Code   658  ili9341.o(.text.ili9341_Init)
    ili9341_ReadID                           0x08004287   Thumb Code    18  ili9341.o(.text.ili9341_ReadID)
    main                                     0x08004299   Thumb Code   464  main.o(.text.main)
    _btod_d2e                                0x0800446d   Thumb Code    62  btod.o(CL$$btod_d2e)
    _d2e_denorm_low                          0x080044ab   Thumb Code    70  btod.o(CL$$btod_d2e_denorm_low)
    _d2e_norm_op1                            0x080044f1   Thumb Code    96  btod.o(CL$$btod_d2e_norm_op1)
    __btod_div_common                        0x08004551   Thumb Code   696  btod.o(CL$$btod_div_common)
    _e2e                                     0x08004889   Thumb Code   220  btod.o(CL$$btod_e2e)
    _btod_ediv                               0x08004965   Thumb Code    42  btod.o(CL$$btod_ediv)
    _btod_emul                               0x0800498f   Thumb Code    42  btod.o(CL$$btod_emul)
    __btod_mult_common                       0x080049b9   Thumb Code   580  btod.o(CL$$btod_mult_common)
    __ARM_fpclassify                         0x08004bfd   Thumb Code    48  fpclassify.o(i.__ARM_fpclassify)
    _is_digit                                0x08004c2d   Thumb Code    14  __printf_wp.o(i._is_digit)
    _get_lc_numeric                          0x08004c3d   Thumb Code    44  lc_numeric_c.o(locale$$code)
    _fp_init                                 0x08004c69   Thumb Code    26  fpinit.o(x$fpl$fpinit)
    __fplib_config_fpu_vfp                   0x08004c81   Thumb Code     0  fpinit.o(x$fpl$fpinit)
    __fplib_config_pureend_doubles           0x08004c81   Thumb Code     0  fpinit.o(x$fpl$fpinit)
    _printf_fp_dec                           0x08004c83   Thumb Code     4  printf1.o(x$fpl$printf1)
    __I$use$fp                               0x08004c86   Number         0  usenofp.o(x$fpl$usenofp)
    AHBPrescTable                            0x08004d1c   Data          16  system_stm32f4xx.o(.rodata.AHBPrescTable)
    Font20_Table                             0x08004d2c   Data        3800  stm32f429i_discovery_lcd.o(.rodata.Font20_Table)
    Font24_Table                             0x08005c04   Data        6840  stm32f429i_discovery_lcd.o(.rodata.Font24_Table)
    GPIO_PIN                                 0x080076bc   Data           4  stm32f429i_discovery.o(.rodata.GPIO_PIN)
    Region$$Table$$Base                      0x0800770c   Number         0  anon$$obj.o(Region$$Table)
    Region$$Table$$Limit                     0x0800772c   Number         0  anon$$obj.o(Region$$Table)
    Font20                                   0x20000000   Data           8  stm32f429i_discovery_lcd.o(.data.Font20)
    Font24                                   0x20000008   Data           8  stm32f429i_discovery_lcd.o(.data.Font24)
    GPIO_PORT                                0x20000010   Data           8  stm32f429i_discovery.o(.data.GPIO_PORT)
    SpixTimeout                              0x20000018   Data           4  stm32f429i_discovery.o(.data.SpixTimeout)
    SystemCoreClock                          0x2000001c   Data           4  system_stm32f4xx.o(.data.SystemCoreClock)
    ili9341_drv                              0x20000020   Data          56  ili9341.o(.data.ili9341_drv)
    uwTickFreq                               0x20000058   Data           1  stm32f4xx_hal.o(.data.uwTickFreq)
    uwTickPrio                               0x2000005c   Data           4  stm32f4xx_hal.o(.data.uwTickPrio)
    __libspace_start                         0x20000060   Data          96  libspace.o(.bss)
    __temporary_stack_top$libspace           0x200000c0   Data           0  libspace.o(.bss)
    LcdDrv                                   0x20000194   Data           4  stm32f429i_discovery_lcd.o(.bss.LcdDrv)
    LtdcHandler                              0x20000198   Data         168  stm32f429i_discovery_lcd.o(.bss.LtdcHandler)
    Tim3_Handle                              0x200002fc   Data          72  main.o(.bss.Tim3_Handle)
    Tim3_PrescalerValue                      0x20000344   Data           2  main.o(.bss.Tim3_PrescalerValue)
    Tim4_CCR                                 0x20000346   Data           2  main.o(.bss.Tim4_CCR)
    Tim4_Handle                              0x20000348   Data          72  main.o(.bss.Tim4_Handle)
    Tim4_OCInitStructure                     0x20000390   Data          28  main.o(.bss.Tim4_OCInitStructure)
    Tim4_PrescalerValue                      0x200003ac   Data           2  main.o(.bss.Tim4_PrescalerValue)
    orientation                              0x200003cc   Data           4  main.o(.bss.orientation)
    prescaler                                0x200003d0   Data           4  main.o(.bss.prescaler)
    uwTick                                   0x200003d4   Data           4  stm32f4xx_hal.o(.bss.uwTick)



==============================================================================

Memory Map of the image

  Image Entry point : 0x080001ad

  Load Region LR_IROM1 (Base: 0x08000000, Size: 0x000077a8, Max: 0x00200000, ABSOLUTE)

    Execution Region ER_IROM1 (Exec base: 0x08000000, Load base: 0x08000000, Size: 0x00007748, Max: 0x00200000, ABSOLUTE)

    Exec Addr    Load Addr    Size         Type   Attr      Idx    E Section Name        Object

    0x08000000   0x08000000   0x000001ac   Data   RO         1833    RESET               startup_stm32f429xx.o
    0x080001ac   0x080001ac   0x00000008   Code   RO         1894  * !!!main             c_w.l(__main.o)
    0x080001b4   0x080001b4   0x00000034   Code   RO         2140    !!!scatter          c_w.l(__scatter.o)
    0x080001e8   0x080001e8   0x0000001a   Code   RO         2142    !!handler_copy      c_w.l(__scatter_copy.o)
    0x08000202   0x08000202   0x00000002   PAD
    0x08000204   0x08000204   0x0000001c   Code   RO         2144    !!handler_zi        c_w.l(__scatter_zi.o)
    0x08000220   0x08000220   0x00000000   Code   RO         1889    .ARM.Collect$$_printf_percent$$00000000  c_w.l(_printf_percent.o)
    0x08000220   0x08000220   0x00000006   Code   RO         1888    .ARM.Collect$$_printf_percent$$00000003  c_w.l(_printf_f.o)
    0x08000226   0x08000226   0x00000006   Code   RO         1887    .ARM.Collect$$_printf_percent$$00000009  c_w.l(_printf_d.o)
    0x0800022c   0x0800022c   0x00000004   Code   RO         1915    .ARM.Collect$$_printf_percent$$00000017  c_w.l(_printf_percent_end.o)
    0x08000230   0x08000230   0x00000002   Code   RO         2003    .ARM.Collect$$libinit$$00000000  c_w.l(libinit.o)
    0x08000232   0x08000232   0x00000004   Code   RO         2004    .ARM.Collect$$libinit$$00000001  c_w.l(libinit2.o)
    0x08000236   0x08000236   0x00000000   Code   RO         2007    .ARM.Collect$$libinit$$00000004  c_w.l(libinit2.o)
    0x08000236   0x08000236   0x00000000   Code   RO         2009    .ARM.Collect$$libinit$$00000006  c_w.l(libinit2.o)
    0x08000236   0x08000236   0x00000000   Code   RO         2012    .ARM.Collect$$libinit$$0000000C  c_w.l(libinit2.o)
    0x08000236   0x08000236   0x00000000   Code   RO         2014    .ARM.Collect$$libinit$$0000000E  c_w.l(libinit2.o)
    0x08000236   0x08000236   0x00000000   Code   RO         2016    .ARM.Collect$$libinit$$00000010  c_w.l(libinit2.o)
    0x08000236   0x08000236   0x00000006   Code   RO         2017    .ARM.Collect$$libinit$$00000011  c_w.l(libinit2.o)
    0x0800023c   0x0800023c   0x00000000   Code   RO         2019    .ARM.Collect$$libinit$$00000013  c_w.l(libinit2.o)
    0x0800023c   0x0800023c   0x00000000   Code   RO         2021    .ARM.Collect$$libinit$$00000015  c_w.l(libinit2.o)
    0x0800023c   0x0800023c   0x00000000   Code   RO         2023    .ARM.Collect$$libinit$$00000017  c_w.l(libinit2.o)
    0x0800023c   0x0800023c   0x0000000a   Code   RO         2024    .ARM.Collect$$libinit$$00000018  c_w.l(libinit2.o)
    0x08000246   0x08000246   0x00000000   Code   RO         2025    .ARM.Collect$$libinit$$00000019  c_w.l(libinit2.o)
    0x08000246   0x08000246   0x00000000   Code   RO         2027    .ARM.Collect$$libinit$$0000001B  c_w.l(libinit2.o)
    0x08000246   0x08000246   0x00000000   Code   RO         2029    .ARM.Collect$$libinit$$0000001D  c_w.l(libinit2.o)
    0x08000246   0x08000246   0x00000000   Code   RO         2031    .ARM.Collect$$libinit$$0000001F  c_w.l(libinit2.o)
    0x08000246   0x08000246   0x00000000   Code   RO         2033    .ARM.Collect$$libinit$$00000021  c_w.l(libinit2.o)
    0x08000246   0x08000246   0x00000000   Code   RO         2035    .ARM.Collect$$libinit$$00000023  c_w.l(libinit2.o)
    0x08000246   0x08000246   0x00000000   Code   RO         2037    .ARM.Collect$$libinit$$00000025  c_w.l(libinit2.o)
    0x08000246   0x08000246   0x00000000   Code   RO         2039    .ARM.Collect$$libinit$$00000027  c_w.l(libinit2.o)
    0x08000246   0x08000246   0x00000000   Code   RO         2043    .ARM.Collect$$libinit$$0000002E  c_w.l(libinit2.o)
    0x08000246   0x08000246   0x00000000   Code   RO         2045    .ARM.Collect$$libinit$$00000030  c_w.l(libinit2.o)
    0x08000246   0x08000246   0x00000000   Code   RO         2047    .ARM.Collect$$libinit$$00000032  c_w.l(libinit2.o)
    0x08000246   0x08000246   0x00000000   Code   RO         2049    .ARM.Collect$$libinit$$00000034  c_w.l(libinit2.o)
    0x08000246   0x08000246   0x00000002   Code   RO         2050    .ARM.Collect$$libinit$$00000035  c_w.l(libinit2.o)
    0x08000248   0x08000248   0x00000002   Code   RO         2105    .ARM.Collect$$libshutdown$$00000000  c_w.l(libshutdown.o)
    0x0800024a   0x0800024a   0x00000000   Code   RO         2123    .ARM.Collect$$libshutdown$$00000002  c_w.l(libshutdown2.o)
    0x0800024a   0x0800024a   0x00000000   Code   RO         2125    .ARM.Collect$$libshutdown$$00000004  c_w.l(libshutdown2.o)
    0x0800024a   0x0800024a   0x00000000   Code   RO         2128    .ARM.Collect$$libshutdown$$00000007  c_w.l(libshutdown2.o)
    0x0800024a   0x0800024a   0x00000000   Code   RO         2131    .ARM.Collect$$libshutdown$$0000000A  c_w.l(libshutdown2.o)
    0x0800024a   0x0800024a   0x00000000   Code   RO         2133    .ARM.Collect$$libshutdown$$0000000C  c_w.l(libshutdown2.o)
    0x0800024a   0x0800024a   0x00000000   Code   RO         2136    .ARM.Collect$$libshutdown$$0000000F  c_w.l(libshutdown2.o)
    0x0800024a   0x0800024a   0x00000002   Code   RO         2137    .ARM.Collect$$libshutdown$$00000010  c_w.l(libshutdown2.o)
    0x0800024c   0x0800024c   0x00000000   Code   RO         1900    .ARM.Collect$$rtentry$$00000000  c_w.l(__rtentry.o)
    0x0800024c   0x0800024c   0x00000000   Code   RO         1922    .ARM.Collect$$rtentry$$00000002  c_w.l(__rtentry2.o)
    0x0800024c   0x0800024c   0x00000006   Code   RO         1934    .ARM.Collect$$rtentry$$00000004  c_w.l(__rtentry4.o)
    0x08000252   0x08000252   0x00000000   Code   RO         1924    .ARM.Collect$$rtentry$$00000009  c_w.l(__rtentry2.o)
    0x08000252   0x08000252   0x00000004   Code   RO         1925    .ARM.Collect$$rtentry$$0000000A  c_w.l(__rtentry2.o)
    0x08000256   0x08000256   0x00000000   Code   RO         1927    .ARM.Collect$$rtentry$$0000000C  c_w.l(__rtentry2.o)
    0x08000256   0x08000256   0x00000008   Code   RO         1928    .ARM.Collect$$rtentry$$0000000D  c_w.l(__rtentry2.o)
    0x0800025e   0x0800025e   0x00000002   Code   RO         2051    .ARM.Collect$$rtexit$$00000000  c_w.l(rtexit.o)
    0x08000260   0x08000260   0x00000000   Code   RO         2070    .ARM.Collect$$rtexit$$00000002  c_w.l(rtexit2.o)
    0x08000260   0x08000260   0x00000004   Code   RO         2071    .ARM.Collect$$rtexit$$00000003  c_w.l(rtexit2.o)
    0x08000264   0x08000264   0x00000006   Code   RO         2072    .ARM.Collect$$rtexit$$00000004  c_w.l(rtexit2.o)
    0x0800026a   0x0800026a   0x00000002   PAD
    0x0800026c   0x0800026c   0x00000040   Code   RO         1834    .text               startup_stm32f429xx.o
    0x080002ac   0x080002ac   0x000000f0   Code   RO         1857    .text               c_w.l(lludivv7m.o)
    0x0800039c   0x0800039c   0x00000028   Code   RO         1861    .text               c_w.l(noretval__2sprintf.o)
    0x080003c4   0x080003c4   0x00000078   Code   RO         1865    .text               c_w.l(_printf_dec.o)
    0x0800043c   0x0800043c   0x0000010e   Code   RO         1875    .text               c_w.l(__printf_wp.o)
    0x0800054a   0x0800054a   0x0000004e   Code   RO         1890    .text               c_w.l(rt_memclr_w.o)
    0x08000598   0x08000598   0x00000006   Code   RO         1892    .text               c_w.l(heapauxi.o)
    0x0800059e   0x0800059e   0x000000b2   Code   RO         1905    .text               c_w.l(_printf_intcommon.o)
    0x08000650   0x08000650   0x0000041c   Code   RO         1907    .text               c_w.l(_printf_fp_dec.o)
    0x08000a6c   0x08000a6c   0x00000030   Code   RO         1911    .text               c_w.l(_printf_char_common.o)
    0x08000a9c   0x08000a9c   0x0000000a   Code   RO         1913    .text               c_w.l(_sputc.o)
    0x08000aa6   0x08000aa6   0x00000002   PAD
    0x08000aa8   0x08000aa8   0x00000008   Code   RO         1941    .text               c_w.l(rt_locale_intlibspace.o)
    0x08000ab0   0x08000ab0   0x0000008a   Code   RO         1943    .text               c_w.l(lludiv10.o)
    0x08000b3a   0x08000b3a   0x00000002   PAD
    0x08000b3c   0x08000b3c   0x00000080   Code   RO         1945    .text               c_w.l(_printf_fp_infnan.o)
    0x08000bbc   0x08000bbc   0x000000e4   Code   RO         1949    .text               c_w.l(bigflt0.o)
    0x08000ca0   0x08000ca0   0x00000008   Code   RO         1983    .text               c_w.l(libspace.o)
    0x08000ca8   0x08000ca8   0x0000004a   Code   RO         1986    .text               c_w.l(sys_stackheap_outer.o)
    0x08000cf2   0x08000cf2   0x00000012   Code   RO         1990    .text               c_w.l(exit.o)
    0x08000d04   0x08000d04   0x00000004   PAD
    0x08000d08   0x08000d08   0x0000007c   Code   RO         1996    .text               c_w.l(strcmpv7em.o)
    0x08000d84   0x08000d84   0x0000000c   Code   RO         2065    .text               c_w.l(sys_exit.o)
    0x08000d90   0x08000d90   0x00000002   Code   RO         2092    .text               c_w.l(use_no_semi.o)
    0x08000d92   0x08000d92   0x00000000   Code   RO         2094    .text               c_w.l(indicate_semi.o)
    0x08000d92   0x08000d92   0x00000002   Code   RO           85    .text.ADC_IRQHandler  stm32f4xx_it.o
    0x08000d94   0x08000d94   0x0000004c   Code   RO          345    .text.BSP_LCD_Clear  stm32f429i_discovery_lcd.o
    0x08000de0   0x08000de0   0x00000122   Code   RO          353    .text.BSP_LCD_DisplayChar  stm32f429i_discovery_lcd.o
    0x08000f02   0x08000f02   0x00000012   Code   RO          385    .text.BSP_LCD_DisplayOn  stm32f429i_discovery_lcd.o
    0x08000f14   0x08000f14   0x0000001e   Code   RO          341    .text.BSP_LCD_GetFont  stm32f429i_discovery_lcd.o
    0x08000f32   0x08000f32   0x00000012   Code   RO          299    .text.BSP_LCD_GetXSize  stm32f429i_discovery_lcd.o
    0x08000f44   0x08000f44   0x000000ba   Code   RO          293    .text.BSP_LCD_Init  stm32f429i_discovery_lcd.o
    0x08000ffe   0x08000ffe   0x00000096   Code   RO          303    .text.BSP_LCD_LayerDefaultInit  stm32f429i_discovery_lcd.o
    0x08001094   0x08001094   0x00000144   Code   RO          295    .text.BSP_LCD_MspInit  stm32f429i_discovery_lcd.o
    0x080011d8   0x080011d8   0x0000000c   Code   RO          305    .text.BSP_LCD_SelectLayer  stm32f429i_discovery_lcd.o
    0x080011e4   0x080011e4   0x0000001e   Code   RO          297    .text.BSP_LCD_SetFont  stm32f429i_discovery_lcd.o
    0x08001202   0x08001202   0x0000002a   Code   RO          307    .text.BSP_LCD_SetLayerVisible  stm32f429i_discovery_lcd.o
    0x0800122c   0x0800122c   0x00000020   Code   RO          205    .text.BSP_LED_On    stm32f429i_discovery.o
    0x0800124c   0x0800124c   0x00000088   Code   RO          413    .text.BSP_SDRAM_Init  stm32f429i_discovery_sdram.o
    0x080012d4   0x080012d4   0x00000096   Code   RO          417    .text.BSP_SDRAM_Initialization_sequence  stm32f429i_discovery_sdram.o
    0x0800136a   0x0800136a   0x0000018c   Code   RO          415    .text.BSP_SDRAM_MspInit  stm32f429i_discovery_sdram.o
    0x080014f6   0x080014f6   0x00000002   PAD
    0x080014f8   0x080014f8   0x00000002   Code   RO           65    .text.BusFault_Handler  stm32f4xx_it.o
    0x080014fa   0x080014fa   0x00000002   PAD
    0x080014fc   0x080014fc   0x000000a2   Code   RO          646    .text.DMA2D_SetConfig  stm32f4xx_hal_dma2d.o
    0x0800159e   0x0800159e   0x00000002   Code   RO           71    .text.DebugMon_Handler  stm32f4xx_it.o
    0x080015a0   0x080015a0   0x00000006   Code   RO           77    .text.EXTI0_IRQHandler  stm32f4xx_it.o
    0x080015a6   0x080015a6   0x00000030   Code   RO           79    .text.EXTI1_IRQHandler  stm32f4xx_it.o
    0x080015d6   0x080015d6   0x00000030   Code   RO           81    .text.EXTI2_IRQHandler  stm32f4xx_it.o
    0x08001606   0x08001606   0x00000030   Code   RO           83    .text.EXTI3_IRQHandler  stm32f4xx_it.o
    0x08001636   0x08001636   0x0000005c   Code   RO           14    .text.ExtBtn1_Config  main.o
    0x08001692   0x08001692   0x0000005c   Code   RO           16    .text.ExtBtn2_Config  main.o
    0x080016ee   0x080016ee   0x0000005e   Code   RO           18    .text.ExtBtn3_Config  main.o
    0x0800174c   0x0800174c   0x0000007a   Code   RO         1806    .text.FMC_SDRAM_Init  stm32f4xx_ll_fmc.o
    0x080017c6   0x080017c6   0x00000014   Code   RO         1818    .text.FMC_SDRAM_ProgramRefreshRate  stm32f4xx_ll_fmc.o
    0x080017da   0x080017da   0x00000002   PAD
    0x080017dc   0x080017dc   0x0000005a   Code   RO         1816    .text.FMC_SDRAM_SendCommand  stm32f4xx_ll_fmc.o
    0x08001836   0x08001836   0x000000d4   Code   RO         1808    .text.FMC_SDRAM_Timing_Init  stm32f4xx_ll_fmc.o
    0x0800190a   0x0800190a   0x00000078   Code   RO          347    .text.FillBuffer    stm32f429i_discovery_lcd.o
    0x08001982   0x08001982   0x00000096   Code   RO          680    .text.HAL_DMA2D_ConfigLayer  stm32f4xx_hal_dma2d.o
    0x08001a18   0x08001a18   0x00000054   Code   RO          632    .text.HAL_DMA2D_Init  stm32f4xx_hal_dma2d.o
    0x08001a6c   0x08001a6c   0x00000002   Code   RO          634    .text.HAL_DMA2D_MspInit  stm32f4xx_hal_dma2d.o
    0x08001a6e   0x08001a6e   0x00000002   PAD
    0x08001a70   0x08001a70   0x000000fa   Code   RO          672    .text.HAL_DMA2D_PollForTransfer  stm32f4xx_hal_dma2d.o
    0x08001b6a   0x08001b6a   0x0000003a   Code   RO          644    .text.HAL_DMA2D_Start  stm32f4xx_hal_dma2d.o
    0x08001ba4   0x08001ba4   0x00000086   Code   RO          601    .text.HAL_DMA_DeInit  stm32f4xx_hal_dma.o
    0x08001c2a   0x08001c2a   0x00000002   PAD
    0x08001c2c   0x08001c2c   0x00000148   Code   RO          599    .text.HAL_DMA_Init  stm32f4xx_hal_dma.o
    0x08001d74   0x08001d74   0x00000028   Code   RO          504    .text.HAL_Delay     stm32f4xx_hal.o
    0x08001d9c   0x08001d9c   0x00000020   Code   RO           22    .text.HAL_GPIO_EXTI_Callback  main.o
    0x08001dbc   0x08001dbc   0x00000016   Code   RO          756    .text.HAL_GPIO_EXTI_IRQHandler  stm32f4xx_hal_gpio.o
    0x08001dd2   0x08001dd2   0x00000002   PAD
    0x08001dd4   0x08001dd4   0x000001a4   Code   RO          744    .text.HAL_GPIO_Init  stm32f4xx_hal_gpio.o
    0x08001f78   0x08001f78   0x0000000a   Code   RO          748    .text.HAL_GPIO_ReadPin  stm32f4xx_hal_gpio.o
    0x08001f82   0x08001f82   0x0000000a   Code   RO          750    .text.HAL_GPIO_WritePin  stm32f4xx_hal_gpio.o
    0x08001f8c   0x08001f8c   0x0000000c   Code   RO          496    .text.HAL_GetTick   stm32f4xx_hal.o
    0x08001f98   0x08001f98   0x0000001a   Code   RO          494    .text.HAL_IncTick   stm32f4xx_hal.o
    0x08001fb2   0x08001fb2   0x0000002e   Code   RO          484    .text.HAL_Init      stm32f4xx_hal.o
    0x08001fe0   0x08001fe0   0x00000050   Code   RO          486    .text.HAL_InitTick  stm32f4xx_hal.o
    0x08002030   0x08002030   0x00000076   Code   RO          934    .text.HAL_LTDC_ConfigLayer  stm32f4xx_hal_ltdc.o
    0x080020a6   0x080020a6   0x00000030   Code   RO          950    .text.HAL_LTDC_EnableDither  stm32f4xx_hal_ltdc.o
    0x080020d6   0x080020d6   0x000000e4   Code   RO          918    .text.HAL_LTDC_Init  stm32f4xx_hal_ltdc.o
    0x080021ba   0x080021ba   0x00000002   Code   RO          920    .text.HAL_LTDC_MspInit  stm32f4xx_hal_ltdc.o
    0x080021bc   0x080021bc   0x00000002   Code   RO          488    .text.HAL_MspInit   stm32f4xx_hal.o
    0x080021be   0x080021be   0x00000024   Code   RO          557    .text.HAL_NVIC_EnableIRQ  stm32f4xx_hal_cortex.o
    0x080021e2   0x080021e2   0x00000056   Code   RO          555    .text.HAL_NVIC_SetPriority  stm32f4xx_hal_cortex.o
    0x08002238   0x08002238   0x00000020   Code   RO          553    .text.HAL_NVIC_SetPriorityGrouping  stm32f4xx_hal_cortex.o
    0x08002258   0x08002258   0x00000078   Code   RO         1061    .text.HAL_PWREx_EnableOverDrive  stm32f4xx_hal_pwr_ex.o
    0x080022d0   0x080022d0   0x0000023a   Code   RO         1111    .text.HAL_RCCEx_PeriphCLKConfig  stm32f4xx_hal_rcc_ex.o
    0x0800250a   0x0800250a   0x00000002   PAD
    0x0800250c   0x0800250c   0x0000014e   Code   RO         1079    .text.HAL_RCC_ClockConfig  stm32f4xx_hal_rcc.o
    0x0800265a   0x0800265a   0x0000006a   Code   RO         1081    .text.HAL_RCC_GetSysClockFreq  stm32f4xx_hal_rcc.o
    0x080026c4   0x080026c4   0x00000358   Code   RO         1077    .text.HAL_RCC_OscConfig  stm32f4xx_hal_rcc.o
    0x08002a1c   0x08002a1c   0x00000040   Code   RO         1135    .text.HAL_SDRAM_Init  stm32f4xx_hal_sdram.o
    0x08002a5c   0x08002a5c   0x00000002   Code   RO         1137    .text.HAL_SDRAM_MspInit  stm32f4xx_hal_sdram.o
    0x08002a5e   0x08002a5e   0x00000030   Code   RO         1179    .text.HAL_SDRAM_ProgramRefreshRate  stm32f4xx_hal_sdram.o
    0x08002a8e   0x08002a8e   0x0000003c   Code   RO         1177    .text.HAL_SDRAM_SendCommand  stm32f4xx_hal_sdram.o
    0x08002aca   0x08002aca   0x0000002e   Code   RO         1199    .text.HAL_SPI_DeInit  stm32f4xx_hal_spi.o
    0x08002af8   0x08002af8   0x00000006   Code   RO         1295    .text.HAL_SPI_GetState  stm32f4xx_hal_spi.o
    0x08002afe   0x08002afe   0x000000c2   Code   RO         1195    .text.HAL_SPI_Init  stm32f4xx_hal_spi.o
    0x08002bc0   0x08002bc0   0x00000002   Code   RO         1201    .text.HAL_SPI_MspDeInit  stm32f4xx_hal_spi.o
    0x08002bc2   0x08002bc2   0x00000002   Code   RO         1197    .text.HAL_SPI_MspInit  stm32f4xx_hal_spi.o
    0x08002bc4   0x08002bc4   0x000001e0   Code   RO         1207    .text.HAL_SPI_Receive  stm32f4xx_hal_spi.o
    0x08002da4   0x08002da4   0x0000019e   Code   RO         1203    .text.HAL_SPI_Transmit  stm32f4xx_hal_spi.o
    0x08002f42   0x08002f42   0x00000002   PAD
    0x08002f44   0x08002f44   0x0000027a   Code   RO         1209    .text.HAL_SPI_TransmitReceive  stm32f4xx_hal_spi.o
    0x080031be   0x080031be   0x0000002c   Code   RO          565    .text.HAL_SYSTICK_Config  stm32f4xx_hal_cortex.o
    0x080031ea   0x080031ea   0x00000002   Code   RO         1632    .text.HAL_TIMEx_BreakCallback  stm32f4xx_hal_tim_ex.o
    0x080031ec   0x080031ec   0x00000002   Code   RO         1628    .text.HAL_TIMEx_CommutCallback  stm32f4xx_hal_tim_ex.o
    0x080031ee   0x080031ee   0x00000058   Code   RO         1321    .text.HAL_TIM_Base_Init  stm32f4xx_hal_tim.o
    0x08003246   0x08003246   0x00000038   Code   RO           47    .text.HAL_TIM_Base_MspInit  stm32f4xx_hal_msp.o
    0x0800327e   0x0800327e   0x000000a0   Code   RO         1335    .text.HAL_TIM_Base_Start_IT  stm32f4xx_hal_tim.o
    0x0800331e   0x0800331e   0x00000002   Code   RO         1457    .text.HAL_TIM_IC_CaptureCallback  stm32f4xx_hal_tim.o
    0x08003320   0x08003320   0x0000016a   Code   RO         1455    .text.HAL_TIM_IRQHandler  stm32f4xx_hal_tim.o
    0x0800348a   0x0800348a   0x00000002   PAD
    0x0800348c   0x0800348c   0x0000004e   Code   RO         1467    .text.HAL_TIM_OC_ConfigChannel  stm32f4xx_hal_tim.o
    0x080034da   0x080034da   0x00000008   Code   RO           24    .text.HAL_TIM_OC_DelayElapsedCallback  main.o
    0x080034e2   0x080034e2   0x00000058   Code   RO         1349    .text.HAL_TIM_OC_Init  stm32f4xx_hal_tim.o
    0x0800353a   0x0800353a   0x00000038   Code   RO           49    .text.HAL_TIM_OC_MspInit  stm32f4xx_hal_msp.o
    0x08003572   0x08003572   0x00000124   Code   RO         1363    .text.HAL_TIM_OC_Start_IT  stm32f4xx_hal_tim.o
    0x08003696   0x08003696   0x00000002   Code   RO         1461    .text.HAL_TIM_PWM_PulseFinishedCallback  stm32f4xx_hal_tim.o
    0x08003698   0x08003698   0x00000002   Code   RO         1463    .text.HAL_TIM_PeriodElapsedCallback  stm32f4xx_hal_tim.o
    0x0800369a   0x0800369a   0x00000002   Code   RO         1465    .text.HAL_TIM_TriggerCallback  stm32f4xx_hal_tim.o
    0x0800369c   0x0800369c   0x00000002   Code   RO           61    .text.HardFault_Handler  stm32f4xx_it.o
    0x0800369e   0x0800369e   0x00000004   Code   RO          227    .text.LCD_Delay     stm32f429i_discovery.o
    0x080036a2   0x080036a2   0x00000002   PAD
    0x080036a4   0x080036a4   0x00000068   Code   RO           10    .text.LCD_DisplayString  main.o
    0x0800370c   0x0800370c   0x000000d0   Code   RO          215    .text.LCD_IO_Init   stm32f429i_discovery.o
    0x080037dc   0x080037dc   0x0000007a   Code   RO          225    .text.LCD_IO_ReadData  stm32f429i_discovery.o
    0x08003856   0x08003856   0x00000038   Code   RO          219    .text.LCD_IO_WriteData  stm32f429i_discovery.o
    0x0800388e   0x0800388e   0x00000038   Code   RO          223    .text.LCD_IO_WriteReg  stm32f429i_discovery.o
    0x080038c6   0x080038c6   0x00000120   Code   RO          936    .text.LTDC_SetConfig  stm32f4xx_hal_ltdc.o
    0x080039e6   0x080039e6   0x00000002   PAD
    0x080039e8   0x080039e8   0x00000002   Code   RO           63    .text.MemManage_Handler  stm32f4xx_it.o
    0x080039ea   0x080039ea   0x00000002   Code   RO           59    .text.NMI_Handler   stm32f4xx_it.o
    0x080039ec   0x080039ec   0x00000002   Code   RO           73    .text.PendSV_Handler  stm32f4xx_it.o
    0x080039ee   0x080039ee   0x00000056   Code   RO         1213    .text.SPI_EndRxTransaction  stm32f4xx_hal_spi.o
    0x08003a44   0x08003a44   0x00000066   Code   RO         1205    .text.SPI_EndRxTxTransaction  stm32f4xx_hal_spi.o
    0x08003aaa   0x08003aaa   0x00000002   PAD
    0x08003aac   0x08003aac   0x000000da   Code   RO         1211    .text.SPI_WaitFlagStateUntilTimeout  stm32f4xx_hal_spi.o
    0x08003b86   0x08003b86   0x0000009c   Code   RO          217    .text.SPIx_Init     stm32f429i_discovery.o
    0x08003c22   0x08003c22   0x0000003a   Code   RO          221    .text.SPIx_Write    stm32f429i_discovery.o
    0x08003c5c   0x08003c5c   0x00000002   Code   RO           69    .text.SVC_Handler   stm32f4xx_it.o
    0x08003c5e   0x08003c5e   0x00000004   Code   RO           75    .text.SysTick_Handler  stm32f4xx_it.o
    0x08003c62   0x08003c62   0x00000012   Code   RO         1841    .text.SystemInit    system_stm32f4xx.o
    0x08003c74   0x08003c74   0x00000074   Code   RO            4    .text.TIM3_Config   main.o
    0x08003ce8   0x08003ce8   0x0000000c   Code   RO           87    .text.TIM3_IRQHandler  stm32f4xx_it.o
    0x08003cf4   0x08003cf4   0x0000000c   Code   RO           89    .text.TIM4_IRQHandler  stm32f4xx_it.o
    0x08003d00   0x08003d00   0x00000040   Code   RO            8    .text.TIM4_OC_Config  main.o
    0x08003d40   0x08003d40   0x0000011c   Code   RO         1325    .text.TIM_Base_SetConfig  stm32f4xx_hal_tim.o
    0x08003e5c   0x08003e5c   0x00000064   Code   RO         1469    .text.TIM_OC1_SetConfig  stm32f4xx_hal_tim.o
    0x08003ec0   0x08003ec0   0x00000068   Code   RO         1471    .text.TIM_OC2_SetConfig  stm32f4xx_hal_tim.o
    0x08003f28   0x08003f28   0x00000066   Code   RO         1473    .text.TIM_OC3_SetConfig  stm32f4xx_hal_tim.o
    0x08003f8e   0x08003f8e   0x0000004e   Code   RO         1475    .text.TIM_OC4_SetConfig  stm32f4xx_hal_tim.o
    0x08003fdc   0x08003fdc   0x00000002   Code   RO           67    .text.UsageFault_Handler  stm32f4xx_it.o
    0x08003fde   0x08003fde   0x00000006   Code   RO          104    .text.ili9341_DisplayOff  ili9341.o
    0x08003fe4   0x08003fe4   0x00000006   Code   RO          102    .text.ili9341_DisplayOn  ili9341.o
    0x08003fea   0x08003fea   0x00000006   Code   RO          108    .text.ili9341_GetLcdPixelHeight  ili9341.o
    0x08003ff0   0x08003ff0   0x00000004   Code   RO          106    .text.ili9341_GetLcdPixelWidth  ili9341.o
    0x08003ff4   0x08003ff4   0x00000292   Code   RO           98    .text.ili9341_Init  ili9341.o
    0x08004286   0x08004286   0x00000012   Code   RO          100    .text.ili9341_ReadID  ili9341.o
    0x08004298   0x08004298   0x000001d4   Code   RO            2    .text.main          main.o
    0x0800446c   0x0800446c   0x0000003e   Code   RO         1952    CL$$btod_d2e        c_w.l(btod.o)
    0x080044aa   0x080044aa   0x00000046   Code   RO         1954    CL$$btod_d2e_denorm_low  c_w.l(btod.o)
    0x080044f0   0x080044f0   0x00000060   Code   RO         1953    CL$$btod_d2e_norm_op1  c_w.l(btod.o)
    0x08004550   0x08004550   0x00000338   Code   RO         1962    CL$$btod_div_common  c_w.l(btod.o)
    0x08004888   0x08004888   0x000000dc   Code   RO         1959    CL$$btod_e2e        c_w.l(btod.o)
    0x08004964   0x08004964   0x0000002a   Code   RO         1956    CL$$btod_ediv       c_w.l(btod.o)
    0x0800498e   0x0800498e   0x0000002a   Code   RO         1955    CL$$btod_emul       c_w.l(btod.o)
    0x080049b8   0x080049b8   0x00000244   Code   RO         1961    CL$$btod_mult_common  c_w.l(btod.o)
    0x08004bfc   0x08004bfc   0x00000030   Code   RO         1981    i.__ARM_fpclassify  m_wm.l(fpclassify.o)
    0x08004c2c   0x08004c2c   0x0000000e   Code   RO         1877    i._is_digit         c_w.l(__printf_wp.o)
    0x08004c3a   0x08004c3a   0x00000002   PAD
    0x08004c3c   0x08004c3c   0x0000002c   Code   RO         1977    locale$$code        c_w.l(lc_numeric_c.o)
    0x08004c68   0x08004c68   0x0000001a   Code   RO         2063    x$fpl$fpinit        fz_wm.l(fpinit.o)
    0x08004c82   0x08004c82   0x00000004   Code   RO         1898    x$fpl$printf1       fz_wm.l(printf1.o)
    0x08004c86   0x08004c86   0x00000000   Code   RO         1920    x$fpl$usenofp       fz_wm.l(usenofp.o)
    0x08004c86   0x08004c86   0x00000002   PAD
    0x08004c88   0x08004c88   0x00000094   Data   RO         1950    .constdata          c_w.l(bigflt0.o)
    0x08004d1c   0x08004d1c   0x00000010   Data   RO         1846    .rodata.AHBPrescTable  system_stm32f4xx.o
    0x08004d2c   0x08004d2c   0x00000ed8   Data   RO          391    .rodata.Font20_Table  stm32f429i_discovery_lcd.o
    0x08005c04   0x08005c04   0x00001ab8   Data   RO          389    .rodata.Font24_Table  stm32f429i_discovery_lcd.o
    0x080076bc   0x080076bc   0x00000004   Data   RO          254    .rodata.GPIO_PIN    stm32f429i_discovery.o
    0x080076c0   0x080076c0   0x00000020   Data   RO         1547    .rodata.cst16       stm32f4xx_hal_tim.o
    0x080076e0   0x080076e0   0x00000020   Data   RO          998    .rodata.cst32       stm32f4xx_hal_ltdc.o
    0x08007700   0x08007700   0x00000008   Data   RO          623    .rodata.cst8        stm32f4xx_hal_dma.o
    0x08007708   0x08007708   0x00000003   Data   RO           33    .rodata.str1.1      main.o
    0x0800770b   0x0800770b   0x00000001   PAD
    0x0800770c   0x0800770c   0x00000020   Data   RO         2139    Region$$Table       anon$$obj.o
    0x0800772c   0x0800772c   0x0000001c   Data   RO         1976    locale$$data        c_w.l(lc_numeric_c.o)


    Execution Region RW_IRAM1 (Exec base: 0x20000000, Load base: 0x08007748, Size: 0x000009d8, Max: 0x00030000, ABSOLUTE)

    Exec Addr    Load Addr    Size         Type   Attr      Idx    E Section Name        Object

    0x20000000   0x08007748   0x00000008   Data   RW          392    .data.Font20        stm32f429i_discovery_lcd.o
    0x20000008   0x08007750   0x00000008   Data   RW          390    .data.Font24        stm32f429i_discovery_lcd.o
    0x20000010   0x08007758   0x00000008   Data   RW          253    .data.GPIO_PORT     stm32f429i_discovery.o
    0x20000018   0x08007760   0x00000004   Data   RW          259    .data.SpixTimeout   stm32f429i_discovery.o
    0x2000001c   0x08007764   0x00000004   Data   RW         1845    .data.SystemCoreClock  system_stm32f4xx.o
    0x20000020   0x08007768   0x00000038   Data   RW          116    .data.ili9341_drv   ili9341.o
    0x20000058   0x080077a0   0x00000001   Data   RW          543    .data.uwTickFreq    stm32f4xx_hal.o
    0x20000059   0x080077a1   0x00000003   PAD
    0x2000005c   0x080077a4   0x00000004   Data   RW          542    .data.uwTickPrio    stm32f4xx_hal.o
    0x20000060        -       0x00000060   Zero   RW         1984    .bss                c_w.l(libspace.o)
    0x200000c0        -       0x00000004   Zero   RW          403    .bss.ActiveLayer    stm32f429i_discovery_lcd.o
    0x200000c4        -       0x00000001   Zero   RW          433    .bss.BSP_SDRAM_Init.sdramstatus  stm32f429i_discovery_sdram.o
    0x200000c5   0x080077a8   0x00000003   PAD
    0x200000c8        -       0x00000060   Zero   RW          437    .bss.BSP_SDRAM_MspInit.dmaHandle  stm32f429i_discovery_sdram.o
    0x20000128        -       0x00000010   Zero   RW          436    .bss.Command        stm32f429i_discovery_sdram.o
    0x20000138        -       0x00000040   Zero   RW          404    .bss.Dma2dHandler   stm32f429i_discovery_lcd.o
    0x20000178        -       0x00000018   Zero   RW          402    .bss.DrawProp       stm32f429i_discovery_lcd.o
    0x20000190        -       0x00000001   Zero   RW          260    .bss.Is_LCD_IO_Initialized  stm32f429i_discovery.o
    0x20000191   0x080077a8   0x00000003   PAD
    0x20000194        -       0x00000004   Zero   RW          401    .bss.LcdDrv         stm32f429i_discovery_lcd.o
    0x20000198        -       0x000000a8   Zero   RW          399    .bss.LtdcHandler    stm32f429i_discovery_lcd.o
    0x20000240        -       0x00000030   Zero   RW          400    .bss.PeriphClkInitStruct  stm32f429i_discovery_lcd.o
    0x20000270        -       0x00000034   Zero   RW          434    .bss.SdramHandle    stm32f429i_discovery_sdram.o
    0x200002a4        -       0x00000058   Zero   RW          262    .bss.SpiHandle      stm32f429i_discovery.o
    0x200002fc        -       0x00000048   Zero   RW           30    .bss.Tim3_Handle    main.o
    0x20000344        -       0x00000002   Zero   RW           34    .bss.Tim3_PrescalerValue  main.o
    0x20000346        -       0x00000002   Zero   RW           32    .bss.Tim4_CCR       main.o
    0x20000348        -       0x00000048   Zero   RW           36    .bss.Tim4_Handle    main.o
    0x20000390        -       0x0000001c   Zero   RW           37    .bss.Tim4_OCInitStructure  main.o
    0x200003ac        -       0x00000002   Zero   RW           35    .bss.Tim4_PrescalerValue  main.o
    0x200003ae   0x080077a8   0x00000002   PAD
    0x200003b0        -       0x0000001c   Zero   RW          435    .bss.Timing         stm32f429i_discovery_sdram.o
    0x200003cc        -       0x00000004   Zero   RW           26    .bss.orientation    main.o
    0x200003d0        -       0x00000004   Zero   RW           31    .bss.prescaler      main.o
    0x200003d4        -       0x00000004   Zero   RW          544    .bss.uwTick         stm32f4xx_hal.o
    0x200003d8        -       0x00000200   Zero   RW         1832    HEAP                startup_stm32f429xx.o
    0x200005d8        -       0x00000400   Zero   RW         1831    STACK               startup_stm32f429xx.o


==============================================================================

Image component sizes


      Code (inc. data)   RO Data    RW Data    ZI Data      Debug   Object Name

       698          0          0         56          0       5692   ili9341.o
      1070          4          3          0        186      12198   main.o
        64         26        428          0       1536        896   startup_stm32f429xx.o
       692          0          4         12         89      16687   stm32f429i_discovery.o
      1296          0      10640         16        312      33238   stm32f429i_discovery_lcd.o
       682          0          0          0        193      10160   stm32f429i_discovery_sdram.o
       206          0          0          5          4       7986   stm32f4xx_hal.o
       198          0          0          0          0      10844   stm32f4xx_hal_cortex.o
       462          4          8          0          0      10139   stm32f4xx_hal_dma.o
       706          4          0          0          0      13655   stm32f4xx_hal_dma2d.o
       462          0          0          0          0       5322   stm32f4xx_hal_gpio.o
       684          0         32          0          0      15370   stm32f4xx_hal_ltdc.o
       112          0          0          0          0       6968   stm32f4xx_hal_msp.o
       120          0          0          0          0       4851   stm32f4xx_hal_pwr_ex.o
      1296          0          0          0          0       7623   stm32f4xx_hal_rcc.o
       570          0          0          0          0       5858   stm32f4xx_hal_rcc_ex.o
       174          0          0          0          0      12011   stm32f4xx_hal_sdram.o
      2184          0          0          0          0      23398   stm32f4xx_hal_spi.o
      1744          4         32          0          0      50135   stm32f4xx_hal_tim.o
         4          0          0          0          0      21234   stm32f4xx_hal_tim_ex.o
       196          0          0          0          0       5729   stm32f4xx_it.o
       444          0          0          0          0      11054   stm32f4xx_ll_fmc.o
        18          0         16          4          0       2823   system_stm32f4xx.o

    ----------------------------------------------------------------------
     14106         42      11196         96       2328     293871   Object Totals
         0          0         32          0          0          0   (incl. Generated)
        24          0          1          3          8          0   (incl. Padding)

    ----------------------------------------------------------------------

      Code (inc. data)   RO Data    RW Data    ZI Data      Debug   Library Member Name

         8          0          0          0          0         68   __main.o
       284          0          0          0          0        156   __printf_wp.o
         0          0          0          0          0          0   __rtentry.o
        12          0          0          0          0          0   __rtentry2.o
         6          0          0          0          0          0   __rtentry4.o
        52          8          0          0          0          0   __scatter.o
        26          0          0          0          0          0   __scatter_copy.o
        28          0          0          0          0          0   __scatter_zi.o
        48          6          0          0          0         96   _printf_char_common.o
         6          0          0          0          0          0   _printf_d.o
       120         16          0          0          0         92   _printf_dec.o
         6          0          0          0          0          0   _printf_f.o
      1052          0          0          0          0        148   _printf_fp_dec.o
       128         16          0          0          0         84   _printf_fp_infnan.o
       178          0          0          0          0         88   _printf_intcommon.o
         0          0          0          0          0          0   _printf_percent.o
         4          0          0          0          0          0   _printf_percent_end.o
        10          0          0          0          0         68   _sputc.o
       228          4        148          0          0         96   bigflt0.o
      1936        128          0          0          0        668   btod.o
        18          0          0          0          0         80   exit.o
         6          0          0          0          0        152   heapauxi.o
         0          0          0          0          0          0   indicate_semi.o
        44         10         28          0          0         76   lc_numeric_c.o
         2          0          0          0          0          0   libinit.o
        22          0          0          0          0          0   libinit2.o
         2          0          0          0          0          0   libshutdown.o
         2          0          0          0          0          0   libshutdown2.o
         8          4          0          0         96         68   libspace.o
       138          0          0          0          0         80   lludiv10.o
       240          0          0          0          0        100   lludivv7m.o
        40          6          0          0          0         84   noretval__2sprintf.o
         8          4          0          0          0         68   rt_locale_intlibspace.o
        78          0          0          0          0         80   rt_memclr_w.o
         2          0          0          0          0          0   rtexit.o
        10          0          0          0          0          0   rtexit2.o
       124          0          0          0          0         88   strcmpv7em.o
        12          4          0          0          0         68   sys_exit.o
        74          0          0          0          0         80   sys_stackheap_outer.o
         2          0          0          0          0         68   use_no_semi.o
        26          0          0          0          0        116   fpinit.o
         4          0          0          0          0        116   printf1.o
         0          0          0          0          0          0   usenofp.o
        48          0          0          0          0        124   fpclassify.o

    ----------------------------------------------------------------------
      5058        206        176          0         96       3012   Library Totals
        16          0          0          0          0          0   (incl. Padding)

    ----------------------------------------------------------------------

      Code (inc. data)   RO Data    RW Data    ZI Data      Debug   Library Name

      4964        206        176          0         96       2656   c_w.l
        30          0          0          0          0        232   fz_wm.l
        48          0          0          0          0        124   m_wm.l

    ----------------------------------------------------------------------
      5058        206        176          0         96       3012   Library Totals

    ----------------------------------------------------------------------

==============================================================================


      Code (inc. data)   RO Data    RW Data    ZI Data      Debug   

     19164        248      11372         96       2424     294959   Grand Totals
     19164        248      11372         96       2424     294959   ELF Image Totals
     19164        248      11372         96          0          0   ROM Totals

==============================================================================

    Total RO  Size (Code + RO Data)                30536 (  29.82kB)
    Total RW  Size (RW Data + ZI Data)              2520 (   2.46kB)
    Total ROM Size (Code + RO Data + RW Data)      30632 (  29.91kB)

==============================================================================

