Component: Arm Compiler for Embedded 6.19 Tool: armlink [5e73cb00]

==============================================================================

Section Cross References

    startup_stm32f429xx.o(STACK) refers (Special) to heapauxi.o(.text) for __use_two_region_memory
    startup_stm32f429xx.o(HEAP) refers (Special) to heapauxi.o(.text) for __use_two_region_memory
    startup_stm32f429xx.o(RESET) refers (Special) to heapauxi.o(.text) for __use_two_region_memory
    startup_stm32f429xx.o(RESET) refers to startup_stm32f429xx.o(STACK) for __initial_sp
    startup_stm32f429xx.o(RESET) refers to startup_stm32f429xx.o(.text) for Reset_Handler
    startup_stm32f429xx.o(RESET) refers to stm32f4xx_it.o(.text.NMI_Handler) for NMI_Handler
    startup_stm32f429xx.o(RESET) refers to stm32f4xx_it.o(.text.HardFault_Handler) for HardFault_Handler
    startup_stm32f429xx.o(RESET) refers to stm32f4xx_it.o(.text.MemManage_Handler) for MemManage_Handler
    startup_stm32f429xx.o(RESET) refers to stm32f4xx_it.o(.text.BusFault_Handler) for BusFault_Handler
    startup_stm32f429xx.o(RESET) refers to stm32f4xx_it.o(.text.UsageFault_Handler) for UsageFault_Handler
    startup_stm32f429xx.o(RESET) refers to port.o(.text.SVC_Handler) for SVC_Handler
    startup_stm32f429xx.o(RESET) refers to stm32f4xx_it.o(.text.DebugMon_Handler) for DebugMon_Handler
    startup_stm32f429xx.o(RESET) refers to port.o(.text.PendSV_Handler) for PendSV_Handler
    startup_stm32f429xx.o(RESET) refers to port.o(.text.SysTick_Handler) for SysTick_Handler
    startup_stm32f429xx.o(RESET) refers to stm32f4xx_it.o(.text.TIM6_DAC_IRQHandler) for TIM6_DAC_IRQHandler
    startup_stm32f429xx.o(RESET) refers to stm32f4xx_it.o(.text.OTG_HS_IRQHandler) for OTG_HS_IRQHandler
    startup_stm32f429xx.o(RESET) refers to stm32f4xx_it.o(.text.LTDC_IRQHandler) for LTDC_IRQHandler
    startup_stm32f429xx.o(RESET) refers to stm32f4xx_it.o(.text.DMA2D_IRQHandler) for DMA2D_IRQHandler
    startup_stm32f429xx.o(.text) refers (Special) to heapauxi.o(.text) for __use_two_region_memory
    startup_stm32f429xx.o(.text) refers to system_stm32f4xx.o(.text.SystemInit) for SystemInit
    startup_stm32f429xx.o(.text) refers to __main.o(!!!main) for __main
    startup_stm32f429xx.o(.text) refers to startup_stm32f429xx.o(HEAP) for Heap_Mem
    startup_stm32f429xx.o(.text) refers to startup_stm32f429xx.o(STACK) for Stack_Mem
    main.o(.text.main) refers to stm32f4xx_hal.o(.text.HAL_Init) for HAL_Init
    main.o(.text.main) refers to main.o(.text.SystemClock_Config) for SystemClock_Config
    main.o(.text.main) refers to stm32f4xx_hal_gpio.o(.text.HAL_GPIO_WritePin) for HAL_GPIO_WritePin
    main.o(.text.main) refers to stm32f4xx_hal_gpio.o(.text.HAL_GPIO_Init) for HAL_GPIO_Init
    main.o(.text.main) refers to main.o(.bss..L_MergedGlobals) for .L_MergedGlobals
    main.o(.text.main) refers to stm32f4xx_hal_crc.o(.text.HAL_CRC_Init) for HAL_CRC_Init
    main.o(.text.main) refers to main.o(.bss.hdma2d) for hdma2d
    main.o(.text.main) refers to stm32f4xx_hal_dma2d.o(.text.HAL_DMA2D_Init) for HAL_DMA2D_Init
    main.o(.text.main) refers to stm32f4xx_hal_dma2d.o(.text.HAL_DMA2D_ConfigLayer) for HAL_DMA2D_ConfigLayer
    main.o(.text.main) refers to stm32f4xx_hal_sdram.o(.text.HAL_SDRAM_Init) for HAL_SDRAM_Init
    main.o(.text.main) refers to main.o(.bss.hi2c3) for hi2c3
    main.o(.text.main) refers to stm32f4xx_hal_i2c.o(.text.HAL_I2C_Init) for HAL_I2C_Init
    main.o(.text.main) refers to stm32f4xx_hal_i2c_ex.o(.text.HAL_I2CEx_ConfigAnalogFilter) for HAL_I2CEx_ConfigAnalogFilter
    main.o(.text.main) refers to stm32f4xx_hal_i2c_ex.o(.text.HAL_I2CEx_ConfigDigitalFilter) for HAL_I2CEx_ConfigDigitalFilter
    main.o(.text.main) refers to main.o(.bss.hltdc) for hltdc
    main.o(.text.main) refers to stm32f4xx_hal_ltdc.o(.text.HAL_LTDC_Init) for HAL_LTDC_Init
    main.o(.text.main) refers to stm32f4xx_hal_ltdc.o(.text.HAL_LTDC_ConfigLayer) for HAL_LTDC_ConfigLayer
    main.o(.text.main) refers to main.o(.bss.hspi5) for hspi5
    main.o(.text.main) refers to stm32f4xx_hal_spi.o(.text.HAL_SPI_Init) for HAL_SPI_Init
    main.o(.text.main) refers to main.o(.bss.htim1) for htim1
    main.o(.text.main) refers to stm32f4xx_hal_tim.o(.text.HAL_TIM_Base_Init) for HAL_TIM_Base_Init
    main.o(.text.main) refers to stm32f4xx_hal_tim.o(.text.HAL_TIM_ConfigClockSource) for HAL_TIM_ConfigClockSource
    main.o(.text.main) refers to stm32f4xx_hal_tim_ex.o(.text.HAL_TIMEx_MasterConfigSynchronization) for HAL_TIMEx_MasterConfigSynchronization
    main.o(.text.main) refers to main.o(.bss.huart1) for huart1
    main.o(.text.main) refers to stm32f4xx_hal_uart.o(.text.HAL_UART_Init) for HAL_UART_Init
    main.o(.text.main) refers to cmsis_os.o(.text.osThreadCreate) for osThreadCreate
    main.o(.text.main) refers to cmsis_os.o(.text.osKernelStart) for osKernelStart
    main.o(.text.main) refers to main.o(.rodata.str1.1) for [Anonymous Symbol]
[...]
    __rt_exit_exit                           0x0800024d   Thumb Code     0  rtexit2.o(.ARM.Collect$$rtexit$$00000004)
    Reset_Handler                            0x08000255   Thumb Code     8  startup_stm32f429xx.o(.text)
    ADC_IRQHandler                           0x0800026f   Thumb Code     0  startup_stm32f429xx.o(.text)
    CAN1_RX0_IRQHandler                      0x0800026f   Thumb Code     0  startup_stm32f429xx.o(.text)
    CAN1_RX1_IRQHandler                      0x0800026f   Thumb Code     0  startup_stm32f429xx.o(.text)
    CAN1_SCE_IRQHandler                      0x0800026f   Thumb Code     0  startup_stm32f429xx.o(.text)
    CAN1_TX_IRQHandler                       0x0800026f   Thumb Code     0  startup_stm32f429xx.o(.text)
    CAN2_RX0_IRQHandler                      0x0800026f   Thumb Code     0  startup_stm32f429xx.o(.text)
    CAN2_RX1_IRQHandler                      0x0800026f   Thumb Code     0  startup_stm32f429xx.o(.text)
    CAN2_SCE_IRQHandler                      0x0800026f   Thumb Code     0  startup_stm32f429xx.o(.text)
    CAN2_TX_IRQHandler                       0x0800026f   Thumb Code     0  startup_stm32f429xx.o(.text)
    DCMI_IRQHandler                          0x0800026f   Thumb Code     0  startup_stm32f429xx.o(.text)
    DMA1_Stream0_IRQHandler                  0x0800026f   Thumb Code     0  startup_stm32f429xx.o(.text)
    DMA1_Stream1_IRQHandler                  0x0800026f   Thumb Code     0  startup_stm32f429xx.o(.text)
    DMA1_Stream2_IRQHandler                  0x0800026f   Thumb Code     0  startup_stm32f429xx.o(.text)
    DMA1_Stream3_IRQHandler                  0x0800026f   Thumb Code     0  startup_stm32f429xx.o(.text)
    DMA1_Stream4_IRQHandler                  0x0800026f   Thumb Code     0  startup_stm32f429xx.o(.text)
    DMA1_Stream5_IRQHandler                  0x0800026f   Thumb Code     0  startup_stm32f429xx.o(.text)
    DMA1_Stream6_IRQHandler                  0x0800026f   Thumb Code     0  startup_stm32f429xx.o(.text)
    DMA1_Stream7_IRQHandler                  0x0800026f   Thumb Code     0  startup_stm32f429xx.o(.text)
    DMA2_Stream0_IRQHandler                  0x0800026f   Thumb Code     0  startup_stm32f429xx.o(.text)
    DMA2_Stream1_IRQHandler                  0x0800026f   Thumb Code     0  startup_stm32f429xx.o(.text)
    DMA2_Stream2_IRQHandler                  0x0800026f   Thumb Code     0  startup_stm32f429xx.o(.text)
    DMA2_Stream3_IRQHandler                  0x0800026f   Thumb Code     0  startup_stm32f429xx.o(.text)
    DMA2_Stream4_IRQHandler                  0x0800026f   Thumb Code     0  startup_stm32f429xx.o(.text)
    DMA2_Stream5_IRQHandler                  0x0800026f   Thumb Code     0  startup_stm32f429xx.o(.text)
    DMA2_Stream6_IRQHandler                  0x0800026f   Thumb Code     0  startup_stm32f429xx.o(.text)
    DMA2_Stream7_IRQHandler                  0x0800026f   Thumb Code     0  startup_stm32f429xx.o(.text)
    ETH_IRQHandler                           0x0800026f   Thumb Code     0  startup_stm32f429xx.o(.text)
    ETH_WKUP_IRQHandler                      0x0800026f   Thumb Code     0  startup_stm32f429xx.o(.text)
    EXTI0_IRQHandler                         0x0800026f   Thumb Code     0  startup_stm32f429xx.o(.text)
    EXTI15_10_IRQHandler                     0x0800026f   Thumb Code     0  startup_stm32f429xx.o(.text)
    EXTI1_IRQHandler                         0x0800026f   Thumb Code     0  startup_stm32f429xx.o(.text)
    EXTI2_IRQHandler                         0x0800026f   Thumb Code     0  startup_stm32f429xx.o(.text)
    EXTI3_IRQHandler                         0x0800026f   Thumb Code     0  startup_stm32f429xx.o(.text)
    EXTI4_IRQHandler                         0x0800026f   Thumb Code     0  startup_stm32f429xx.o(.text)
    EXTI9_5_IRQHandler                       0x0800026f   Thumb Code     0  startup_stm32f429xx.o(.text)
    FLASH_IRQHandler                         0x0800026f   Thumb Code     0  startup_stm32f429xx.o(.text)
    FMC_IRQHandler                           0x0800026f   Thumb Code     0  startup_stm32f429xx.o(.text)
    FPU_IRQHandler                           0x0800026f   Thumb Code     0  startup_stm32f429xx.o(.text)
    HASH_RNG_IRQHandler                      0x0800026f   Thumb Code     0  startup_stm32f429xx.o(.text)
    I2C1_ER_IRQHandler                       0x0800026f   Thumb Code     0  startup_stm32f429xx.o(.text)
    I2C1_EV_IRQHandler                       0x0800026f   Thumb Code     0  startup_stm32f429xx.o(.text)
    I2C2_ER_IRQHandler                       0x0800026f   Thumb Code     0  startup_stm32f429xx.o(.text)
    I2C2_EV_IRQHandler                       0x0800026f   Thumb Code     0  startup_stm32f429xx.o(.text)
    I2C3_ER_IRQHandler                       0x0800026f   Thumb Code     0  startup_stm32f429xx.o(.text)
    I2C3_EV_IRQHandler                       0x0800026f   Thumb Code     0  startup_stm32f429xx.o(.text)
    LTDC_ER_IRQHandler                       0x0800026f   Thumb Code     0  startup_stm32f429xx.o(.text)
    OTG_FS_IRQHandler                        0x0800026f   Thumb Code     0  startup_stm32f429xx.o(.text)
    OTG_FS_WKUP_IRQHandler                   0x0800026f   Thumb Code     0  startup_stm32f429xx.o(.text)
    OTG_HS_EP1_IN_IRQHandler                 0x0800026f   Thumb Code     0  startup_stm32f429xx.o(.text)
    OTG_HS_EP1_OUT_IRQHandler                0x0800026f   Thumb Code     0  startup_stm32f429xx.o(.text)
    OTG_HS_WKUP_IRQHandler                   0x0800026f   Thumb Code     0  startup_stm32f429xx.o(.text)
    PVD_IRQHandler                           0x0800026f   Thumb Code     0  startup_stm32f429xx.o(.text)
    RCC_IRQHandler                           0x0800026f   Thumb Code     0  startup_stm32f429xx.o(.text)
    RTC_Alarm_IRQHandler                     0x0800026f   Thumb Code     0  startup_stm32f429xx.o(.text)
    RTC_WKUP_IRQHandler                      0x0800026f   Thumb Code     0  startup_stm32f429xx.o(.text)
    SAI1_IRQHandler                          0x0800026f   Thumb Code     0  startup_stm32f429xx.o(.text)
    SDIO_IRQHandler                          0x0800026f   Thumb Code     0  startup_stm32f429xx.o(.text)
    SPI1_IRQHandler                          0x0800026f   Thumb Code     0  startup_stm32f429xx.o(.text)
    SPI2_IRQHandler                          0x0800026f   Thumb Code     0  startup_stm32f429xx.o(.text)
    SPI3_IRQHandler                          0x0800026f   Thumb Code     0  startup_stm32f429xx.o(.text)
    SPI4_IRQHandler                          0x0800026f   Thumb Code     0  startup_stm32f429xx.o(.text)
    SPI5_IRQHandler                          0x0800026f   Thumb Code     0  startup_stm32f429xx.o(.text)
    SPI6_IRQHandler                          0x0800026f   Thumb Code     0  startup_stm32f429xx.o(.text)
    TAMP_STAMP_IRQHandler                    0x0800026f   Thumb Code     0  startup_stm32f429xx.o(.text)
    TIM1_BRK_TIM9_IRQHandler                 0x0800026f   Thumb Code     0  startup_stm32f429xx.o(.text)
    TIM1_CC_IRQHandler                       0x0800026f   Thumb Code     0  startup_stm32f429xx.o(.text)
    TIM1_TRG_COM_TIM11_IRQHandler            0x0800026f   Thumb Code     0  startup_stm32f429xx.o(.text)
    TIM1_UP_TIM10_IRQHandler                 0x0800026f   Thumb Code     0  startup_stm32f429xx.o(.text)
    TIM2_IRQHandler                          0x0800026f   Thumb Code     0  startup_stm32f429xx.o(.text)
    TIM3_IRQHandler                          0x0800026f   Thumb Code     0  startup_stm32f429xx.o(.text)
    TIM4_IRQHandler                          0x0800026f   Thumb Code     0  startup_stm32f429xx.o(.text)
    TIM5_IRQHandler                          0x0800026f   Thumb Code     0  startup_stm32f429xx.o(.text)
    TIM7_IRQHandler                          0x0800026f   Thumb Code     0  startup_stm32f429xx.o(.text)
    TIM8_BRK_TIM12_IRQHandler                0x0800026f   Thumb Code     0  startup_stm32f429xx.o(.text)
    TIM8_CC_IRQHandler                       0x0800026f   Thumb Code     0  startup_stm32f429xx.o(.text)
    TIM8_TRG_COM_TIM14_IRQHandler            0x0800026f   Thumb Code     0  startup_stm32f429xx.o(.text)
    TIM8_UP_TIM13_IRQHandler                 0x0800026f   Thumb Code     0  startup_stm32f429xx.o(.text)
    UART4_IRQHandler                         0x0800026f   Thumb Code     0  startup_stm32f429xx.o(.text)
    UART5_IRQHandler                         0x0800026f   Thumb Code     0  startup_stm32f429xx.o(.text)
    UART7_IRQHandler                         0x0800026f   Thumb Code     0  startup_stm32f429xx.o(.text)
    UART8_IRQHandler                         0x0800026f   Thumb Code     0  startup_stm32f429xx.o(.text)
    USART1_IRQHandler                        0x0800026f   Thumb Code     0  startup_stm32f429xx.o(.text)
    USART2_IRQHandler                        0x0800026f   Thumb Code     0  startup_stm32f429xx.o(.text)
    USART3_IRQHandler                        0x0800026f   Thumb Code     0  startup_stm32f429xx.o(.text)
    USART6_IRQHandler                        0x0800026f   Thumb Code     0  startup_stm32f429xx.o(.text)
    WWDG_IRQHandler                          0x0800026f   Thumb Code     0  startup_stm32f429xx.o(.text)
    __user_initial_stackheap                 0x08000271   Thumb Code     0  startup_stm32f429xx.o(.text)
    calloc                                   0x08000295   Thumb Code    40  calloc.o(.text)
    free                                     0x080002bd   Thumb Code    78  h1_free.o(.text)
    __aeabi_uldivmod                         0x0800030b   Thumb Code     0  lludivv7m.o(.text)
    _ll_udiv                                 0x0800030b   Thumb Code   240  lludivv7m.o(.text)
    __aeabi_memcpy                           0x080003fb   Thumb Code     0  rt_memcpy_v6.o(.text)
    __rt_memcpy                              0x080003fb   Thumb Code   138  rt_memcpy_v6.o(.text)
    _memcpy_lastbytes                        0x08000461   Thumb Code     0  rt_memcpy_v6.o(.text)
    __aeabi_memset4                          0x08000485   Thumb Code    16  aeabi_memset4.o(.text)
    __aeabi_memset8                          0x08000485   Thumb Code     0  aeabi_memset4.o(.text)
    __aeabi_memclr                           0x08000495   Thumb Code     0  rt_memclr.o(.text)
    __rt_memclr                              0x08000495   Thumb Code     0  rt_memclr.o(.text)
    _memset                                  0x08000499   Thumb Code    64  rt_memclr.o(.text)
    __aeabi_memclr4                          0x080004d9   Thumb Code     0  rt_memclr_w.o(.text)
    __aeabi_memclr8                          0x080004d9   Thumb Code     0  rt_memclr_w.o(.text)
    __rt_memclr_w                            0x080004d9   Thumb Code     0  rt_memclr_w.o(.text)
    _memset_w                                0x080004dd   Thumb Code    74  rt_memclr_w.o(.text)
    __use_two_region_memory                  0x08000527   Thumb Code     2  heapauxi.o(.text)
    __rt_heap_escrow                         0x08000529   Thumb Code     2  heapauxi.o(.text)
    __rt_heap_expand                         0x0800052b   Thumb Code     2  heapauxi.o(.text)
    __rt_heap_descriptor                     0x0800052d   Thumb Code     8  rt_heap_descriptor_intlibspace.o(.text)
    __use_no_heap                            0x08000535   Thumb Code     2  hguard.o(.text)
    __heap$guard                             0x08000537   Thumb Code     2  hguard.o(.text)
    _terminate_user_alloc                    0x08000539   Thumb Code     2  init_alloc.o(.text)
    _init_user_alloc                         0x0800053b   Thumb Code     2  init_alloc.o(.text)
    __Heap_Full                              0x0800053d   Thumb Code    34  init_alloc.o(.text)
    __Heap_Broken                            0x0800055f   Thumb Code     6  init_alloc.o(.text)
    _init_alloc                              0x08000565   Thumb Code    94  init_alloc.o(.text)
    malloc                                   0x080005c3   Thumb Code    94  h1_alloc.o(.text)
    __aeabi_memcpy4                          0x08000621   Thumb Code     0  rt_memcpy_w.o(.text)
    __aeabi_memcpy8                          0x08000621   Thumb Code     0  rt_memcpy_w.o(.text)
    __rt_memcpy_w                            0x08000621   Thumb Code   100  rt_memcpy_w.o(.text)
    _memcpy_lastbytes_aligned                0x08000669   Thumb Code     0  rt_memcpy_w.o(.text)
    __user_libspace                          0x08000685   Thumb Code     8  libspace.o(.text)
    __user_perproc_libspace                  0x08000685   Thumb Code     0  libspace.o(.text)
    __user_perthread_libspace                0x08000685   Thumb Code     0  libspace.o(.text)
    __Heap_Initialize                        0x0800068d   Thumb Code    10  h1_init.o(.text)
    _maybe_terminate_alloc                   0x0800068d   Thumb Code     0  maybetermalloc1.o(.text)
    __Heap_DescSize                          0x08000697   Thumb Code     4  h1_init.o(.text)
    __Heap_ProvideMemory                     0x0800069b   Thumb Code    52  h1_extend.o(.text)
    __rt_SIGRTMEM                            0x080006cf   Thumb Code    14  defsig_rtmem_outer.o(.text)
    __user_setup_stackheap                   0x080006dd   Thumb Code    74  sys_stackheap_outer.o(.text)
    exit                                     0x08000727   Thumb Code    18  exit.o(.text)
    __sig_exit                               0x08000739   Thumb Code    10  defsig_exit.o(.text)
    __rt_SIGRTMEM_inner                      0x08000745   Thumb Code    22  defsig_rtmem_inner.o(.text)
    _sys_exit                                0x08000795   Thumb Code     8  sys_exit.o(.text)
    __I$use$semihosting                      0x080007a1   Thumb Code     0  use_no_semi.o(.text)
    __use_no_semihosting_swi                 0x080007a1   Thumb Code     2  use_no_semi.o(.text)
    __default_signal_display                 0x080007a3   Thumb Code    50  defsig_general.o(.text)
    __semihosting_library_function           0x080007a3   Thumb Code     0  indicate_semi.o(.text)
    _ttywrch                                 0x080007d5   Thumb Code    14  sys_wrch.o(.text)
    BusFault_Handler                         0x080007e5   Thumb Code     2  stm32f4xx_it.o(.text.BusFault_Handler)
    DMA2D_IRQHandler                         0x080007e9   Thumb Code    12  stm32f4xx_it.o(.text.DMA2D_IRQHandler)
    DebugMon_Handler                         0x080007f5   Thumb Code     2  stm32f4xx_it.o(.text.DebugMon_Handler)
    Error_Handler                            0x080007f9   Thumb Code    10  main.o(.text.Error_Handler)
    FMC_SDRAM_Init                           0x08000805   Thumb Code   126  stm32f4xx_ll_fmc.o(.text.FMC_SDRAM_Init)
    FMC_SDRAM_Timing_Init                    0x08000885   Thumb Code   216  stm32f4xx_ll_fmc.o(.text.FMC_SDRAM_Timing_Init)
    HAL_CRC_Init                             0x0800095d   Thumb Code    42  stm32f4xx_hal_crc.o(.text.HAL_CRC_Init)
    HAL_CRC_MspInit                          0x08000989   Thumb Code    50  stm32f4xx_hal_msp.o(.text.HAL_CRC_MspInit)
    HAL_DMA2D_CLUTLoadingCpltCallback        0x080009bd   Thumb Code     2  stm32f4xx_hal_dma2d.o(.text.HAL_DMA2D_CLUTLoadingCpltCallback)
    HAL_DMA2D_ConfigLayer                    0x080009c1   Thumb Code   152  stm32f4xx_hal_dma2d.o(.text.HAL_DMA2D_ConfigLayer)
    HAL_DMA2D_IRQHandler                     0x08000a59   Thumb Code   322  stm32f4xx_hal_dma2d.o(.text.HAL_DMA2D_IRQHandler)
    HAL_DMA2D_Init                           0x08000b9d   Thumb Code    86  stm32f4xx_hal_dma2d.o(.text.HAL_DMA2D_Init)
    HAL_DMA2D_LineEventCallback              0x08000bf5   Thumb Code     2  stm32f4xx_hal_dma2d.o(.text.HAL_DMA2D_LineEventCallback)
    HAL_DMA2D_MspInit                        0x08000bf9   Thumb Code    74  stm32f4xx_hal_msp.o(.text.HAL_DMA2D_MspInit)
    HAL_Delay                                0x08000c45   Thumb Code    40  stm32f4xx_hal.o(.text.HAL_Delay)
    HAL_GPIO_Init                            0x08000c6d   Thumb Code   422  stm32f4xx_hal_gpio.o(.text.HAL_GPIO_Init)
    HAL_GPIO_WritePin                        0x08000e15   Thumb Code    10  stm32f4xx_hal_gpio.o(.text.HAL_GPIO_WritePin)
    HAL_GetTick                              0x08000e21   Thumb Code    12  stm32f4xx_hal.o(.text.HAL_GetTick)
    HAL_HCD_Connect_Callback                 0x08000e2d   Thumb Code     8  usbh_conf.o(.text.HAL_HCD_Connect_Callback)
    HAL_HCD_Disconnect_Callback              0x08000e35   Thumb Code     8  usbh_conf.o(.text.HAL_HCD_Disconnect_Callback)
    HAL_HCD_GetCurrentFrame                  0x08000e3d   Thumb Code     6  stm32f4xx_hal_hcd.o(.text.HAL_HCD_GetCurrentFrame)
    HAL_HCD_GetCurrentSpeed                  0x08000e45   Thumb Code     6  stm32f4xx_hal_hcd.o(.text.HAL_HCD_GetCurrentSpeed)
    HAL_HCD_HC_GetURBState                   0x08000e4d   Thumb Code    12  stm32f4xx_hal_hcd.o(.text.HAL_HCD_HC_GetURBState)
    HAL_HCD_HC_GetXferCount                  0x08000e59   Thumb Code    10  stm32f4xx_hal_hcd.o(.text.HAL_HCD_HC_GetXferCount)
    HAL_HCD_HC_Halt                          0x08000e65   Thumb Code    36  stm32f4xx_hal_hcd.o(.text.HAL_HCD_HC_Halt)
    HAL_HCD_HC_Init                          0x08000e89   Thumb Code   102  stm32f4xx_hal_hcd.o(.text.HAL_HCD_HC_Init)
    HAL_HCD_HC_NotifyURBChange_Callback      0x08000ef1   Thumb Code     8  usbh_conf.o(.text.HAL_HCD_HC_NotifyURBChange_Callback)
    HAL_HCD_HC_SubmitRequest                 0x08000ef9   Thumb Code   180  stm32f4xx_hal_hcd.o(.text.HAL_HCD_HC_SubmitRequest)
    HAL_HCD_IRQHandler                       0x08000fad   Thumb Code  1706  stm32f4xx_hal_hcd.o(.text.HAL_HCD_IRQHandler)
    HAL_HCD_Init                             0x08001659   Thumb Code   190  stm32f4xx_hal_hcd.o(.text.HAL_HCD_Init)
    HAL_HCD_MspInit                          0x08001719   Thumb Code   144  usbh_conf.o(.text.HAL_HCD_MspInit)
    HAL_HCD_PortDisabled_Callback            0x080017a9   Thumb Code     8  usbh_conf.o(.text.HAL_HCD_PortDisabled_Callback)
    HAL_HCD_PortEnabled_Callback             0x080017b1   Thumb Code     8  usbh_conf.o(.text.HAL_HCD_PortEnabled_Callback)
    HAL_HCD_ResetPort                        0x080017b9   Thumb Code     6  stm32f4xx_hal_hcd.o(.text.HAL_HCD_ResetPort)
    HAL_HCD_SOF_Callback                     0x080017c1   Thumb Code     8  usbh_conf.o(.text.HAL_HCD_SOF_Callback)
    HAL_HCD_Start                            0x080017c9   Thumb Code    44  stm32f4xx_hal_hcd.o(.text.HAL_HCD_Start)
    HAL_HCD_Stop                             0x080017f5   Thumb Code    36  stm32f4xx_hal_hcd.o(.text.HAL_HCD_Stop)
    HAL_I2CEx_ConfigAnalogFilter             0x08001819   Thumb Code    60  stm32f4xx_hal_i2c_ex.o(.text.HAL_I2CEx_ConfigAnalogFilter)
    HAL_I2CEx_ConfigDigitalFilter            0x08001855   Thumb Code    64  stm32f4xx_hal_i2c_ex.o(.text.HAL_I2CEx_ConfigDigitalFilter)
    HAL_I2C_Init                             0x08001895   Thumb Code   374  stm32f4xx_hal_i2c.o(.text.HAL_I2C_Init)
    HAL_I2C_MspInit                          0x08001a0d   Thumb Code   170  stm32f4xx_hal_msp.o(.text.HAL_I2C_MspInit)
    HAL_IncTick                              0x08001ab9   Thumb Code    26  stm32f4xx_hal.o(.text.HAL_IncTick)
    HAL_Init                                 0x08001ad5   Thumb Code    54  stm32f4xx_hal.o(.text.HAL_Init)
    HAL_InitTick                             0x08001b0d   Thumb Code   188  stm32f4xx_hal_timebase_tim.o(.text.HAL_InitTick)
    HAL_LTDC_ConfigLayer                     0x08001bc9   Thumb Code   118  stm32f4xx_hal_ltdc.o(.text.HAL_LTDC_ConfigLayer)
    HAL_LTDC_ErrorCallback                   0x08001c41   Thumb Code     2  stm32f4xx_hal_ltdc.o(.text.HAL_LTDC_ErrorCallback)
    HAL_LTDC_IRQHandler                      0x08001c45   Thumb Code   206  stm32f4xx_hal_ltdc.o(.text.HAL_LTDC_IRQHandler)
    HAL_LTDC_Init                            0x08001d15   Thumb Code   228  stm32f4xx_hal_ltdc.o(.text.HAL_LTDC_Init)
    HAL_LTDC_LineEventCallback               0x08001df9   Thumb Code     2  stm32f4xx_hal_ltdc.o(.text.HAL_LTDC_LineEventCallback)
    HAL_LTDC_MspInit                         0x08001dfd   Thumb Code   454  stm32f4xx_hal_msp.o(.text.HAL_LTDC_MspInit)
    HAL_LTDC_ReloadEventCallback             0x08001fc5   Thumb Code     2  stm32f4xx_hal_ltdc.o(.text.HAL_LTDC_ReloadEventCallback)
    HAL_MspInit                              0x08001fc9   Thumb Code    66  stm32f4xx_hal_msp.o(.text.HAL_MspInit)
    HAL_NVIC_EnableIRQ                       0x0800200d   Thumb Code    38  stm32f4xx_hal_cortex.o(.text.HAL_NVIC_EnableIRQ)
    HAL_NVIC_SetPriority                     0x08002035   Thumb Code    86  stm32f4xx_hal_cortex.o(.text.HAL_NVIC_SetPriority)
    HAL_NVIC_SetPriorityGrouping             0x0800208d   Thumb Code    32  stm32f4xx_hal_cortex.o(.text.HAL_NVIC_SetPriorityGrouping)
    HAL_RCCEx_PeriphCLKConfig                0x080020ad   Thumb Code   584  stm32f4xx_hal_rcc_ex.o(.text.HAL_RCCEx_PeriphCLKConfig)
    HAL_RCC_ClockConfig                      0x080022f5   Thumb Code   352  stm32f4xx_hal_rcc.o(.text.HAL_RCC_ClockConfig)
    HAL_RCC_GetClockConfig                   0x08002455   Thumb Code    62  stm32f4xx_hal_rcc.o(.text.HAL_RCC_GetClockConfig)
    HAL_RCC_GetPCLK1Freq                     0x08002495   Thumb Code    38  stm32f4xx_hal_rcc.o(.text.HAL_RCC_GetPCLK1Freq)
    HAL_RCC_GetPCLK2Freq                     0x080024bd   Thumb Code    38  stm32f4xx_hal_rcc.o(.text.HAL_RCC_GetPCLK2Freq)
    HAL_RCC_GetSysClockFreq                  0x080024e5   Thumb Code   108  stm32f4xx_hal_rcc.o(.text.HAL_RCC_GetSysClockFreq)
    HAL_RCC_OscConfig                        0x08002551   Thumb Code   884  stm32f4xx_hal_rcc.o(.text.HAL_RCC_OscConfig)
    HAL_SDRAM_Init                           0x080028c5   Thumb Code    66  stm32f4xx_hal_sdram.o(.text.HAL_SDRAM_Init)
    HAL_SDRAM_MspInit                        0x08002909   Thumb Code   222  stm32f4xx_hal_msp.o(.text.HAL_SDRAM_MspInit)
    HAL_SPI_Init                             0x080029e9   Thumb Code   180  stm32f4xx_hal_spi.o(.text.HAL_SPI_Init)
    HAL_SPI_MspInit                          0x08002a9d   Thumb Code   106  stm32f4xx_hal_msp.o(.text.HAL_SPI_MspInit)
    HAL_TIMEx_BreakCallback                  0x08002b09   Thumb Code     2  stm32f4xx_hal_tim_ex.o(.text.HAL_TIMEx_BreakCallback)
    HAL_TIMEx_CommutCallback                 0x08002b0d   Thumb Code     2  stm32f4xx_hal_tim_ex.o(.text.HAL_TIMEx_CommutCallback)
    HAL_TIMEx_MasterConfigSynchronization    0x08002b11   Thumb Code   182  stm32f4xx_hal_tim_ex.o(.text.HAL_TIMEx_MasterConfigSynchronization)
    HAL_TIM_Base_Init                        0x08002bc9   Thumb Code    90  stm32f4xx_hal_tim.o(.text.HAL_TIM_Base_Init)
    HAL_TIM_Base_MspInit                     0x08002c25   Thumb Code    54  stm32f4xx_hal_msp.o(.text.HAL_TIM_Base_MspInit)
    HAL_TIM_Base_Start_IT                    0x08002c5d   Thumb Code   170  stm32f4xx_hal_tim.o(.text.HAL_TIM_Base_Start_IT)
    HAL_TIM_ConfigClockSource                0x08002d09   Thumb Code   412  stm32f4xx_hal_tim.o(.text.HAL_TIM_ConfigClockSource)
    HAL_TIM_IC_CaptureCallback               0x08002ea5   Thumb Code     2  stm32f4xx_hal_tim.o(.text.HAL_TIM_IC_CaptureCallback)
    HAL_TIM_IRQHandler                       0x08002ea9   Thumb Code   368  stm32f4xx_hal_tim.o(.text.HAL_TIM_IRQHandler)
    HAL_TIM_OC_DelayElapsedCallback          0x08003019   Thumb Code     2  stm32f4xx_hal_tim.o(.text.HAL_TIM_OC_DelayElapsedCallback)
    HAL_TIM_PWM_PulseFinishedCallback        0x0800301d   Thumb Code     2  stm32f4xx_hal_tim.o(.text.HAL_TIM_PWM_PulseFinishedCallback)
    HAL_TIM_PeriodElapsedCallback            0x08003021   Thumb Code    20  main.o(.text.HAL_TIM_PeriodElapsedCallback)
    HAL_TIM_TriggerCallback                  0x08003035   Thumb Code     2  stm32f4xx_hal_tim.o(.text.HAL_TIM_TriggerCallback)
    HAL_UART_Init                            0x08003039   Thumb Code    94  stm32f4xx_hal_uart.o(.text.HAL_UART_Init)
    HAL_UART_MspInit                         0x08003099   Thumb Code   108  stm32f4xx_hal_msp.o(.text.HAL_UART_MspInit)
    HardFault_Handler                        0x08003105   Thumb Code     2  stm32f4xx_it.o(.text.HardFault_Handler)
    LTDC_IRQHandler                          0x08003109   Thumb Code    12  stm32f4xx_it.o(.text.LTDC_IRQHandler)
    MX_DriverVbusHS                          0x08003235   Thumb Code    20  usbh_platform.o(.text.MX_DriverVbusHS)
    MX_USB_HOST_Init                         0x08003249   Thumb Code    86  usb_host.o(.text.MX_USB_HOST_Init)
    MemManage_Handler                        0x080032a1   Thumb Code     2  stm32f4xx_it.o(.text.MemManage_Handler)
    NMI_Handler                              0x080032a5   Thumb Code     2  stm32f4xx_it.o(.text.NMI_Handler)
    OTG_HS_IRQHandler                        0x080032a9   Thumb Code    12  stm32f4xx_it.o(.text.OTG_HS_IRQHandler)
    PendSV_Handler                           0x080032c1   Thumb Code   100  port.o(.text.PendSV_Handler)
    SVC_Handler                              0x08003331   Thumb Code    36  port.o(.text.SVC_Handler)
    StartDefaultTask                         0x08003355   Thumb Code    12  main.o(.text.StartDefaultTask)
    SysTick_Handler                          0x08003361   Thumb Code    46  port.o(.text.SysTick_Handler)
    SystemClock_Config                       0x08003391   Thumb Code   172  main.o(.text.SystemClock_Config)
    SystemInit                               0x0800343d   Thumb Code    18  system_stm32f4xx.o(.text.SystemInit)
    TIM6_DAC_IRQHandler                      0x08003451   Thumb Code    12  stm32f4xx_it.o(.text.TIM6_DAC_IRQHandler)
    TIM_Base_SetConfig                       0x0800345d   Thumb Code   316  stm32f4xx_hal_tim.o(.text.TIM_Base_SetConfig)
    USBH_AllocPipe                           0x08003689   Thumb Code   210  usbh_pipes.o(.text.USBH_AllocPipe)
    USBH_BulkReceiveData                     0x0800375d   Thumb Code    40  usbh_ioreq.o(.text.USBH_BulkReceiveData)
    USBH_BulkSendData                        0x08003785   Thumb Code    50  usbh_ioreq.o(.text.USBH_BulkSendData)
    USBH_CDC_LineCodingChanged               0x080039bd   Thumb Code     2  usbh_cdc.o(.text.USBH_CDC_LineCodingChanged)
    USBH_CDC_ReceiveCallback                 0x08003b91   Thumb Code     2  usbh_cdc.o(.text.USBH_CDC_ReceiveCallback)
    USBH_CDC_TransmitCallback                0x08003b99   Thumb Code     2  usbh_cdc.o(.text.USBH_CDC_TransmitCallback)
    USBH_ClosePipe                           0x08003b9d   Thumb Code    10  usbh_pipes.o(.text.USBH_ClosePipe)
    USBH_ClrFeature                          0x08003ba9   Thumb Code    26  usbh_ctlreq.o(.text.USBH_ClrFeature)
    USBH_CtlReceiveData                      0x08003bc5   Thumb Code    40  usbh_ioreq.o(.text.USBH_CtlReceiveData)
    USBH_CtlReq                              0x08003bed   Thumb Code   560  usbh_ctlreq.o(.text.USBH_CtlReq)
    USBH_CtlSendData                         0x08003e1d   Thumb Code    50  usbh_ioreq.o(.text.USBH_CtlSendData)
    USBH_CtlSendSetup                        0x08003e51   Thumb Code    36  usbh_ioreq.o(.text.USBH_CtlSendSetup)
    USBH_Delay                               0x08003e75   Thumb Code     4  usbh_conf.o(.text.USBH_Delay)
    USBH_FindInterface                       0x08003e79   Thumb Code   274  usbh_core.o(.text.USBH_FindInterface)
    USBH_FreePipe                            0x08003f8d   Thumb Code    24  usbh_pipes.o(.text.USBH_FreePipe)
    USBH_Get_CfgDesc                         0x08003fa5   Thumb Code   594  usbh_ctlreq.o(.text.USBH_Get_CfgDesc)
    USBH_Get_DevDesc                         0x080041f9   Thumb Code   154  usbh_ctlreq.o(.text.USBH_Get_DevDesc)
    USBH_Get_StringDesc                      0x08004295   Thumb Code   168  usbh_ctlreq.o(.text.USBH_Get_StringDesc)
    USBH_Init                                0x0800433d   Thumb Code   228  usbh_core.o(.text.USBH_Init)
    USBH_LL_ClosePipe                        0x08004421   Thumb Code    34  usbh_conf.o(.text.USBH_LL_ClosePipe)
    USBH_LL_Connect                          0x08004445   Thumb Code    40  usbh_core.o(.text.USBH_LL_Connect)
    USBH_LL_Disconnect                       0x0800446d   Thumb Code    62  usbh_core.o(.text.USBH_LL_Disconnect)
    USBH_LL_DriverVBUS                       0x080044ad   Thumb Code    36  usbh_conf.o(.text.USBH_LL_DriverVBUS)
    USBH_LL_GetLastXferSize                  0x080044d1   Thumb Code     8  usbh_conf.o(.text.USBH_LL_GetLastXferSize)
    USBH_LL_GetSpeed                         0x080044d9   Thumb Code    20  usbh_conf.o(.text.USBH_LL_GetSpeed)
    USBH_LL_GetURBState                      0x080044ed   Thumb Code     8  usbh_conf.o(.text.USBH_LL_GetURBState)
    USBH_LL_IncTimer                         0x080044f5   Thumb Code    30  usbh_core.o(.text.USBH_LL_IncTimer)
    USBH_LL_Init                             0x08004515   Thumb Code   102  usbh_conf.o(.text.USBH_LL_Init)
    USBH_LL_NotifyURBChange                  0x0800457d   Thumb Code    26  usbh_core.o(.text.USBH_LL_NotifyURBChange)
    USBH_LL_OpenPipe                         0x08004599   Thumb Code    50  usbh_conf.o(.text.USBH_LL_OpenPipe)
    USBH_LL_PortDisabled                     0x080045cd   Thumb Code     8  usbh_core.o(.text.USBH_LL_PortDisabled)
    USBH_LL_PortEnabled                      0x080045d5   Thumb Code    26  usbh_core.o(.text.USBH_LL_PortEnabled)
    USBH_LL_ResetPort                        0x080045f1   Thumb Code    34  usbh_conf.o(.text.USBH_LL_ResetPort)
    USBH_LL_SetTimer                         0x08004615   Thumb Code     6  usbh_core.o(.text.USBH_LL_SetTimer)
    USBH_LL_SetToggle                        0x0800461d   Thumb Code    30  usbh_conf.o(.text.USBH_LL_SetToggle)
    USBH_LL_Start                            0x0800463d   Thumb Code    34  usbh_conf.o(.text.USBH_LL_Start)
    USBH_LL_Stop                             0x08004661   Thumb Code    34  usbh_conf.o(.text.USBH_LL_Stop)
    USBH_LL_SubmitURB                        0x08004685   Thumb Code    54  usbh_conf.o(.text.USBH_LL_SubmitURB)
    USBH_OpenPipe                            0x080046bd   Thumb Code    26  usbh_pipes.o(.text.USBH_OpenPipe)
    USBH_Process                             0x080046d9   Thumb Code  1192  usbh_core.o(.text.USBH_Process)
    USBH_RegisterClass                       0x08004ba5   Thumb Code    26  usbh_core.o(.text.USBH_RegisterClass)
    USBH_SelectInterface                     0x08004bc1   Thumb Code    18  usbh_core.o(.text.USBH_SelectInterface)
    USBH_SetAddress                          0x08004bd5   Thumb Code    26  usbh_ctlreq.o(.text.USBH_SetAddress)
    USBH_SetCfg                              0x08004bf1   Thumb Code    26  usbh_ctlreq.o(.text.USBH_SetCfg)
    USBH_SetFeature                          0x08004c0d   Thumb Code    26  usbh_ctlreq.o(.text.USBH_SetFeature)
    USBH_Start                               0x08004c29   Thumb Code    20  usbh_core.o(.text.USBH_Start)
    USB_CoreInit                             0x08004c79   Thumb Code   478  stm32f4xx_ll_usb.o(.text.USB_CoreInit)
    USB_DisableGlobalInt                     0x08004e59   Thumb Code    14  stm32f4xx_ll_usb.o(.text.USB_DisableGlobalInt)
    USB_DriveVbus                            0x08004e69   Thumb Code    76  stm32f4xx_ll_usb.o(.text.USB_DriveVbus)
    USB_EnableGlobalInt                      0x08004eb5   Thumb Code    14  stm32f4xx_ll_usb.o(.text.USB_EnableGlobalInt)
    USB_FlushRxFifo                          0x08004ec5   Thumb Code   182  stm32f4xx_ll_usb.o(.text.USB_FlushRxFifo)
    USB_FlushTxFifo                          0x08004f7d   Thumb Code   182  stm32f4xx_ll_usb.o(.text.USB_FlushTxFifo)
    USB_GetCurrentFrame                      0x08005035   Thumb Code     8  stm32f4xx_ll_usb.o(.text.USB_GetCurrentFrame)
    USB_GetHostSpeed                         0x0800503d   Thumb Code    22  stm32f4xx_ll_usb.o(.text.USB_GetHostSpeed)
    USB_GetMode                              0x08005055   Thumb Code     8  stm32f4xx_ll_usb.o(.text.USB_GetMode)
    USB_HC_Halt                              0x0800505d   Thumb Code   350  stm32f4xx_ll_usb.o(.text.USB_HC_Halt)
    USB_HC_Init                              0x080051bd   Thumb Code   280  stm32f4xx_ll_usb.o(.text.USB_HC_Init)
    USB_HC_ReadInterrupt                     0x080052d5   Thumb Code     8  stm32f4xx_ll_usb.o(.text.USB_HC_ReadInterrupt)
    USB_HC_StartXfer                         0x080052dd   Thumb Code   470  stm32f4xx_ll_usb.o(.text.USB_HC_StartXfer)
    USB_HostInit                             0x080054b5   Thumb Code   628  stm32f4xx_ll_usb.o(.text.USB_HostInit)
    USB_InitFSLSPClkSel                      0x08005729   Thumb Code    56  stm32f4xx_ll_usb.o(.text.USB_InitFSLSPClkSel)
    USB_ReadInterrupts                       0x08005761   Thumb Code     8  stm32f4xx_ll_usb.o(.text.USB_ReadInterrupts)
    USB_ReadPacket                           0x08005769   Thumb Code   170  stm32f4xx_ll_usb.o(.text.USB_ReadPacket)
    USB_ResetPort                            0x08005815   Thumb Code    62  stm32f4xx_ll_usb.o(.text.USB_ResetPort)
    USB_SetCurrentMode                       0x08005855   Thumb Code   100  stm32f4xx_ll_usb.o(.text.USB_SetCurrentMode)
    USB_StopHost                             0x080058b9   Thumb Code  2336  stm32f4xx_ll_usb.o(.text.USB_StopHost)
    UsageFault_Handler                       0x080061d9   Thumb Code     2  stm32f4xx_it.o(.text.UsageFault_Handler)
    main                                     0x080061dd   Thumb Code  1272  main.o(.text.main)
    osDelay                                  0x080066d5   Thumb Code    16  cmsis_os.o(.text.osDelay)
    osKernelStart                            0x080066e5   Thumb Code    10  cmsis_os.o(.text.osKernelStart)
    osMessageCreate                          0x080066f1   Thumb Code    54  cmsis_os.o(.text.osMessageCreate)
    osMessageGet                             0x08006729   Thumb Code   126  cmsis_os.o(.text.osMessageGet)
    osMessagePut                             0x080067a9   Thumb Code    90  cmsis_os.o(.text.osMessagePut)
    osThreadCreate                           0x08006805   Thumb Code    92  cmsis_os.o(.text.osThreadCreate)
    pvPortMalloc                             0x08006c71   Thumb Code   500  heap_4.o(.text.pvPortMalloc)
    pxPortInitialiseStack                    0x08006e65   Thumb Code    40  port.o(.text.pxPortInitialiseStack)
    uxListRemove                             0x08006e8d   Thumb Code    36  list.o(.text.uxListRemove)
    vApplicationGetIdleTaskMemory            0x08006eb1   Thumb Code    26  freertos.o(.text.vApplicationGetIdleTaskMemory)
    vApplicationIdleHook                     0x08006ecd   Thumb Code     2  freertos.o(.text.vApplicationIdleHook)
    vApplicationMallocFailedHook             0x08006ed1   Thumb Code     2  freertos.o(.text.vApplicationMallocFailedHook)
    vApplicationStackOverflowHook            0x08006ed5   Thumb Code     2  freertos.o(.text.vApplicationStackOverflowHook)
    vListInitialise                          0x08006ed9   Thumb Code    22  list.o(.text.vListInitialise)
    vListInitialiseItem                      0x08006ef1   Thumb Code     6  list.o(.text.vListInitialiseItem)
    vListInsert                              0x08006ef9   Thumb Code    98  list.o(.text.vListInsert)
    vListInsertEnd                           0x08006f5d   Thumb Code    28  list.o(.text.vListInsertEnd)
    vPortEnterCritical                       0x08006f8d   Thumb Code    70  port.o(.text.vPortEnterCritical)
    vPortExitCritical                        0x08006fd5   Thumb Code    46  port.o(.text.vPortExitCritical)
    vPortFree                                0x08007005   Thumb Code   212  heap_4.o(.text.vPortFree)
    vPortSetupTimerInterrupt                 0x080070d9   Thumb Code    52  port.o(.text.vPortSetupTimerInterrupt)
    vPortValidateInterruptPriority           0x0800710d   Thumb Code    94  port.o(.text.vPortValidateInterruptPriority)
    vTaskDelay                               0x0800716d   Thumb Code   158  tasks.o(.text.vTaskDelay)
    vTaskInternalSetTimeOutState             0x0800720d   Thumb Code    18  tasks.o(.text.vTaskInternalSetTimeOutState)
    vTaskMissedYield                         0x08007221   Thumb Code    14  tasks.o(.text.vTaskMissedYield)
    vTaskPlaceOnEventList                    0x08007231   Thumb Code    54  tasks.o(.text.vTaskPlaceOnEventList)
    vTaskStartScheduler                      0x08007269   Thumb Code   196  tasks.o(.text.vTaskStartScheduler)
    vTaskSuspendAll                          0x08007335   Thumb Code    16  tasks.o(.text.vTaskSuspendAll)
    vTaskSwitchContext                       0x08007345   Thumb Code   154  tasks.o(.text.vTaskSwitchContext)
    xPortStartScheduler                      0x080073e1   Thumb Code   388  port.o(.text.xPortStartScheduler)
    xQueueGenericCreate                      0x08007565   Thumb Code   126  queue.o(.text.xQueueGenericCreate)
    xQueueGenericCreateStatic                0x080075e5   Thumb Code   214  queue.o(.text.xQueueGenericCreateStatic)
    xQueueGenericSend                        0x080076bd   Thumb Code   554  queue.o(.text.xQueueGenericSend)
    xQueueGenericSendFromISR                 0x080078e9   Thumb Code   344  queue.o(.text.xQueueGenericSendFromISR)
    xQueueReceive                            0x08007a41   Thumb Code   418  queue.o(.text.xQueueReceive)
    xQueueReceiveFromISR                     0x08007be5   Thumb Code   228  queue.o(.text.xQueueReceiveFromISR)
    xTaskCheckForTimeOut                     0x08007cc9   Thumb Code   162  tasks.o(.text.xTaskCheckForTimeOut)
    xTaskCreate                              0x08007d6d   Thumb Code    96  tasks.o(.text.xTaskCreate)
    xTaskCreateStatic                        0x08007dcd   Thumb Code   118  tasks.o(.text.xTaskCreateStatic)
    xTaskGetSchedulerState                   0x08007e45   Thumb Code    30  tasks.o(.text.xTaskGetSchedulerState)
    xTaskIncrementTick                       0x08007e65   Thumb Code   262  tasks.o(.text.xTaskIncrementTick)
    xTaskPriorityDisinherit                  0x08007f6d   Thumb Code   182  tasks.o(.text.xTaskPriorityDisinherit)
    xTaskRemoveFromEventList                 0x08008025   Thumb Code   116  tasks.o(.text.xTaskRemoveFromEventList)
    xTaskResumeAll                           0x08008099   Thumb Code   234  tasks.o(.text.xTaskResumeAll)
    _fp_init                                 0x08008183   Thumb Code    26  fpinit.o(x$fpl$fpinit)
    __fplib_config_fpu_vfp                   0x0800819b   Thumb Code     0  fpinit.o(x$fpl$fpinit)
    __fplib_config_pureend_doubles           0x0800819b   Thumb Code     0  fpinit.o(x$fpl$fpinit)
    AHBPrescTable                            0x0800819c   Data          16  system_stm32f4xx.o(.rodata.AHBPrescTable)
    APBPrescTable                            0x080081ac   Data           8  system_stm32f4xx.o(.rodata.APBPrescTable)
    Region$$Table$$Base                      0x080081f0   Number         0  anon$$obj.o(Region$$Table)
    Region$$Table$$Limit                     0x08008210   Number         0  anon$$obj.o(Region$$Table)
    uwTickFreq                               0x20000000   Data           1  stm32f4xx_hal.o(.data..L_MergedGlobals)
    uwTickPrio                               0x20000004   Data           4  stm32f4xx_hal.o(.data..L_MergedGlobals)
    CDC_Class                                0x20000008   Data          32  usbh_cdc.o(.data.CDC_Class)
    SystemCoreClock                          0x20000028   Data           4  system_stm32f4xx.o(.data.SystemCoreClock)
    __libspace_start                         0x20000030   Data          96  libspace.o(.bss)
    __temporary_stack_top$libspace           0x20000090   Data           0  libspace.o(.bss)
    defaultTaskHandle                        0x20000090   Data           4  main.o(.bss..L_MergedGlobals)
    hcrc                                     0x20000094   Data           8  main.o(.bss..L_MergedGlobals)
    hsdram1                                  0x2000009c   Data          52  main.o(.bss..L_MergedGlobals)
    pxCurrentTCB                             0x200000d0   Data           4  tasks.o(.bss..L_MergedGlobals)
    Appli_state                              0x20000198   Data           1  usb_host.o(.bss.Appli_state)
    hUsbHostHS                               0x200001a0   Data         996  usb_host.o(.bss.hUsbHostHS)
    hdma2d                                   0x20000584   Data          64  main.o(.bss.hdma2d)
    hhcd_USB_OTG_HS                          0x200005c4   Data         772  usbh_conf.o(.bss.hhcd_USB_OTG_HS)
    hi2c3                                    0x200008c8   Data          84  main.o(.bss.hi2c3)
    hltdc                                    0x2000091c   Data         168  main.o(.bss.hltdc)
    hspi5                                    0x200009c4   Data          88  main.o(.bss.hspi5)
    htim1                                    0x20000a1c   Data          72  main.o(.bss.htim1)
    htim6                                    0x20000a64   Data          72  stm32f4xx_hal_timebase_tim.o(.bss.htim6)
    huart1                                   0x20000aac   Data          68  main.o(.bss.huart1)
    uwTick                                   0x20008b7c   Data           4  stm32f4xx_hal.o(.bss.uwTick)



==============================================================================

Memory Map of the image

  Image Entry point : 0x080001ad

  Load Region LR_IROM1 (Base: 0x08000000, Size: 0x00008240, Max: 0x00200000, ABSOLUTE)

    Execution Region ER_IROM1 (Exec base: 0x08000000, Load base: 0x08000000, Size: 0x00008210, Max: 0x00200000, ABSOLUTE)

    Exec Addr    Load Addr    Size         Type   Attr      Idx    E Section Name        Object

    0x08000000   0x08000000   0x000001ac   Data   RO            3    RESET               startup_stm32f429xx.o
    0x080001ac   0x080001ac   0x00000008   Code   RO         2476  * !!!main             c_w.l(__main.o)
    0x080001b4   0x080001b4   0x00000034   Code   RO         2701    !!!scatter          c_w.l(__scatter.o)
    0x080001e8   0x080001e8   0x0000001a   Code   RO         2703    !!handler_copy      c_w.l(__scatter_copy.o)
    0x08000202   0x08000202   0x00000002   PAD
    0x08000204   0x08000204   0x0000001c   Code   RO         2705    !!handler_zi        c_w.l(__scatter_zi.o)
    0x08000220   0x08000220   0x00000002   Code   RO         2627    .ARM.Collect$$libinit$$00000000  c_w.l(libinit.o)
    0x08000222   0x08000222   0x00000004   Code   RO         2551    .ARM.Collect$$libinit$$00000001  c_w.l(libinit2.o)
    0x08000226   0x08000226   0x00000000   Code   RO         2554    .ARM.Collect$$libinit$$00000004  c_w.l(libinit2.o)
    0x08000226   0x08000226   0x00000000   Code   RO         2556    .ARM.Collect$$libinit$$00000006  c_w.l(libinit2.o)
    0x08000226   0x08000226   0x00000008   Code   RO         2557    .ARM.Collect$$libinit$$00000007  c_w.l(libinit2.o)
    0x0800022e   0x0800022e   0x00000000   Code   RO         2559    .ARM.Collect$$libinit$$0000000C  c_w.l(libinit2.o)
    0x0800022e   0x0800022e   0x00000000   Code   RO         2561    .ARM.Collect$$libinit$$0000000E  c_w.l(libinit2.o)
    0x0800022e   0x0800022e   0x00000000   Code   RO         2563    .ARM.Collect$$libinit$$00000010  c_w.l(libinit2.o)
    0x0800022e   0x0800022e   0x00000000   Code   RO         2566    .ARM.Collect$$libinit$$00000013  c_w.l(libinit2.o)
    0x0800022e   0x0800022e   0x00000000   Code   RO         2568    .ARM.Collect$$libinit$$00000015  c_w.l(libinit2.o)
    0x0800022e   0x0800022e   0x00000000   Code   RO         2570    .ARM.Collect$$libinit$$00000017  c_w.l(libinit2.o)
    0x0800022e   0x0800022e   0x00000000   Code   RO         2572    .ARM.Collect$$libinit$$00000019  c_w.l(libinit2.o)
    0x0800022e   0x0800022e   0x00000000   Code   RO         2574    .ARM.Collect$$libinit$$0000001B  c_w.l(libinit2.o)
    0x0800022e   0x0800022e   0x00000000   Code   RO         2576    .ARM.Collect$$libinit$$0000001D  c_w.l(libinit2.o)
    0x0800022e   0x0800022e   0x00000000   Code   RO         2578    .ARM.Collect$$libinit$$0000001F  c_w.l(libinit2.o)
    0x0800022e   0x0800022e   0x00000000   Code   RO         2580    .ARM.Collect$$libinit$$00000021  c_w.l(libinit2.o)
    0x0800022e   0x0800022e   0x00000000   Code   RO         2582    .ARM.Collect$$libinit$$00000023  c_w.l(libinit2.o)
    0x0800022e   0x0800022e   0x00000000   Code   RO         2584    .ARM.Collect$$libinit$$00000025  c_w.l(libinit2.o)
    0x0800022e   0x0800022e   0x00000000   Code   RO         2586    .ARM.Collect$$libinit$$00000027  c_w.l(libinit2.o)
    0x0800022e   0x0800022e   0x00000000   Code   RO         2590    .ARM.Collect$$libinit$$0000002E  c_w.l(libinit2.o)
    0x0800022e   0x0800022e   0x00000000   Code   RO         2592    .ARM.Collect$$libinit$$00000030  c_w.l(libinit2.o)
    0x0800022e   0x0800022e   0x00000000   Code   RO         2594    .ARM.Collect$$libinit$$00000032  c_w.l(libinit2.o)
    0x0800022e   0x0800022e   0x00000000   Code   RO         2596    .ARM.Collect$$libinit$$00000034  c_w.l(libinit2.o)
    0x0800022e   0x0800022e   0x00000002   Code   RO         2597    .ARM.Collect$$libinit$$00000035  c_w.l(libinit2.o)
    0x08000230   0x08000230   0x00000002   Code   RO         2698    .ARM.Collect$$libshutdown$$00000000  c_w.l(libshutdown.o)
    0x08000232   0x08000232   0x00000000   Code   RO         2654    .ARM.Collect$$libshutdown$$00000002  c_w.l(libshutdown2.o)
    0x08000232   0x08000232   0x00000000   Code   RO         2656    .ARM.Collect$$libshutdown$$00000004  c_w.l(libshutdown2.o)
    0x08000232   0x08000232   0x00000000   Code   RO         2659    .ARM.Collect$$libshutdown$$00000007  c_w.l(libshutdown2.o)
    0x08000232   0x08000232   0x00000000   Code   RO         2662    .ARM.Collect$$libshutdown$$0000000A  c_w.l(libshutdown2.o)
    0x08000232   0x08000232   0x00000000   Code   RO         2664    .ARM.Collect$$libshutdown$$0000000C  c_w.l(libshutdown2.o)
    0x08000232   0x08000232   0x00000000   Code   RO         2667    .ARM.Collect$$libshutdown$$0000000F  c_w.l(libshutdown2.o)
    0x08000232   0x08000232   0x00000002   Code   RO         2668    .ARM.Collect$$libshutdown$$00000010  c_w.l(libshutdown2.o)
    0x08000234   0x08000234   0x00000000   Code   RO         2480    .ARM.Collect$$rtentry$$00000000  c_w.l(__rtentry.o)
    0x08000234   0x08000234   0x00000000   Code   RO         2516    .ARM.Collect$$rtentry$$00000002  c_w.l(__rtentry2.o)
    0x08000234   0x08000234   0x00000006   Code   RO         2528    .ARM.Collect$$rtentry$$00000004  c_w.l(__rtentry4.o)
    0x0800023a   0x0800023a   0x00000000   Code   RO         2518    .ARM.Collect$$rtentry$$00000009  c_w.l(__rtentry2.o)
    0x0800023a   0x0800023a   0x00000004   Code   RO         2519    .ARM.Collect$$rtentry$$0000000A  c_w.l(__rtentry2.o)
    0x0800023e   0x0800023e   0x00000000   Code   RO         2521    .ARM.Collect$$rtentry$$0000000C  c_w.l(__rtentry2.o)
    0x0800023e   0x0800023e   0x00000008   Code   RO         2522    .ARM.Collect$$rtentry$$0000000D  c_w.l(__rtentry2.o)
    0x08000246   0x08000246   0x00000002   Code   RO         2637    .ARM.Collect$$rtexit$$00000000  c_w.l(rtexit.o)
    0x08000248   0x08000248   0x00000000   Code   RO         2674    .ARM.Collect$$rtexit$$00000002  c_w.l(rtexit2.o)
    0x08000248   0x08000248   0x00000004   Code   RO         2675    .ARM.Collect$$rtexit$$00000003  c_w.l(rtexit2.o)
    0x0800024c   0x0800024c   0x00000006   Code   RO         2676    .ARM.Collect$$rtexit$$00000004  c_w.l(rtexit2.o)
    0x08000252   0x08000252   0x00000002   PAD
    0x08000254   0x08000254   0x00000040   Code   RO            4    .text               startup_stm32f429xx.o
    0x08000294   0x08000294   0x00000028   Code   RO         2406    .text               c_w.l(calloc.o)
    0x080002bc   0x080002bc   0x0000004e   Code   RO         2408    .text               c_w.l(h1_free.o)
    0x0800030a   0x0800030a   0x000000f0   Code   RO         2462    .text               c_w.l(lludivv7m.o)
    0x080003fa   0x080003fa   0x0000008a   Code   RO         2464    .text               c_w.l(rt_memcpy_v6.o)
    0x08000484   0x08000484   0x00000010   Code   RO         2468    .text               c_w.l(aeabi_memset4.o)
    0x08000494   0x08000494   0x00000044   Code   RO         2470    .text               c_w.l(rt_memclr.o)
    0x080004d8   0x080004d8   0x0000004e   Code   RO         2472    .text               c_w.l(rt_memclr_w.o)
    0x08000526   0x08000526   0x00000006   Code   RO         2474    .text               c_w.l(heapauxi.o)
    0x0800052c   0x0800052c   0x00000008   Code   RO         2488    .text               c_w.l(rt_heap_descriptor_intlibspace.o)
    0x08000534   0x08000534   0x00000004   Code   RO         2490    .text               c_w.l(hguard.o)
    0x08000538   0x08000538   0x0000008a   Code   RO         2492    .text               c_w.l(init_alloc.o)
    0x080005c2   0x080005c2   0x0000005e   Code   RO         2498    .text               c_w.l(h1_alloc.o)
    0x08000620   0x08000620   0x00000064   Code   RO         2510    .text               c_w.l(rt_memcpy_w.o)
    0x08000684   0x08000684   0x00000008   Code   RO         2512    .text               c_w.l(libspace.o)
    0x0800068c   0x0800068c   0x00000000   Code   RO         2532    .text               c_w.l(maybetermalloc1.o)
    0x0800068c   0x0800068c   0x0000000e   Code   RO         2534    .text               c_w.l(h1_init.o)
    0x0800069a   0x0800069a   0x00000034   Code   RO         2536    .text               c_w.l(h1_extend.o)
    0x080006ce   0x080006ce   0x0000000e   Code   RO         2542    .text               c_w.l(defsig_rtmem_outer.o)
    0x080006dc   0x080006dc   0x0000004a   Code   RO         2602    .text               c_w.l(sys_stackheap_outer.o)
    0x08000726   0x08000726   0x00000012   Code   RO         2610    .text               c_w.l(exit.o)
    0x08000738   0x08000738   0x0000000a   Code   RO         2612    .text               c_w.l(defsig_exit.o)
    0x08000742   0x08000742   0x00000002   PAD
    0x08000744   0x08000744   0x00000050   Code   RO         2618    .text               c_w.l(defsig_rtmem_inner.o)
    0x08000794   0x08000794   0x0000000c   Code   RO         2630    .text               c_w.l(sys_exit.o)
    0x080007a0   0x080007a0   0x00000002   Code   RO         2634    .text               c_w.l(use_no_semi.o)
    0x080007a2   0x080007a2   0x00000000   Code   RO         2636    .text               c_w.l(indicate_semi.o)
    0x080007a2   0x080007a2   0x00000032   Code   RO         2645    .text               c_w.l(defsig_general.o)
    0x080007d4   0x080007d4   0x0000000e   Code   RO         2669    .text               c_w.l(sys_wrch.o)
    0x080007e2   0x080007e2   0x00000002   PAD
    0x080007e4   0x080007e4   0x00000002   Code   RO           62    .text.BusFault_Handler  stm32f4xx_it.o
    0x080007e6   0x080007e6   0x00000002   PAD
    0x080007e8   0x080007e8   0x0000000c   Code   RO           74    .text.DMA2D_IRQHandler  stm32f4xx_it.o
    0x080007f4   0x080007f4   0x00000002   Code   RO           66    .text.DebugMon_Handler  stm32f4xx_it.o
    0x080007f6   0x080007f6   0x00000002   PAD
    0x080007f8   0x080007f8   0x0000000a   Code   RO           17    .text.Error_Handler  main.o
    0x08000802   0x08000802   0x00000002   PAD
    0x08000804   0x08000804   0x0000007e   Code   RO          913    .text.FMC_SDRAM_Init  stm32f4xx_ll_fmc.o
    0x08000882   0x08000882   0x00000002   PAD
    0x08000884   0x08000884   0x000000d8   Code   RO          915    .text.FMC_SDRAM_Timing_Init  stm32f4xx_ll_fmc.o
    0x0800095c   0x0800095c   0x0000002a   Code   RO          785    .text.HAL_CRC_Init  stm32f4xx_hal_crc.o
    0x08000986   0x08000986   0x00000002   PAD
    0x08000988   0x08000988   0x00000032   Code   RO           85    .text.HAL_CRC_MspInit  stm32f4xx_hal_msp.o
    0x080009ba   0x080009ba   0x00000002   PAD
    0x080009bc   0x080009bc   0x00000002   Code   RO          851    .text.HAL_DMA2D_CLUTLoadingCpltCallback  stm32f4xx_hal_dma2d.o
    0x080009be   0x080009be   0x00000002   PAD
    0x080009c0   0x080009c0   0x00000098   Code   RO          853    .text.HAL_DMA2D_ConfigLayer  stm32f4xx_hal_dma2d.o
    0x08000a58   0x08000a58   0x00000142   Code   RO          847    .text.HAL_DMA2D_IRQHandler  stm32f4xx_hal_dma2d.o
    0x08000b9a   0x08000b9a   0x00000002   PAD
    0x08000b9c   0x08000b9c   0x00000056   Code   RO          807    .text.HAL_DMA2D_Init  stm32f4xx_hal_dma2d.o
    0x08000bf2   0x08000bf2   0x00000002   PAD
    0x08000bf4   0x08000bf4   0x00000002   Code   RO          849    .text.HAL_DMA2D_LineEventCallback  stm32f4xx_hal_dma2d.o
    0x08000bf6   0x08000bf6   0x00000002   PAD
    0x08000bf8   0x08000bf8   0x0000004a   Code   RO           89    .text.HAL_DMA2D_MspInit  stm32f4xx_hal_msp.o
    0x08000c42   0x08000c42   0x00000002   PAD
    0x08000c44   0x08000c44   0x00000028   Code   RO          711    .text.HAL_Delay     stm32f4xx_hal.o
    0x08000c6c   0x08000c6c   0x000001a6   Code   RO          506    .text.HAL_GPIO_Init  stm32f4xx_hal_gpio.o
    0x08000e12   0x08000e12   0x00000002   PAD
    0x08000e14   0x08000e14   0x0000000a   Code   RO          512    .text.HAL_GPIO_WritePin  stm32f4xx_hal_gpio.o
    0x08000e1e   0x08000e1e   0x00000002   PAD
    0x08000e20   0x08000e20   0x0000000c   Code   RO          703    .text.HAL_GetTick   stm32f4xx_hal.o
    0x08000e2c   0x08000e2c   0x00000008   Code   RO          162    .text.HAL_HCD_Connect_Callback  usbh_conf.o
    0x08000e34   0x08000e34   0x00000008   Code   RO          164    .text.HAL_HCD_Disconnect_Callback  usbh_conf.o
    0x08000e3c   0x08000e3c   0x00000006   Code   RO          266    .text.HAL_HCD_GetCurrentFrame  stm32f4xx_hal_hcd.o
    0x08000e42   0x08000e42   0x00000002   PAD
    0x08000e44   0x08000e44   0x00000006   Code   RO          268    .text.HAL_HCD_GetCurrentSpeed  stm32f4xx_hal_hcd.o
    0x08000e4a   0x08000e4a   0x00000002   PAD
    0x08000e4c   0x08000e4c   0x0000000c   Code   RO          260    .text.HAL_HCD_HC_GetURBState  stm32f4xx_hal_hcd.o
    0x08000e58   0x08000e58   0x0000000a   Code   RO          262    .text.HAL_HCD_HC_GetXferCount  stm32f4xx_hal_hcd.o
    0x08000e62   0x08000e62   0x00000002   PAD
    0x08000e64   0x08000e64   0x00000024   Code   RO          228    .text.HAL_HCD_HC_Halt  stm32f4xx_hal_hcd.o
    0x08000e88   0x08000e88   0x00000066   Code   RO          226    .text.HAL_HCD_HC_Init  stm32f4xx_hal_hcd.o
    0x08000eee   0x08000eee   0x00000002   PAD
    0x08000ef0   0x08000ef0   0x00000008   Code   RO          166    .text.HAL_HCD_HC_NotifyURBChange_Callback  usbh_conf.o
    0x08000ef8   0x08000ef8   0x000000b4   Code   RO          234    .text.HAL_HCD_HC_SubmitRequest  stm32f4xx_hal_hcd.o
    0x08000fac   0x08000fac   0x000006aa   Code   RO          236    .text.HAL_HCD_IRQHandler  stm32f4xx_hal_hcd.o
    0x08001656   0x08001656   0x00000002   PAD
    0x08001658   0x08001658   0x000000be   Code   RO          222    .text.HAL_HCD_Init  stm32f4xx_hal_hcd.o
    0x08001716   0x08001716   0x00000002   PAD
    0x08001718   0x08001718   0x00000090   Code   RO          156    .text.HAL_HCD_MspInit  usbh_conf.o
    0x080017a8   0x080017a8   0x00000008   Code   RO          170    .text.HAL_HCD_PortDisabled_Callback  usbh_conf.o
    0x080017b0   0x080017b0   0x00000008   Code   RO          168    .text.HAL_HCD_PortEnabled_Callback  usbh_conf.o
    0x080017b8   0x080017b8   0x00000006   Code   RO          256    .text.HAL_HCD_ResetPort  stm32f4xx_hal_hcd.o
    0x080017be   0x080017be   0x00000002   PAD
    0x080017c0   0x080017c0   0x00000008   Code   RO          160    .text.HAL_HCD_SOF_Callback  usbh_conf.o
    0x080017c8   0x080017c8   0x0000002c   Code   RO          252    .text.HAL_HCD_Start  stm32f4xx_hal_hcd.o
    0x080017f4   0x080017f4   0x00000024   Code   RO          254    .text.HAL_HCD_Stop  stm32f4xx_hal_hcd.o
    0x08001818   0x08001818   0x0000003c   Code   RO         1133    .text.HAL_I2CEx_ConfigAnalogFilter  stm32f4xx_hal_i2c_ex.o
    0x08001854   0x08001854   0x00000040   Code   RO         1135    .text.HAL_I2CEx_ConfigDigitalFilter  stm32f4xx_hal_i2c_ex.o
    0x08001894   0x08001894   0x00000176   Code   RO          999    .text.HAL_I2C_Init  stm32f4xx_hal_i2c.o
    0x08001a0a   0x08001a0a   0x00000002   PAD
    0x08001a0c   0x08001a0c   0x000000aa   Code   RO           93    .text.HAL_I2C_MspInit  stm32f4xx_hal_msp.o
    0x08001ab6   0x08001ab6   0x00000002   PAD
    0x08001ab8   0x08001ab8   0x0000001a   Code   RO          701    .text.HAL_IncTick   stm32f4xx_hal.o
    0x08001ad2   0x08001ad2   0x00000002   PAD
    0x08001ad4   0x08001ad4   0x00000036   Code   RO          691    .text.HAL_Init      stm32f4xx_hal.o
    0x08001b0a   0x08001b0a   0x00000002   PAD
    0x08001b0c   0x08001b0c   0x000000bc   Code   RO          127    .text.HAL_InitTick  stm32f4xx_hal_timebase_tim.o
    0x08001bc8   0x08001bc8   0x00000076   Code   RO         1161    .text.HAL_LTDC_ConfigLayer  stm32f4xx_hal_ltdc.o
    0x08001c3e   0x08001c3e   0x00000002   PAD
    0x08001c40   0x08001c40   0x00000002   Code   RO         1155    .text.HAL_LTDC_ErrorCallback  stm32f4xx_hal_ltdc.o
    0x08001c42   0x08001c42   0x00000002   PAD
    0x08001c44   0x08001c44   0x000000ce   Code   RO         1153    .text.HAL_LTDC_IRQHandler  stm32f4xx_hal_ltdc.o
    0x08001d12   0x08001d12   0x00000002   PAD
    0x08001d14   0x08001d14   0x000000e4   Code   RO         1145    .text.HAL_LTDC_Init  stm32f4xx_hal_ltdc.o
    0x08001df8   0x08001df8   0x00000002   Code   RO         1157    .text.HAL_LTDC_LineEventCallback  stm32f4xx_hal_ltdc.o
    0x08001dfa   0x08001dfa   0x00000002   PAD
    0x08001dfc   0x08001dfc   0x000001c6   Code   RO           97    .text.HAL_LTDC_MspInit  stm32f4xx_hal_msp.o
    0x08001fc2   0x08001fc2   0x00000002   PAD
    0x08001fc4   0x08001fc4   0x00000002   Code   RO         1159    .text.HAL_LTDC_ReloadEventCallback  stm32f4xx_hal_ltdc.o
    0x08001fc6   0x08001fc6   0x00000002   PAD
    0x08001fc8   0x08001fc8   0x00000042   Code   RO           83    .text.HAL_MspInit   stm32f4xx_hal_msp.o
    0x0800200a   0x0800200a   0x00000002   PAD
    0x0800200c   0x0800200c   0x00000026   Code   RO          649    .text.HAL_NVIC_EnableIRQ  stm32f4xx_hal_cortex.o
    0x08002032   0x08002032   0x00000002   PAD
    0x08002034   0x08002034   0x00000056   Code   RO          647    .text.HAL_NVIC_SetPriority  stm32f4xx_hal_cortex.o
    0x0800208a   0x0800208a   0x00000002   PAD
    0x0800208c   0x0800208c   0x00000020   Code   RO          645    .text.HAL_NVIC_SetPriorityGrouping  stm32f4xx_hal_cortex.o
    0x080020ac   0x080020ac   0x00000248   Code   RO          418    .text.HAL_RCCEx_PeriphCLKConfig  stm32f4xx_hal_rcc_ex.o
    0x080022f4   0x080022f4   0x00000160   Code   RO          386    .text.HAL_RCC_ClockConfig  stm32f4xx_hal_rcc.o
    0x08002454   0x08002454   0x0000003e   Code   RO          404    .text.HAL_RCC_GetClockConfig  stm32f4xx_hal_rcc.o
    0x08002492   0x08002492   0x00000002   PAD
    0x08002494   0x08002494   0x00000026   Code   RO          398    .text.HAL_RCC_GetPCLK1Freq  stm32f4xx_hal_rcc.o
    0x080024ba   0x080024ba   0x00000002   PAD
    0x080024bc   0x080024bc   0x00000026   Code   RO          400    .text.HAL_RCC_GetPCLK2Freq  stm32f4xx_hal_rcc.o
    0x080024e2   0x080024e2   0x00000002   PAD
    0x080024e4   0x080024e4   0x0000006c   Code   RO          388    .text.HAL_RCC_GetSysClockFreq  stm32f4xx_hal_rcc.o
    0x08002550   0x08002550   0x00000374   Code   RO          384    .text.HAL_RCC_OscConfig  stm32f4xx_hal_rcc.o
    0x080028c4   0x080028c4   0x00000042   Code   RO          939    .text.HAL_SDRAM_Init  stm32f4xx_hal_sdram.o
    0x08002906   0x08002906   0x00000002   PAD
    0x08002908   0x08002908   0x000000de   Code   RO          113    .text.HAL_SDRAM_MspInit  stm32f4xx_hal_msp.o
    0x080029e6   0x080029e6   0x00000002   PAD
    0x080029e8   0x080029e8   0x000000b4   Code   RO         1236    .text.HAL_SPI_Init  stm32f4xx_hal_spi.o
    0x08002a9c   0x08002a9c   0x0000006a   Code   RO          101    .text.HAL_SPI_MspInit  stm32f4xx_hal_msp.o
    0x08002b06   0x08002b06   0x00000002   PAD
    0x08002b08   0x08002b08   0x00000002   Code   RO         1655    .text.HAL_TIMEx_BreakCallback  stm32f4xx_hal_tim_ex.o
    0x08002b0a   0x08002b0a   0x00000002   PAD
    0x08002b0c   0x08002b0c   0x00000002   Code   RO         1651    .text.HAL_TIMEx_CommutCallback  stm32f4xx_hal_tim_ex.o
    0x08002b0e   0x08002b0e   0x00000002   PAD
    0x08002b10   0x08002b10   0x000000b6   Code   RO         1645    .text.HAL_TIMEx_MasterConfigSynchronization  stm32f4xx_hal_tim_ex.o
    0x08002bc6   0x08002bc6   0x00000002   PAD
    0x08002bc8   0x08002bc8   0x0000005a   Code   RO         1350    .text.HAL_TIM_Base_Init  stm32f4xx_hal_tim.o
    0x08002c22   0x08002c22   0x00000002   PAD
    0x08002c24   0x08002c24   0x00000036   Code   RO          105    .text.HAL_TIM_Base_MspInit  stm32f4xx_hal_msp.o
    0x08002c5a   0x08002c5a   0x00000002   PAD
    0x08002c5c   0x08002c5c   0x000000aa   Code   RO         1364    .text.HAL_TIM_Base_Start_IT  stm32f4xx_hal_tim.o
    0x08002d06   0x08002d06   0x00000002   PAD
    0x08002d08   0x08002d08   0x0000019c   Code   RO         1530    .text.HAL_TIM_ConfigClockSource  stm32f4xx_hal_tim.o
    0x08002ea4   0x08002ea4   0x00000002   Code   RO         1486    .text.HAL_TIM_IC_CaptureCallback  stm32f4xx_hal_tim.o
    0x08002ea6   0x08002ea6   0x00000002   PAD
    0x08002ea8   0x08002ea8   0x00000170   Code   RO         1484    .text.HAL_TIM_IRQHandler  stm32f4xx_hal_tim.o
    0x08003018   0x08003018   0x00000002   Code   RO         1488    .text.HAL_TIM_OC_DelayElapsedCallback  stm32f4xx_hal_tim.o
    0x0800301a   0x0800301a   0x00000002   PAD
    0x0800301c   0x0800301c   0x00000002   Code   RO         1490    .text.HAL_TIM_PWM_PulseFinishedCallback  stm32f4xx_hal_tim.o
    0x0800301e   0x0800301e   0x00000002   PAD
    0x08003020   0x08003020   0x00000014   Code   RO           19    .text.HAL_TIM_PeriodElapsedCallback  main.o
    0x08003034   0x08003034   0x00000002   Code   RO         1494    .text.HAL_TIM_TriggerCallback  stm32f4xx_hal_tim.o
    0x08003036   0x08003036   0x00000002   PAD
    0x08003038   0x08003038   0x0000005e   Code   RO         1669    .text.HAL_UART_Init  stm32f4xx_hal_uart.o
    0x08003096   0x08003096   0x00000002   PAD
    0x08003098   0x08003098   0x0000006c   Code   RO          109    .text.HAL_UART_MspInit  stm32f4xx_hal_msp.o
    0x08003104   0x08003104   0x00000002   Code   RO           58    .text.HardFault_Handler  stm32f4xx_it.o
    0x08003106   0x08003106   0x00000002   PAD
    0x08003108   0x08003108   0x0000000c   Code   RO           72    .text.LTDC_IRQHandler  stm32f4xx_it.o
    0x08003114   0x08003114   0x00000120   Code   RO         1163    .text.LTDC_SetConfig  stm32f4xx_hal_ltdc.o
    0x08003234   0x08003234   0x00000014   Code   RO          213    .text.MX_DriverVbusHS  usbh_platform.o
    0x08003248   0x08003248   0x00000056   Code   RO          142    .text.MX_USB_HOST_Init  usb_host.o
    0x0800329e   0x0800329e   0x00000002   PAD
    0x080032a0   0x080032a0   0x00000002   Code   RO           60    .text.MemManage_Handler  stm32f4xx_it.o
    0x080032a2   0x080032a2   0x00000002   PAD
    0x080032a4   0x080032a4   0x00000002   Code   RO           56    .text.NMI_Handler   stm32f4xx_it.o
    0x080032a6   0x080032a6   0x00000002   PAD
    0x080032a8   0x080032a8   0x0000000c   Code   RO           70    .text.OTG_HS_IRQHandler  stm32f4xx_it.o
    0x080032b4   0x080032b4   0x0000000c   PAD
    0x080032c0   0x080032c0   0x00000064   Code   RO         2228    .text.PendSV_Handler  port.o
    0x08003324   0x08003324   0x0000000c   PAD
    0x08003330   0x08003330   0x00000024   Code   RO         2212    .text.SVC_Handler   port.o
    0x08003354   0x08003354   0x0000000c   Code   RO           15    .text.StartDefaultTask  main.o
    0x08003360   0x08003360   0x0000002e   Code   RO         2230    .text.SysTick_Handler  port.o
    0x0800338e   0x0800338e   0x00000002   PAD
    0x08003390   0x08003390   0x000000ac   Code   RO           13    .text.SystemClock_Config  main.o
    0x0800343c   0x0800343c   0x00000012   Code   RO         1789    .text.SystemInit    system_stm32f4xx.o
    0x0800344e   0x0800344e   0x00000002   PAD
    0x08003450   0x08003450   0x0000000c   Code   RO           68    .text.TIM6_DAC_IRQHandler  stm32f4xx_it.o
    0x0800345c   0x0800345c   0x0000013c   Code   RO         1354    .text.TIM_Base_SetConfig  stm32f4xx_hal_tim.o
    0x08003598   0x08003598   0x000000ee   Code   RO         1673    .text.UART_SetConfig  stm32f4xx_hal_uart.o
    0x08003686   0x08003686   0x00000002   PAD
    0x08003688   0x08003688   0x000000d2   Code   RO         2353    .text.USBH_AllocPipe  usbh_pipes.o
    0x0800375a   0x0800375a   0x00000002   PAD
    0x0800375c   0x0800375c   0x00000028   Code   RO         2331    .text.USBH_BulkReceiveData  usbh_ioreq.o
    0x08003784   0x08003784   0x00000032   Code   RO         2329    .text.USBH_BulkSendData  usbh_ioreq.o
    0x080037b6   0x080037b6   0x00000002   PAD
    0x080037b8   0x080037b8   0x0000003e   Code   RO         2369    .text.USBH_CDC_ClassRequest  usbh_cdc.o
    0x080037f6   0x080037f6   0x00000002   PAD
    0x080037f8   0x080037f8   0x00000064   Code   RO         2367    .text.USBH_CDC_InterfaceDeInit  usbh_cdc.o
    0x0800385c   0x0800385c   0x0000015e   Code   RO         2365    .text.USBH_CDC_InterfaceInit  usbh_cdc.o
    0x080039ba   0x080039ba   0x00000002   PAD
    0x080039bc   0x080039bc   0x00000002   Code   RO         2391    .text.USBH_CDC_LineCodingChanged  usbh_cdc.o
    0x080039be   0x080039be   0x00000002   PAD
    0x080039c0   0x080039c0   0x000001d0   Code   RO         2371    .text.USBH_CDC_Process  usbh_cdc.o
    0x08003b90   0x08003b90   0x00000002   Code   RO         2389    .text.USBH_CDC_ReceiveCallback  usbh_cdc.o
    0x08003b92   0x08003b92   0x00000002   PAD
    0x08003b94   0x08003b94   0x00000004   Code   RO         2373    .text.USBH_CDC_SOFProcess  usbh_cdc.o
    0x08003b98   0x08003b98   0x00000002   Code   RO         2387    .text.USBH_CDC_TransmitCallback  usbh_cdc.o
    0x08003b9a   0x08003b9a   0x00000002   PAD
    0x08003b9c   0x08003b9c   0x0000000a   Code   RO         2351    .text.USBH_ClosePipe  usbh_pipes.o
    0x08003ba6   0x08003ba6   0x00000002   PAD
    0x08003ba8   0x08003ba8   0x0000001a   Code   RO         2311    .text.USBH_ClrFeature  usbh_ctlreq.o
    0x08003bc2   0x08003bc2   0x00000002   PAD
    0x08003bc4   0x08003bc4   0x00000028   Code   RO         2327    .text.USBH_CtlReceiveData  usbh_ioreq.o
    0x08003bec   0x08003bec   0x00000230   Code   RO         2301    .text.USBH_CtlReq   usbh_ctlreq.o
    0x08003e1c   0x08003e1c   0x00000032   Code   RO         2325    .text.USBH_CtlSendData  usbh_ioreq.o
    0x08003e4e   0x08003e4e   0x00000002   PAD
    0x08003e50   0x08003e50   0x00000024   Code   RO         2323    .text.USBH_CtlSendSetup  usbh_ioreq.o
    0x08003e74   0x08003e74   0x00000004   Code   RO          202    .text.USBH_Delay    usbh_conf.o
    0x08003e78   0x08003e78   0x00000112   Code   RO         2256    .text.USBH_FindInterface  usbh_core.o
    0x08003f8a   0x08003f8a   0x00000002   PAD
    0x08003f8c   0x08003f8c   0x00000018   Code   RO         2355    .text.USBH_FreePipe  usbh_pipes.o
    0x08003fa4   0x08003fa4   0x00000252   Code   RO         2297    .text.USBH_Get_CfgDesc  usbh_ctlreq.o
    0x080041f6   0x080041f6   0x00000002   PAD
    0x080041f8   0x080041f8   0x0000009a   Code   RO         2293    .text.USBH_Get_DevDesc  usbh_ctlreq.o
    0x08004292   0x08004292   0x00000002   PAD
    0x08004294   0x08004294   0x000000a8   Code   RO         2299    .text.USBH_Get_StringDesc  usbh_ctlreq.o
    0x0800433c   0x0800433c   0x000000e4   Code   RO         2244    .text.USBH_Init     usbh_core.o
    0x08004420   0x08004420   0x00000022   Code   RO          190    .text.USBH_LL_ClosePipe  usbh_conf.o
    0x08004442   0x08004442   0x00000002   PAD
    0x08004444   0x08004444   0x00000028   Code   RO         2278    .text.USBH_LL_Connect  usbh_core.o
    0x0800446c   0x0800446c   0x0000003e   Code   RO         2280    .text.USBH_LL_Disconnect  usbh_core.o
    0x080044aa   0x080044aa   0x00000002   PAD
    0x080044ac   0x080044ac   0x00000024   Code   RO          196    .text.USBH_LL_DriverVBUS  usbh_conf.o
    0x080044d0   0x080044d0   0x00000008   Code   RO          186    .text.USBH_LL_GetLastXferSize  usbh_conf.o
    0x080044d8   0x080044d8   0x00000014   Code   RO          182    .text.USBH_LL_GetSpeed  usbh_conf.o
    0x080044ec   0x080044ec   0x00000008   Code   RO          194    .text.USBH_LL_GetURBState  usbh_conf.o
    0x080044f4   0x080044f4   0x0000001e   Code   RO         2272    .text.USBH_LL_IncTimer  usbh_core.o
    0x08004512   0x08004512   0x00000002   PAD
    0x08004514   0x08004514   0x00000066   Code   RO          172    .text.USBH_LL_Init  usbh_conf.o
    0x0800457a   0x0800457a   0x00000002   PAD
    0x0800457c   0x0800457c   0x0000001a   Code   RO         2282    .text.USBH_LL_NotifyURBChange  usbh_core.o
    0x08004596   0x08004596   0x00000002   PAD
    0x08004598   0x08004598   0x00000032   Code   RO          188    .text.USBH_LL_OpenPipe  usbh_conf.o
    0x080045ca   0x080045ca   0x00000002   PAD
    0x080045cc   0x080045cc   0x00000008   Code   RO         2276    .text.USBH_LL_PortDisabled  usbh_core.o
    0x080045d4   0x080045d4   0x0000001a   Code   RO         2274    .text.USBH_LL_PortEnabled  usbh_core.o
    0x080045ee   0x080045ee   0x00000002   PAD
    0x080045f0   0x080045f0   0x00000022   Code   RO          184    .text.USBH_LL_ResetPort  usbh_conf.o
    0x08004612   0x08004612   0x00000002   PAD
    0x08004614   0x08004614   0x00000006   Code   RO         2270    .text.USBH_LL_SetTimer  usbh_core.o
    0x0800461a   0x0800461a   0x00000002   PAD
    0x0800461c   0x0800461c   0x0000001e   Code   RO          198    .text.USBH_LL_SetToggle  usbh_conf.o
    0x0800463a   0x0800463a   0x00000002   PAD
    0x0800463c   0x0800463c   0x00000022   Code   RO          178    .text.USBH_LL_Start  usbh_conf.o
    0x0800465e   0x0800465e   0x00000002   PAD
    0x08004660   0x08004660   0x00000022   Code   RO          180    .text.USBH_LL_Stop  usbh_conf.o
    0x08004682   0x08004682   0x00000002   PAD
    0x08004684   0x08004684   0x00000036   Code   RO          192    .text.USBH_LL_SubmitURB  usbh_conf.o
    0x080046ba   0x080046ba   0x00000002   PAD
    0x080046bc   0x080046bc   0x0000001a   Code   RO         2349    .text.USBH_OpenPipe  usbh_pipes.o
    0x080046d6   0x080046d6   0x00000002   PAD
    0x080046d8   0x080046d8   0x000004a8   Code   RO         2268    .text.USBH_Process  usbh_core.o
    0x08004b80   0x08004b80   0x00000024   Code   RO         2246    .text.USBH_Process_OS  usbh_core.o
    0x08004ba4   0x08004ba4   0x0000001a   Code   RO         2250    .text.USBH_RegisterClass  usbh_core.o
    0x08004bbe   0x08004bbe   0x00000002   PAD
    0x08004bc0   0x08004bc0   0x00000012   Code   RO         2252    .text.USBH_SelectInterface  usbh_core.o
    0x08004bd2   0x08004bd2   0x00000002   PAD
    0x08004bd4   0x08004bd4   0x0000001a   Code   RO         2303    .text.USBH_SetAddress  usbh_ctlreq.o
    0x08004bee   0x08004bee   0x00000002   PAD
    0x08004bf0   0x08004bf0   0x0000001a   Code   RO         2305    .text.USBH_SetCfg   usbh_ctlreq.o
    0x08004c0a   0x08004c0a   0x00000002   PAD
    0x08004c0c   0x08004c0c   0x0000001a   Code   RO         2309    .text.USBH_SetFeature  usbh_ctlreq.o
    0x08004c26   0x08004c26   0x00000002   PAD
    0x08004c28   0x08004c28   0x00000014   Code   RO         2260    .text.USBH_Start    usbh_core.o
    0x08004c3c   0x08004c3c   0x0000003a   Code   RO          144    .text.USBH_UserProcess  usb_host.o
    0x08004c76   0x08004c76   0x00000002   PAD
    0x08004c78   0x08004c78   0x000001de   Code   RO          278    .text.USB_CoreInit  stm32f4xx_ll_usb.o
    0x08004e56   0x08004e56   0x00000002   PAD
    0x08004e58   0x08004e58   0x0000000e   Code   RO          284    .text.USB_DisableGlobalInt  stm32f4xx_ll_usb.o
    0x08004e66   0x08004e66   0x00000002   PAD
    0x08004e68   0x08004e68   0x0000004c   Code   RO          352    .text.USB_DriveVbus  stm32f4xx_ll_usb.o
    0x08004eb4   0x08004eb4   0x0000000e   Code   RO          282    .text.USB_EnableGlobalInt  stm32f4xx_ll_usb.o
    0x08004ec2   0x08004ec2   0x00000002   PAD
    0x08004ec4   0x08004ec4   0x000000b6   Code   RO          296    .text.USB_FlushRxFifo  stm32f4xx_ll_usb.o
    0x08004f7a   0x08004f7a   0x00000002   PAD
    0x08004f7c   0x08004f7c   0x000000b6   Code   RO          294    .text.USB_FlushTxFifo  stm32f4xx_ll_usb.o
    0x08005032   0x08005032   0x00000002   PAD
    0x08005034   0x08005034   0x00000008   Code   RO          356    .text.USB_GetCurrentFrame  stm32f4xx_ll_usb.o
    0x0800503c   0x0800503c   0x00000016   Code   RO          354    .text.USB_GetHostSpeed  stm32f4xx_ll_usb.o
    0x08005052   0x08005052   0x00000002   PAD
    0x08005054   0x08005054   0x00000008   Code   RO          288    .text.USB_GetMode   stm32f4xx_ll_usb.o
    0x0800505c   0x0800505c   0x0000015e   Code   RO          366    .text.USB_HC_Halt   stm32f4xx_ll_usb.o
    0x080051ba   0x080051ba   0x00000002   PAD
    0x080051bc   0x080051bc   0x00000118   Code   RO          358    .text.USB_HC_Init   stm32f4xx_ll_usb.o
    0x080052d4   0x080052d4   0x00000008   Code   RO          364    .text.USB_HC_ReadInterrupt  stm32f4xx_ll_usb.o
    0x080052dc   0x080052dc   0x000001d6   Code   RO          360    .text.USB_HC_StartXfer  stm32f4xx_ll_usb.o
    0x080054b2   0x080054b2   0x00000002   PAD
    0x080054b4   0x080054b4   0x00000274   Code   RO          346    .text.USB_HostInit  stm32f4xx_ll_usb.o
    0x08005728   0x08005728   0x00000038   Code   RO          348    .text.USB_InitFSLSPClkSel  stm32f4xx_ll_usb.o
    0x08005760   0x08005760   0x00000008   Code   RO          330    .text.USB_ReadInterrupts  stm32f4xx_ll_usb.o
    0x08005768   0x08005768   0x000000aa   Code   RO          316    .text.USB_ReadPacket  stm32f4xx_ll_usb.o
    0x08005812   0x08005812   0x00000002   PAD
    0x08005814   0x08005814   0x0000003e   Code   RO          350    .text.USB_ResetPort  stm32f4xx_ll_usb.o
    0x08005852   0x08005852   0x00000002   PAD
    0x08005854   0x08005854   0x00000064   Code   RO          286    .text.USB_SetCurrentMode  stm32f4xx_ll_usb.o
    0x080058b8   0x080058b8   0x00000920   Code   RO          368    .text.USB_StopHost  stm32f4xx_ll_usb.o
    0x080061d8   0x080061d8   0x00000002   Code   RO           64    .text.UsageFault_Handler  stm32f4xx_it.o
    0x080061da   0x080061da   0x00000002   PAD
    0x080061dc   0x080061dc   0x000004f8   Code   RO           11    .text.main          main.o
    0x080066d4   0x080066d4   0x00000010   Code   RO         2090    .text.osDelay       cmsis_os.o
    0x080066e4   0x080066e4   0x0000000a   Code   RO         2072    .text.osKernelStart  cmsis_os.o
    0x080066ee   0x080066ee   0x00000002   PAD
    0x080066f0   0x080066f0   0x00000036   Code   RO         2128    .text.osMessageCreate  cmsis_os.o
    0x08006726   0x08006726   0x00000002   PAD
    0x08006728   0x08006728   0x0000007e   Code   RO         2132    .text.osMessageGet  cmsis_os.o
    0x080067a6   0x080067a6   0x00000002   PAD
    0x080067a8   0x080067a8   0x0000005a   Code   RO         2130    .text.osMessagePut  cmsis_os.o
    0x08006802   0x08006802   0x00000002   PAD
    0x08006804   0x08006804   0x0000005c   Code   RO         2078    .text.osThreadCreate  cmsis_os.o
    0x08006860   0x08006860   0x0000007e   Code   RO         1972    .text.prvAddCurrentTaskToDelayedList  tasks.o
    0x080068de   0x080068de   0x00000002   PAD
    0x080068e0   0x080068e0   0x000000fc   Code   RO         1962    .text.prvAddNewTaskToReadyList  tasks.o
    0x080069dc   0x080069dc   0x0000008a   Code   RO         1992    .text.prvIdleTask   tasks.o
    0x08006a66   0x08006a66   0x00000002   PAD
    0x08006a68   0x08006a68   0x0000012a   Code   RO         1960    .text.prvInitialiseNewTask  tasks.o
    0x08006b92   0x08006b92   0x00000002   PAD
    0x08006b94   0x08006b94   0x00000028   Code   RO         2220    .text.prvPortStartFirstTask  port.o
    0x08006bbc   0x08006bbc   0x0000003e   Code   RO         2210    .text.prvTaskExitError  port.o
    0x08006bfa   0x08006bfa   0x00000002   PAD
    0x08006bfc   0x08006bfc   0x00000074   Code   RO         1873    .text.prvUnlockQueue  queue.o
    0x08006c70   0x08006c70   0x000001f4   Code   RO         2186    .text.pvPortMalloc  heap_4.o
    0x08006e64   0x08006e64   0x00000028   Code   RO         2208    .text.pxPortInitialiseStack  port.o
    0x08006e8c   0x08006e8c   0x00000024   Code   RO         1841    .text.uxListRemove  list.o
    0x08006eb0   0x08006eb0   0x0000001a   Code   RO           44    .text.vApplicationGetIdleTaskMemory  freertos.o
    0x08006eca   0x08006eca   0x00000002   PAD
    0x08006ecc   0x08006ecc   0x00000002   Code   RO           38    .text.vApplicationIdleHook  freertos.o
    0x08006ece   0x08006ece   0x00000002   PAD
    0x08006ed0   0x08006ed0   0x00000002   Code   RO           42    .text.vApplicationMallocFailedHook  freertos.o
    0x08006ed2   0x08006ed2   0x00000002   PAD
    0x08006ed4   0x08006ed4   0x00000002   Code   RO           40    .text.vApplicationStackOverflowHook  freertos.o
    0x08006ed6   0x08006ed6   0x00000002   PAD
    0x08006ed8   0x08006ed8   0x00000016   Code   RO         1833    .text.vListInitialise  list.o
    0x08006eee   0x08006eee   0x00000002   PAD
    0x08006ef0   0x08006ef0   0x00000006   Code   RO         1835    .text.vListInitialiseItem  list.o
    0x08006ef6   0x08006ef6   0x00000002   PAD
    0x08006ef8   0x08006ef8   0x00000062   Code   RO         1839    .text.vListInsert   list.o
    0x08006f5a   0x08006f5a   0x00000002   PAD
    0x08006f5c   0x08006f5c   0x0000001c   Code   RO         1837    .text.vListInsertEnd  list.o
    0x08006f78   0x08006f78   0x00000014   Code   RO         2218    .text.vPortEnableVFP  port.o
    0x08006f8c   0x08006f8c   0x00000046   Code   RO         2224    .text.vPortEnterCritical  port.o
    0x08006fd2   0x08006fd2   0x00000002   PAD
    0x08006fd4   0x08006fd4   0x0000002e   Code   RO         2226    .text.vPortExitCritical  port.o
    0x08007002   0x08007002   0x00000002   PAD
    0x08007004   0x08007004   0x000000d4   Code   RO         2188    .text.vPortFree     heap_4.o
    0x080070d8   0x080070d8   0x00000034   Code   RO         2216    .text.vPortSetupTimerInterrupt  port.o
    0x0800710c   0x0800710c   0x0000005e   Code   RO         2232    .text.vPortValidateInterruptPriority  port.o
    0x0800716a   0x0800716a   0x00000002   PAD
    0x0800716c   0x0800716c   0x0000009e   Code   RO         1968    .text.vTaskDelay    tasks.o
    0x0800720a   0x0800720a   0x00000002   PAD
    0x0800720c   0x0800720c   0x00000012   Code   RO         2026    .text.vTaskInternalSetTimeOutState  tasks.o
    0x0800721e   0x0800721e   0x00000002   PAD
    0x08007220   0x08007220   0x0000000e   Code   RO         2030    .text.vTaskMissedYield  tasks.o
    0x0800722e   0x0800722e   0x00000002   PAD
    0x08007230   0x08007230   0x00000036   Code   RO         2016    .text.vTaskPlaceOnEventList  tasks.o
    0x08007266   0x08007266   0x00000002   PAD
    0x08007268   0x08007268   0x000000cc   Code   RO         1990    .text.vTaskStartScheduler  tasks.o
    0x08007334   0x08007334   0x00000010   Code   RO         1970    .text.vTaskSuspendAll  tasks.o
    0x08007344   0x08007344   0x0000009a   Code   RO         1984    .text.vTaskSwitchContext  tasks.o
    0x080073de   0x080073de   0x00000002   PAD
    0x080073e0   0x080073e0   0x00000184   Code   RO         2214    .text.xPortStartScheduler  port.o
    0x08007564   0x08007564   0x0000007e   Code   RO         1855    .text.xQueueGenericCreate  queue.o
    0x080075e2   0x080075e2   0x00000002   PAD
    0x080075e4   0x080075e4   0x000000d6   Code   RO         1853    .text.xQueueGenericCreateStatic  queue.o
    0x080076ba   0x080076ba   0x00000002   PAD
    0x080076bc   0x080076bc   0x0000022a   Code   RO         1863    .text.xQueueGenericSend  queue.o
    0x080078e6   0x080078e6   0x00000002   PAD
    0x080078e8   0x080078e8   0x00000158   Code   RO         1875    .text.xQueueGenericSendFromISR  queue.o
    0x08007a40   0x08007a40   0x000001a2   Code   RO         1879    .text.xQueueReceive  queue.o
    0x08007be2   0x08007be2   0x00000002   PAD
    0x08007be4   0x08007be4   0x000000e4   Code   RO         1883    .text.xQueueReceiveFromISR  queue.o
    0x08007cc8   0x08007cc8   0x000000a2   Code   RO         2028    .text.xTaskCheckForTimeOut  tasks.o
    0x08007d6a   0x08007d6a   0x00000002   PAD
    0x08007d6c   0x08007d6c   0x00000060   Code   RO         1964    .text.xTaskCreate   tasks.o
    0x08007dcc   0x08007dcc   0x00000076   Code   RO         1958    .text.xTaskCreateStatic  tasks.o
    0x08007e42   0x08007e42   0x00000002   PAD
    0x08007e44   0x08007e44   0x0000001e   Code   RO         2034    .text.xTaskGetSchedulerState  tasks.o
    0x08007e62   0x08007e62   0x00000002   PAD
    0x08007e64   0x08007e64   0x00000106   Code   RO         1996    .text.xTaskIncrementTick  tasks.o
    0x08007f6a   0x08007f6a   0x00000002   PAD
    0x08007f6c   0x08007f6c   0x000000b6   Code   RO         2038    .text.xTaskPriorityDisinherit  tasks.o
    0x08008022   0x08008022   0x00000002   PAD
    0x08008024   0x08008024   0x00000074   Code   RO         2020    .text.xTaskRemoveFromEventList  tasks.o
    0x08008098   0x08008098   0x000000ea   Code   RO         1974    .text.xTaskResumeAll  tasks.o
    0x08008182   0x08008182   0x0000001a   Code   RO         2628    x$fpl$fpinit        fz_wm.l(fpinit.o)
    0x0800819c   0x0800819c   0x00000010   Data   RO         1794    .rodata.AHBPrescTable  system_stm32f4xx.o
    0x080081ac   0x080081ac   0x00000008   Data   RO         1795    .rodata.APBPrescTable  system_stm32f4xx.o
    0x080081b4   0x080081b4   0x00000020   Data   RO         1225    .rodata.cst32       stm32f4xx_hal_ltdc.o
    0x080081d4   0x080081d4   0x0000000c   Data   RO           21    .rodata.str1.1      main.o
    0x080081e0   0x080081e0   0x0000000c   Data   RO         2284    .rodata.str1.1      usbh_core.o
    0x080081ec   0x080081ec   0x00000004   Data   RO         2393    .rodata.str1.1      usbh_cdc.o
    0x080081f0   0x080081f0   0x00000020   Data   RO         2700    Region$$Table       anon$$obj.o


    Execution Region RW_IRAM2 (Exec base: 0x10000000, Load base: 0x08008240, Size: 0x00000000, Max: 0x00010000, ABSOLUTE)

    **** No section assigned to this execution region ****


    Execution Region RW_IRAM1 (Exec base: 0x20000000, Load base: 0x08008210, Size: 0x000093d8, Max: 0x00030000, ABSOLUTE)

    Exec Addr    Load Addr    Size         Type   Attr      Idx    E Section Name        Object

    0x20000000   0x08008210   0x00000008   Data   RW          750    .data..L_MergedGlobals  stm32f4xx_hal.o
    0x20000008   0x08008218   0x00000020   Data   RW         2394    .data.CDC_Class     usbh_cdc.o
    0x20000028   0x08008238   0x00000004   Data   RW         1793    .data.SystemCoreClock  system_stm32f4xx.o
    0x2000002c   0x0800823c   0x00000004   Data   RW         2234    .data.uxCriticalNesting  port.o
    0x20000030        -       0x00000060   Zero   RW         2513    .bss                c_w.l(libspace.o)
    0x20000090        -       0x00000040   Zero   RW           29    .bss..L_MergedGlobals  main.o
    0x200000d0        -       0x00000078   Zero   RW         2061    .bss..L_MergedGlobals  tasks.o
    0x20000148        -       0x00000020   Zero   RW         2199    .bss..L_MergedGlobals  heap_4.o
    0x20000168        -       0x00000008   Zero   RW         2235    .bss..L_MergedGlobals  port.o
    0x20000170        -       0x00000028   Zero   RW         2062    .bss..L_MergedGlobals.1  tasks.o
    0x20000198        -       0x00000001   Zero   RW          146    .bss.Appli_state    usb_host.o
    0x20000199   0x08008240   0x00000003   PAD
    0x2000019c        -       0x00000001   Zero   RW          117    .bss.FMC_Initialized  stm32f4xx_hal_msp.o
    0x2000019d   0x08008240   0x00000003   PAD
    0x200001a0        -       0x000003e4   Zero   RW          147    .bss.hUsbHostHS     usb_host.o
    0x20000584        -       0x00000040   Zero   RW           22    .bss.hdma2d         main.o
    0x200005c4        -       0x00000304   Zero   RW          204    .bss.hhcd_USB_OTG_HS  usbh_conf.o
    0x200008c8        -       0x00000054   Zero   RW           23    .bss.hi2c3          main.o
    0x2000091c        -       0x000000a8   Zero   RW           24    .bss.hltdc          main.o
    0x200009c4        -       0x00000058   Zero   RW           25    .bss.hspi5          main.o
    0x20000a1c        -       0x00000048   Zero   RW           26    .bss.htim1          main.o
    0x20000a64        -       0x00000048   Zero   RW          133    .bss.htim6          stm32f4xx_hal_timebase_tim.o
    0x20000aac        -       0x00000044   Zero   RW           27    .bss.huart1         main.o
    0x20000af0        -       0x0000008c   Zero   RW         2060    .bss.pxReadyTasksLists  tasks.o
    0x20000b7c        -       0x00008000   Zero   RW         2198    .bss.ucHeap         heap_4.o
    0x20008b7c        -       0x00000004   Zero   RW          749    .bss.uwTick         stm32f4xx_hal.o
    0x20008b80        -       0x00000200   Zero   RW           47    .bss.xIdleStack     freertos.o
    0x20008d80        -       0x00000058   Zero   RW           46    .bss.xIdleTaskTCBBuffer  freertos.o
    0x20008dd8        -       0x00000200   Zero   RW            2    HEAP                startup_stm32f429xx.o
    0x20008fd8        -       0x00000400   Zero   RW            1    STACK               startup_stm32f429xx.o


==============================================================================

Image component sizes


      Code (inc. data)   RO Data    RW Data    ZI Data      Debug   Object Name

       388          0          0          0          0      26026   cmsis_os.o
        32          0          0          0        600       2015   freertos.o
       712          0          0          0      32800       5511   heap_4.o
       190          0          0          0          0       2239   list.o
      1486         28         12          0        608      17767   main.o
       994         16          0          4          8       4148   port.o
      2000          0          0          0          0      26381   queue.o
        64         26        428          0       1536        824   startup_stm32f429xx.o
       132          0          0          8          4       7671   stm32f4xx_hal.o
       156          0          0          0          0      10663   stm32f4xx_hal_cortex.o
        42          0          0          0          0       3773   stm32f4xx_hal_crc.o
       564          0          0          0          0      17358   stm32f4xx_hal_dma2d.o
       432          0          0          0          0       5278   stm32f4xx_hal_gpio.o
      2334         34          0          0          0      13288   stm32f4xx_hal_hcd.o
       374          0          0          0          0      53688   stm32f4xx_hal_i2c.o
       124          0          0          0          0       4095   stm32f4xx_hal_i2c_ex.o
       846          0         32          0          0      15870   stm32f4xx_hal_ltdc.o
      1304          0          0          0          1      19348   stm32f4xx_hal_msp.o
      1482          0          0          0          0       7443   stm32f4xx_hal_rcc.o
       584          0          0          0          0       5654   stm32f4xx_hal_rcc_ex.o
        66          0          0          0          0      14548   stm32f4xx_hal_sdram.o
       180          0          0          0          0      26024   stm32f4xx_hal_spi.o
      1364          0          0          0          0      55011   stm32f4xx_hal_tim.o
       186          0          0          0          0      21216   stm32f4xx_hal_tim_ex.o
       188          0          0          0         72       7446   stm32f4xx_hal_timebase_tim.o
       332          0          0          0          0      31693   stm32f4xx_hal_uart.o
        60          0          0          0          0       9371   stm32f4xx_it.o
       342          0          0          0          0      10969   stm32f4xx_ll_fmc.o
      5452         10          0          0          0      32433   stm32f4xx_ll_usb.o
        18          0         24          4          0       2668   system_stm32f4xx.o
      2632          8          0          0        300      30229   tasks.o
       144          0          0          0        997       5982   usb_host.o
       986          8          4         32          0      14102   usbh_cdc.o
       640          0          0          0        772      18577   usbh_conf.o
      1992         84         12          0          0      16029   usbh_core.o
      1580         20          0          0          0      14428   usbh_ctlreq.o
       216          0          0          0          0       8524   usbh_ioreq.o
       270          0          0          0          0       6954   usbh_pipes.o
        20          0          0          0          0       1332   usbh_platform.o

    ----------------------------------------------------------------------
     31198        246        544         48      37704     576576   Object Totals
         0          0         32          0          0          0   (incl. Generated)
       290         12          0          0          6          0   (incl. Padding)

    ----------------------------------------------------------------------

      Code (inc. data)   RO Data    RW Data    ZI Data      Debug   Library Member Name

         8          0          0          0          0         68   __main.o
         0          0          0          0          0          0   __rtentry.o
        12          0          0          0          0          0   __rtentry2.o
         6          0          0          0          0          0   __rtentry4.o
        52          8          0          0          0          0   __scatter.o
        26          0          0          0          0          0   __scatter_copy.o
        28          0          0          0          0          0   __scatter_zi.o
        16          0          0          0          0         68   aeabi_memset4.o
        40          0          0          0          0         80   calloc.o
        10          0          0          0          0         68   defsig_exit.o
        50          0          0          0          0         88   defsig_general.o
        80         58          0          0          0         76   defsig_rtmem_inner.o
        14          0          0          0          0         80   defsig_rtmem_outer.o
        18          0          0          0          0         80   exit.o
        94          0          0          0          0         80   h1_alloc.o
        52          0          0          0          0         68   h1_extend.o
        78          0          0          0          0         80   h1_free.o
        14          0          0          0          0         84   h1_init.o
         6          0          0          0          0        152   heapauxi.o
         4          0          0          0          0        136   hguard.o
         0          0          0          0          0          0   indicate_semi.o
       138          0          0          0          0        168   init_alloc.o
         2          0          0          0          0          0   libinit.o
        14          0          0          0          0          0   libinit2.o
         2          0          0          0          0          0   libshutdown.o
         2          0          0          0          0          0   libshutdown2.o
         8          4          0          0         96         68   libspace.o
       240          0          0          0          0        100   lludivv7m.o
         0          0          0          0          0          0   maybetermalloc1.o
         8          4          0          0          0         68   rt_heap_descriptor_intlibspace.o
        68          0          0          0          0         68   rt_memclr.o
        78          0          0          0          0         80   rt_memclr_w.o
       138          0          0          0          0         68   rt_memcpy_v6.o
       100          0          0          0          0         80   rt_memcpy_w.o
         2          0          0          0          0          0   rtexit.o
        10          0          0          0          0          0   rtexit2.o
        12          4          0          0          0         68   sys_exit.o
        74          0          0          0          0         80   sys_stackheap_outer.o
        14          0          0          0          0         76   sys_wrch.o
         2          0          0          0          0         68   use_no_semi.o
        26          0          0          0          0        116   fpinit.o

    ----------------------------------------------------------------------
      1554         78          0          0         96       2316   Library Totals
         8          0          0          0          0          0   (incl. Padding)

    ----------------------------------------------------------------------

      Code (inc. data)   RO Data    RW Data    ZI Data      Debug   Library Name

      1520         78          0          0         96       2200   c_w.l
        26          0          0          0          0        116   fz_wm.l

    ----------------------------------------------------------------------
      1554         78          0          0         96       2316   Library Totals

    ----------------------------------------------------------------------

==============================================================================


      Code (inc. data)   RO Data    RW Data    ZI Data      Debug   

     32752        324        544         48      37800     576956   Grand Totals
     32752        324        544         48      37800     576956   ELF Image Totals
     32752        324        544         48          0          0   ROM Totals

==============================================================================

    Total RO  Size (Code + RO Data)                33296 (  32.52kB)
    Total RW  Size (RW Data + ZI Data)             37848 (  36.96kB)
    Total ROM Size (Code + RO Data + RW Data)      33344 (  32.56kB)

==============================================================================

